DDR 03ea844c5d typ 24/09/03-10:42:57,fwver: v1.23
ln
wdqs_if: 0x1010100
LP4/4x derate en, other dram:1x trefi
ddrconfig:0
MID:0x1
LPDDR4, 324MHz
BW=32 Col=10 Bk=8 CS0 Row=15 CS=1 Die BW=16 Size=1024MB
tdqss_lf: cs0 dqs0: 24ps, dqs1: -96ps, dqs2: -48ps, dqs3: -168ps, 
tdqss_hf: cs0 dqs0: 24ps, dqs1: -96ps, dqs2: -48ps, dqs3: -168ps, 

change to: 324MHz
PHY drv:clk:38,ca:38,DQ:30,odt:0
vrefinner:41%, vrefout:41%
dram drv:40,odt:0
clk skew:0x62

change to: 528MHz
PHY drv:clk:38,ca:38,DQ:30,odt:0
vrefinner:41%, vrefout:41%
dram drv:40,odt:0
clk skew:0x58

change to: 780MHz
PHY drv:clk:38,ca:38,DQ:30,odt:60
vrefinner:16%, vrefout:41%
dram drv:40,odt:0
clk skew:0x58
rx vref: 17.4%
tx vref: 38.0%

change to: 1056MHz(final freq)
PHY drv:clk:38,ca:38,DQ:30,odt:60
vrefinner:16%, vrefout:29%
dram drv:40,odt:80
vref_ca:00000068
clk skew:0x3f
rx vref: 17.4%
tx vref: 35.0%
cs 0:
rdtrn RS:
DQS0:0x3d, DQS1:0x39, DQS2:0x3d, DQS3:0x3c, 
min  : 0xb  0xe  0xd  0xc  0x1  0x3  0x6  0x3 , 0x8  0x7  0x3  0x1  0x5  0x7  0xb  0x8 ,
       0xf  0xb  0xb  0xa  0x1  0x2  0x1  0x6 , 0x6  0x7  0x6  0x1  0xd 0x11  0xc  0xd ,
mid  :0x29 0x2b 0x2c 0x29 0x1f 0x1f 0x24 0x21 ,0x24 0x24 0x1f 0x1d 0x23 0x25 0x27 0x25 ,
      0x2d 0x2a 0x29 0x28 0x20 0x1f 0x1e 0x22 ,0x24 0x23 0x23 0x1f 0x2a 0x2e 0x2a 0x2b ,
max  :0x47 0x49 0x4b 0x47 0x3d 0x3c 0x42 0x40 ,0x40 0x41 0x3c 0x3a 0x41 0x43 0x44 0x43 ,
      0x4c 0x4a 0x47 0x46 0x40 0x3d 0x3b 0x3f ,0x43 0x40 0x40 0x3d 0x48 0x4b 0x48 0x49 ,
range:0x3c 0x3b 0x3e 0x3b 0x3c 0x39 0x3c 0x3d ,0x38 0x3a 0x39 0x39 0x3c 0x3c 0x39 0x3b ,
      0x3d 0x3f 0x3c 0x3c 0x3f 0x3b 0x3a 0x39 ,0x3d 0x39 0x3a 0x3c 0x3b 0x3a 0x3c 0x3c ,
wrtrn RS:
DQS0:0x42, DQS1:0x33, DQS2:0x39, DQS3:0x29, 
min  :0x57 0x57 0x57 0x56 0x4b 0x4f 0x51 0x51 0x4e ,0x49 0x4a 0x46 0x43 0x48 0x4d 0x4e 0x4e 0x4c ,
      0x50 0x4e 0x4e 0x4c 0x45 0x48 0x46 0x4b 0x4c ,0x3c 0x3b 0x39 0x34 0x42 0x45 0x3f 0x45 0x3c ,
mid  :0x72 0x74 0x74 0x72 0x67 0x6b 0x6e 0x6d 0x6a ,0x63 0x64 0x5e 0x5c 0x64 0x66 0x67 0x66 0x64 ,
      0x6d 0x6b 0x69 0x68 0x61 0x5f 0x60 0x65 0x66 ,0x56 0x54 0x53 0x4e 0x5e 0x60 0x5b 0x60 0x56 ,
max  :0x8e 0x91 0x92 0x8f 0x84 0x87 0x8b 0x89 0x87 ,0x7d 0x7f 0x76 0x76 0x80 0x7f 0x81 0x7e 0x7c ,
      0x8a 0x89 0x85 0x84 0x7d 0x77 0x7b 0x7f 0x80 ,0x71 0x6e 0x6d 0x69 0x7a 0x7b 0x77 0x7b 0x71 ,
range:0x37 0x3a 0x3b 0x39 0x39 0x38 0x3a 0x38 0x39 ,0x34 0x35 0x30 0x33 0x38 0x32 0x33 0x30 0x30 ,
      0x3a 0x3b 0x37 0x38 0x38 0x2f 0x35 0x34 0x34 ,0x35 0x33 0x34 0x35 0x38 0x36 0x38 0x36 0x35 ,
CBT RS:
cs:0 min  :0x47 0x3e 0x3f 0x32 0x3c 0x32 0x3c ,0x47 0x3d 0x3b 0x35 0x3c 0x31 0x3b ,
cs:0 mid  :0x82 0x80 0x7a 0x75 0x76 0x75 0x67 ,0x80 0x7f 0x76 0x78 0x76 0x73 0x66 ,
cs:0 max  :0xbd 0xc2 0xb5 0xb8 0xb1 0xb8 0x93 ,0xba 0xc2 0xb1 0xbc 0xb1 0xb5 0x92 ,
cs:0 range:0x76 0x84 0x76 0x86 0x75 0x86 0x57 ,0x73 0x85 0x76 0x87 0x75 0x84 0x57 ,
out

U-Boot SPL 2026.01 (Feb 23 2026 - 04:45:17 +0000)
Trying to boot from MMC2
## Checking hash(es) for config config-1 ... OK
## Checking hash(es) for Image atf-1 ... sha256+ OK
## Checking hash(es) for Image u-boot ... sha256+ OK
## Checking hash(es) for Image fdt-1 ... sha256+ OK
## Checking hash(es) for Image atf-2 ... sha256+ OK
## Checking hash(es) for Image atf-3 ... sha256+ OK
## Checking hash(es) for Image atf-4 ... sha256+ OK
## Checking hash(es) for Image atf-5 ... sha256+ OK
## Checking hash(es) for Image atf-6 ... sha256+ OK
## Checking hash(es) for Image tee-1 ... sha256+ OK
INFO:    Preloader serial: 2
NOTICE:  BL31: v2.3():v2.3-645-g8cea6ab0b:cl, fwver: v1.44
NOTICE:  BL31: Built : 16:36:43, Sep 19 2023
INFO:    GICv3 without legacy support detected.
INFO:    ARM GICv3 driver initialized in EL3
INFO:    pmu v1 is valid 220114
INFO:    l3 cache partition cfg-0
INFO:    dfs DDR fsp_param[0].freq_mhz= 1056MHz
INFO:    dfs DDR fsp_param[1].freq_mhz= 324MHz
INFO:    dfs DDR fsp_param[2].freq_mhz= 528MHz
INFO:    dfs DDR fsp_param[3].freq_mhz= 780MHz
INFO:    Using opteed sec cpu_context!
INFO:    boot cpu mask: 0
INFO:    BL31: Initializing runtime services
INFO:    BL31: Initializing BL32
I/TC: 
I/TC: OP-TEE version: 3.13.0-860-g6c78a7d8c #hisping.lin (gcc version 10.2.1 20201103 (GNU Toolchain for the A-profile Architecture 10.2-2020.11 (arm-10.16))) #2 Mon Sep  2 09:47:08 CST 2024 aarch64, fwver: v2.14 
I/TC: OP-TEE memory: TEEOS 0x200000 TA 0xc00000 SHM 0x200000
I/TC: Primary CPU initializing
I/TC: CRYPTO_CRYPTO_VERSION_NEW no support. Skip all algo mode check.
I/TC: Primary CPU switching to normal world boot
INFO:    BL31: Preparing for EL3 exit to normal world
INFO:    Entry point address = 0x800000
INFO:    SPSR = 0x3c9


U-Boot 2026.01 (Feb 23 2026 - 04:45:17 +0000)

Model: Pine64 Quartz64 Model A
SoC:   RK3566
DRAM:  1 GiB (total 1022 MiB)
PMIC:  RK817 (on=0x80, off=0x04)
Core:  323 devices, 28 uclasses, devicetree: separate
MMC:   mmc@fe2b0000: 1, mmc@fe2c0000: 2, mmc@fe310000: 0
Loading Environment from nowhere... OK
In:    serial@fe660000
Out:   serial@fe660000
Err:   serial@fe660000
Model: Pine64 Quartz64 Model A
SoC:   RK3566
Net:   eth0: ethernet@fe010000
Hit any key to stop autoboot:  2 Hit any key to stop autoboot: 1Hit any key to stop autoboot: 0
Scanning for bootflows in all bootdevs
Seq  Method       State   Uclass    Part  Name                      Filename
---  -----------  ------  --------  ----  ------------------------  ----------------
Scanning global bootmeth 'efi_mgr':
Card did not respond to voltage select! : -110
Card did not respond to voltage select! : -110
Cannot persist EFI variables without system partition
  0  efi_mgr      ready   (none)       0  <NULL>                    
** Booting bootflow '<NULL>' with efi_mgr
Loading Boot0000 'mmc 1' failed
EFI boot manager: Cannot load any image
Boot failed (err=-14)
Scanning bootdev 'mmc@fe2b0000.bootdev':
  1  extlinux     ready   mmc          1  mmc@fe2b0000.bootdev.part /extlinux/extlinux.conf
** Booting bootflow 'mmc@fe2b0000.bootdev.part_1' with extlinux
1:	ROCKNIX
Retrieving file: /KERNEL
append: boot=LABEL=ROCKNIX disk=LABEL=STORAGE console=ttyS2,1500000 console=tty0 systemd.debug_shell=ttyS2
Retrieving file: /device_trees/rk3566-miyoo-flip.dtb
## Flattened Device Tree blob at 12000000
   Booting using the fdt blob at 0x12000000
Working FDT set to 12000000
   Loading Device Tree to 000000003ce97000, end 000000003ceb8799 ... OK
Working FDT set to 3ce97000

Starting kernel ...

I/TC: Secondary CPU 1 initializing
I/TC: Secondary CPU 1 switching to normal world boot
I/TC: Secondary CPU 2 initializing
I/TC: Secondary CPU 2 switching to normal world boot
I/TC: Secondary CPU 3 initializing
I/TC: Secondary CPU 3 switching to normal world boot
[    0.000000] Booting Linux on physical CPU 0x0000000000 [0x412fd050]
[    0.000000] Linux version 6.18.13 (docker@8e09913c5d23) (aarch64-rocknix-linux-gnu-gcc-14.2.0 (GCC) 14.2.0, GNU ld (GNU Binutils) 2.44) #1 SMP PREEMPT Fri Feb 27 05:15:33 UTC 2026
[    0.000000] KASLR enabled
[    0.000000] Machine model: Miyoo Flip
[    0.000000] Reserved memory: created CMA memory pool at 0x000000002cc00000, size 256 MiB
[    0.000000] OF: reserved mem: initialized node linux,cma, compatible id shared-dma-pool
[    0.000000] OF: reserved mem: 0x000000002cc00000..0x000000003cbfffff (262144 KiB) map reusable linux,cma
[    0.000000] OF: reserved mem: 0x000000000010f000..0x000000000010f0ff (0 KiB) nomap non-reusable shmem@10f000
[    0.000000] OF: reserved mem: 0x0000000008400000..0x00000000093fffff (16384 KiB) nomap non-reusable optee@8400000
[    0.000000] Zone ranges:
[    0.000000]   DMA      [mem 0x0000000000200000-0x000000003fffffff]
[    0.000000]   DMA32    empty
[    0.000000]   Normal   empty
[    0.000000] Movable zone start for each node
[    0.000000] Early memory node ranges
[    0.000000]   node   0: [mem 0x0000000000200000-0x00000000083fffff]
[    0.000000]   node   0: [mem 0x0000000008400000-0x00000000093fffff]
[    0.000000]   node   0: [mem 0x0000000009400000-0x000000003fffffff]
[    0.000000] Initmem setup node 0 [mem 0x0000000000200000-0x000000003fffffff]
[    0.000000] On node 0, zone DMA: 512 pages in unavailable ranges
[    0.000000] psci: probing for conduit method from DT.
[    0.000000] psci: PSCIv1.1 detected in firmware.
[    0.000000] psci: Using standard PSCI v0.2 function IDs
[    0.000000] psci: Trusted OS migration not required
[    0.000000] psci: SMC Calling Convention v1.2
[    0.000000] percpu: Embedded 22 pages/cpu s52904 r8192 d29016 u90112
[    0.000000] Detected VIPT I-cache on CPU0
[    0.000000] CPU features: detected: GICv3 CPU interface
[    0.000000] CPU features: detected: Virtualization Host Extensions
[    0.000000] CPU features: kernel page table isolation disabled by kernel configuration
[    0.000000] CPU features: detected: Qualcomm erratum 1009, or ARM erratum 1286807, 2441009
[    0.000000] CPU features: detected: ARM errata 1165522, 1319367, or 1530923
[    0.000000] alternatives: applying boot alternatives
[    0.000000] Kernel command line: boot=LABEL=ROCKNIX disk=LABEL=STORAGE console=ttyS2,1500000 console=tty0 systemd.debug_shell=ttyS2
[    0.000000] Unknown kernel command line parameters "boot=LABEL=ROCKNIX disk=LABEL=STORAGE", will be passed to user space.
[    0.000000] printk: log buffer data + meta data: 262144 + 917504 = 1179648 bytes
[    0.000000] Dentry cache hash table entries: 131072 (order: 8, 1048576 bytes, linear)
[    0.000000] Inode-cache hash table entries: 65536 (order: 7, 524288 bytes, linear)
[    0.000000] software IO TLB: SWIOTLB bounce buffer size adjusted to 0MB
[    0.000000] software IO TLB: area num 4.
[    0.000000] software IO TLB: mapped [mem 0x000000003ea00000-0x000000003eb00000] (1MB)
[    0.000000] Built 1 zonelists, mobility grouping on.  Total pages: 261632
[    0.000000] mem auto-init: stack:off, heap alloc:on, heap free:on
[    0.000000] mem auto-init: clearing system memory may take some time...
[    0.000000] SLUB: HWalign=64, Order=0-3, MinObjects=0, CPUs=4, Nodes=1
[    0.000000] rcu: Preemptible hierarchical RCU implementation.
[    0.000000] 	Trampoline variant of Tasks RCU enabled.
[    0.000000] 	Tracing variant of Tasks RCU enabled.
[    0.000000] rcu: RCU calculated value of scheduler-enlistment delay is 25 jiffies.
[    0.000000] RCU Tasks: Setting shift to 2 and lim to 1 rcu_task_cb_adjust=1 rcu_task_cpu_ids=4.
[    0.000000] RCU Tasks Trace: Setting shift to 2 and lim to 1 rcu_task_cb_adjust=1 rcu_task_cpu_ids=4.
[    0.000000] NR_IRQS: 64, nr_irqs: 64, preallocated irqs: 0
[    0.000000] GIC: enabling workaround for GICv3: non-coherent attribute
[    0.000000] GICv3: GIC: Using split EOI/Deactivate mode
[    0.000000] GICv3: 320 SPIs implemented
[    0.000000] GICv3: 0 Extended SPIs implemented
[    0.000000] GICv3: MBI range [296:319]
[    0.000000] GICv3: Using MBI frame 0x00000000fd410000
[    0.000000] Root IRQ handler: gic_handle_irq
[    0.000000] GICv3: GICv3 features: 16 PPIs
[    0.000000] GICv3: GICD_CTLR.DS=0, SCR_EL3.FIQ=1
[    0.000000] GICv3: CPU0: found redistributor 0 region 0:0x00000000fd460000
[    0.000000] ITS [mem 0xfd440000-0xfd45ffff]
[    0.000000] GIC: enabling workaround for ITS: Rockchip erratum RK3568002
[    0.000000] GIC: enabling workaround for ITS: non-coherent attribute
[    0.000000] ITS@0x00000000fd440000: allocated 8192 Devices @450000 (indirect, esz 8, psz 64K, shr 0)
[    0.000000] ITS@0x00000000fd440000: allocated 32768 Interrupt Collections @460000 (flat, esz 2, psz 64K, shr 0)
[    0.000000] ITS: using cache flushing for cmd queue
[    0.000000] GICv3: using LPI property table @0x0000000000470000
[    0.000000] GIC: using cache flushing for LPI property table
[    0.000000] GICv3: CPU0: using allocated LPI pending table @0x0000000000480000
[    0.000000] rcu: srcu_init: Setting srcu_struct sizes based on contention.
[    0.000000] arch_timer: cp15 timer running at 24.00MHz (phys).
[    0.000000] clocksource: arch_sys_counter: mask: 0xffffffffffffff max_cycles: 0x588fe9dc0, max_idle_ns: 440795202592 ns
[    0.000000] sched_clock: 56 bits at 24MHz, resolution 41ns, wraps every 4398046511097ns
[    0.001359] Console: colour dummy device 80x25
[    0.001385] printk: legacy console [tty0] enabled
[    0.002225] Calibrating delay loop (skipped), value calculated using timer frequency.. 48.00 BogoMIPS (lpj=96000)
[    0.002267] pid_max: default: 32768 minimum: 301
[    0.002425] LSM: initializing lsm=capability
[    0.002611] Mount-cache hash table entries: 2048 (order: 2, 16384 bytes, linear)
[    0.002649] Mountpoint-cache hash table entries: 2048 (order: 2, 16384 bytes, linear)
[    0.006375] rcu: Hierarchical SRCU implementation.
[    0.006419] rcu: 	Max phase no-delay instances is 1000.
[    0.006887] Timer migration: 1 hierarchy levels; 8 children per group; 1 crossnode level
[    0.007979] smp: Bringing up secondary CPUs ...
[    0.009699] Detected VIPT I-cache on CPU1
[    0.009868] GICv3: CPU1: found redistributor 100 region 0:0x00000000fd480000
[    0.009894] GICv3: CPU1: using allocated LPI pending table @0x0000000000490000
[    0.009956] CPU1: Booted secondary processor 0x0000000100 [0x412fd050]
[    0.011765] Detected VIPT I-cache on CPU2
[    0.011917] GICv3: CPU2: found redistributor 200 region 0:0x00000000fd4a0000
[    0.011941] GICv3: CPU2: using allocated LPI pending table @0x00000000004a0000
[    0.011988] CPU2: Booted secondary processor 0x0000000200 [0x412fd050]
[    0.013779] Detected VIPT I-cache on CPU3
[    0.013929] GICv3: CPU3: found redistributor 300 region 0:0x00000000fd4c0000
[    0.013953] GICv3: CPU3: using allocated LPI pending table @0x00000000004b0000
[    0.014000] CPU3: Booted secondary processor 0x0000000300 [0x412fd050]
[    0.014173] smp: Brought up 1 node, 4 CPUs
[    0.014341] SMP: Total of 4 processors activated.
[    0.014358] CPU: All CPU(s) started at EL2
[    0.014375] CPU features: detected: 32-bit EL0 Support
[    0.014393] CPU features: detected: Data cache clean to the PoU not required for I/D coherence
[    0.014417] CPU features: detected: Common not Private translations
[    0.014436] CPU features: detected: CRC32 instructions
[    0.014452] CPU features: detected: Data cache clean to Point of Persistence
[    0.014478] CPU features: detected: RCpc load-acquire (LDAPR)
[    0.014496] CPU features: detected: LSE atomic instructions
[    0.014514] CPU features: detected: Privileged Access Never
[    0.014532] CPU features: detected: PMUv3
[    0.014547] CPU features: detected: RAS Extension Support
[    0.014571] CPU features: detected: Speculative Store Bypassing Safe (SSBS)
[    0.014667] alternatives: applying system-wide alternatives
[    0.019736] CPU features: detected: Hardware dirty bit management on CPU0-3
[    0.020248] Memory: 712080K/1046528K available (16128K kernel code, 1966K rwdata, 5800K rodata, 4416K init, 542K bss, 67532K reserved, 262144K cma-reserved)
[    0.021315] devtmpfs: initialized
[    0.046357] clocksource: jiffies: mask: 0xffffffff max_cycles: 0xffffffff, max_idle_ns: 7645041785100000 ns
[    0.046451] posixtimers hash table entries: 2048 (order: 4, 65536 bytes, linear)
[    0.046601] futex hash table entries: 1024 (65536 bytes on 1 NUMA nodes, total 64 KiB, linear).
[    0.138580] 2G module region forced by RANDOMIZE_MODULE_REGION_FULL
[    0.138669] 0 pages in range for non-PLT usage
[    0.138679] 517040 pages in range for PLT usage
[    0.138989] pinctrl core: initialized pinctrl subsystem
[    0.143742] NET: Registered PF_NETLINK/PF_ROUTE protocol family
[    0.146473] DMA: preallocated 128 KiB GFP_KERNEL pool for atomic allocations
[    0.147676] DMA: preallocated 128 KiB GFP_KERNEL|GFP_DMA pool for atomic allocations
[    0.149176] DMA: preallocated 128 KiB GFP_KERNEL|GFP_DMA32 pool for atomic allocations
[    0.151057] thermal_sys: Registered thermal governor 'fair_share'
[    0.151070] thermal_sys: Registered thermal governor 'step_wise'
[    0.151211] cpuidle: using governor ladder
[    0.151297] cpuidle: using governor menu
[    0.151528] hw-breakpoint: found 6 breakpoint and 4 watchpoint registers.
[    0.151730] ASID allocator initialised with 65536 entries
[    0.151974] Serial: AMBA PL011 UART driver
[    0.167709] /vop@fe040000: Fixed dependency cycle(s) with /dsi@fe060000
[    0.167870] /dsi@fe060000: Fixed dependency cycle(s) with /dsi@fe060000/panel@0
[    0.167918] /dsi@fe060000: Fixed dependency cycle(s) with /vop@fe040000
[    0.168131] /dsi@fe060000/panel@0: Fixed dependency cycle(s) with /dsi@fe060000
[    0.168702] /vop@fe040000: Fixed dependency cycle(s) with /hdmi@fe0a0000
[    0.168837] /hdmi@fe0a0000: Fixed dependency cycle(s) with /vop@fe040000
[    0.196854] gpio gpiochip0: Static allocation of GPIO base is deprecated, use dynamic allocation.
[    0.197971] rockchip-gpio fdd60000.gpio: probed /pinctrl/gpio@fdd60000
[    0.198612] gpio gpiochip1: Static allocation of GPIO base is deprecated, use dynamic allocation.
[    0.199118] rockchip-gpio fe740000.gpio: probed /pinctrl/gpio@fe740000
[    0.199596] gpio gpiochip2: Static allocation of GPIO base is deprecated, use dynamic allocation.
[    0.200092] rockchip-gpio fe750000.gpio: probed /pinctrl/gpio@fe750000
[    0.200572] gpio gpiochip3: Static allocation of GPIO base is deprecated, use dynamic allocation.
[    0.201047] rockchip-gpio fe760000.gpio: probed /pinctrl/gpio@fe760000
[    0.201621] gpio gpiochip4: Static allocation of GPIO base is deprecated, use dynamic allocation.
[    0.202153] rockchip-gpio fe770000.gpio: probed /pinctrl/gpio@fe770000
[    0.282475] raid6: neonx8   gen()  1481 MB/s
[    0.350685] raid6: neonx4   gen()  1475 MB/s
[    0.418905] raid6: neonx2   gen()  1386 MB/s
[    0.487093] raid6: neonx1   gen()  1123 MB/s
[    0.555314] raid6: int64x8  gen()   908 MB/s
[    0.623529] raid6: int64x4  gen()  1043 MB/s
[    0.691753] raid6: int64x2  gen()   946 MB/s
[    0.759968] raid6: int64x1  gen()   685 MB/s
[    0.759995] raid6: using algorithm neonx8 gen() 1481 MB/s
[    0.828137] raid6: .... xor() 1148 MB/s, rmw enabled
[    0.828163] raid6: using neon recovery algorithm
[    0.829954] iommu: Default domain type: Translated
[    0.829994] iommu: DMA domain TLB invalidation policy: strict mode
[    0.830909] SCSI subsystem initialized
[    0.831233] usbcore: registered new interface driver usbfs
[    0.831316] usbcore: registered new interface driver hub
[    0.831399] usbcore: registered new device driver usb
[    0.831900] mc: Linux media interface: v0.10
[    0.831987] videodev: Linux video capture interface: v2.00
[    0.832138] pps_core: LinuxPPS API ver. 1 registered
[    0.832163] pps_core: Software ver. 5.3.6 - Copyright 2005-2007 Rodolfo Giometti <giometti@linux.it>
[    0.832208] PTP clock support registered
[    0.832436] scmi_core: SCMI protocol bus registered
[    0.833028] Advanced Linux Sound Architecture Driver Initialized.
[    0.834828] clocksource: Switched to clocksource arch_sys_counter
[    0.850428] NET: Registered PF_INET protocol family
[    0.850644] IP idents hash table entries: 16384 (order: 5, 131072 bytes, linear)
[    0.852270] tcp_listen_portaddr_hash hash table entries: 512 (order: 2, 16384 bytes, linear)
[    0.852338] Table-perturb hash table entries: 65536 (order: 6, 262144 bytes, linear)
[    0.852466] TCP established hash table entries: 8192 (order: 4, 65536 bytes, linear)
[    0.852581] TCP bind hash table entries: 8192 (order: 7, 524288 bytes, linear)
[    0.853074] TCP: Hash tables configured (established 8192 bind 8192)
[    0.853246] UDP hash table entries: 512 (order: 5, 81920 bytes, linear)
[    0.853397] UDP-Lite hash table entries: 512 (order: 5, 81920 bytes, linear)
[    0.853787] NET: Registered PF_UNIX/PF_LOCAL protocol family
[    0.854597] RPC: Registered named UNIX socket transport module.
[    0.854627] RPC: Registered udp transport module.
[    0.854645] RPC: Registered tcp transport module.
[    0.854662] RPC: Registered tcp-with-tls transport module.
[    0.854679] RPC: Registered tcp NFSv4.1 backchannel transport module.
[    0.856411] ARM FF-A: FFA_VERSION returned not supported
[    0.860364] Initialise system trusted keyrings
[    0.860841] workingset: timestamp_bits=46 max_order=18 bucket_order=0
[    0.861319] squashfs: version 4.0 (2009/01/31) Phillip Lougher
[    0.862374] fuse: init (API version 7.45)
[    0.863004] SGI XFS with security attributes, no debug enabled
[    0.865299] cryptd: max_cpu_qlen set to 1000
[    0.942066] NET: Registered PF_ALG protocol family
[    0.942203] xor: measuring software checksum speed
[    0.944234]    8regs           :  1635 MB/sec
[    0.946231]    32regs          :  1665 MB/sec
[    0.948229]    arm64_neon      :  1659 MB/sec
[    0.948253] xor: using function: 32regs (1665 MB/sec)
[    0.948288] Key type asymmetric registered
[    0.948308] Asymmetric key parser 'x509' registered
[    0.948478] Block layer SCSI generic (bsg) driver version 0.4 loaded (major 243)
[    0.948516] io scheduler mq-deadline registered
[    0.959603] ledtrig-cpu: registered to indicate activity on CPUs
[    0.966089] dma-pl330 fe530000.dma-controller: Loaded driver for PL330 DMAC-241330
[    0.966146] dma-pl330 fe530000.dma-controller: 	DBUFF-128x8bytes Num_Chans-8 Num_Peri-32 Num_Events-16
[    0.969318] dma-pl330 fe550000.dma-controller: Loaded driver for PL330 DMAC-241330
[    0.969361] dma-pl330 fe550000.dma-controller: 	DBUFF-128x8bytes Num_Chans-8 Num_Peri-32 Num_Events-16
[    0.971970] Serial: 8250/16550 driver, 5 ports, IRQ sharing enabled
[    0.976755] fe650000.serial: ttyS1 at MMIO 0xfe650000 (irq = 25, base_baud = 1500000) is a 16550A
[    0.978628] fe660000.serial: ttyS2 at MMIO 0xfe660000 (irq = 26, base_baud = 1500000) is a 16550A
[    0.978773] printk: legacy console [ttyS2] enabled
[    1.099331] platform fdea0000.video-codec: Adding to iommu group 0
[    1.101656] platform fdee0000.video-codec: Adding to iommu group 1
[    1.103867] platform fe040000.vop: Adding to iommu group 2
[    1.108848] /dsi@fe060000: Fixed dependency cycle(s) with /dsi@fe060000/panel@0
[    1.109726] /dsi@fe060000/panel@0: Fixed dependency cycle(s) with /dsi@fe060000
[    1.117225] brd: module loaded
[    1.125341] loop: module loaded
[    1.129022] usbcore: registered new interface driver rtl8150
[    1.129602] usbcore: registered new device driver r8152-cfgselector
[    1.130240] usbcore: registered new interface driver r8152
[    1.130870] usbcore: registered new interface driver asix
[    1.131453] usbcore: registered new interface driver ax88179_178a
[    1.132078] usbcore: registered new interface driver cdc_ether
[    1.132688] usbcore: registered new interface driver rndis_host
[    1.133301] usbcore: registered new interface driver cdc_ncm
[    1.133884] usbcore: registered new interface driver qmi_wwan
[    1.134482] usbcore: registered new interface driver cdc_mbim
[    1.135169] usbcore: registered new interface driver r8153_ecm
[    1.138782] usbcore: registered new interface driver cdc_acm
[    1.139357] cdc_acm: USB Abstract Control Model driver for USB modems and ISDN adapters
[    1.140155] usbcore: registered new interface driver cdc_wdm
[    1.141049] usbcore: registered new interface driver uas
[    1.141622] usbcore: registered new interface driver usb-storage
[    1.142234] usbcore: registered new interface driver ums-alauda
[    1.142952] usbcore: registered new interface driver ums-datafab
[    1.143582] usbcore: registered new interface driver ums_eneub6250
[    1.144212] usbcore: registered new interface driver ums-freecom
[    1.144823] usbcore: registered new interface driver ums-isd200
[    1.145427] usbcore: registered new interface driver ums-jumpshot
[    1.146052] usbcore: registered new interface driver ums-karma
[    1.146648] usbcore: registered new interface driver ums-onetouch
[    1.147319] usbcore: registered new interface driver ums-realtek
[    1.147936] usbcore: registered new interface driver ums-sddr09
[    1.148567] usbcore: registered new interface driver ums-sddr55
[    1.149174] usbcore: registered new interface driver ums-usbat
[    1.150598] usbcore: registered new interface driver usbtouchscreen
[    1.152400] i2c_dev: i2c /dev entries driver
[    1.155608] fan53555-regulator 0-0040: FAN53555 Option[8] Rev[1] Detected!
[    1.256547] boost: Bringing 4700000uV into 5000000-5000000uV
[    1.268894] input: rk805 pwrkey as /devices/platform/fdd40000.i2c/i2c-0/0-0020/rk805-pwrkey.2.auto/input/input0
[    1.282142] rk808-rtc rk808-rtc.3.auto: registered as rtc0
[    1.285384] rk808-rtc rk808-rtc.3.auto: setting system clock to 2026-02-27T05:28:42 UTC (1772170122)
[    1.320988] sdhci: Secure Digital Host Controller Interface driver
[    1.321578] sdhci: Copyright(c) Pierre Ossman
[    1.321990] Synopsys Designware Multimedia Card Interface Driver
[    1.323233] sdhci-pltfm: SDHCI platform and OF driver helper
[    1.324441] dwmmc_rockchip fe2b0000.mmc: IDMAC supports 32-bit address mode.
[    1.324547] dwmmc_rockchip fe2c0000.mmc: IDMAC supports 32-bit address mode.
[    1.325135] dwmmc_rockchip fe2b0000.mmc: Using internal DMA controller.
[    1.325802] dwmmc_rockchip fe2c0000.mmc: Using internal DMA controller.
[    1.325944] arm-scmi arm-scmi.7.auto: Using scmi_smc_transport
[    1.325960] arm-scmi arm-scmi.7.auto: SCMI max-rx-timeout: 30ms / max-msg-size: 104bytes / max-msg: 20
[    1.326177] scmi_protocol scmi_dev.1: Enabled polling mode TX channel - prot_id:16
[    1.326342] dwmmc_rockchip fe2b0000.mmc: Version ID is 270a
[    1.326371] dwmmc_rockchip fe2c0000.mmc: Version ID is 270a
[    1.326448] dwmmc_rockchip fe2c0000.mmc: DW MMC controller at irq 59,32 bit host data width,256 deep fifo
[    1.326519] arm-scmi arm-scmi.7.auto: SCMI Notifications - Core Enabled.
[    1.326599] arm-scmi arm-scmi.7.auto: SCMI Protocol v2.0 'rockchip:' Firmware version 0x0
[    1.326691] arm-scmi arm-scmi.7.auto: Enabling SCMI Quirk [quirk_clock_rates_triplet_out_of_spec]
[    1.327063] dwmmc_rockchip fe2b0000.mmc: DW MMC controller at irq 58,32 bit host data width,256 deep fifo
[    1.327894] SMCCC: SOC_ID: ARCH_SOC_ID not implemented, skipping ....
[    1.328728] hid: raw HID events driver (C) Jiri Kosina
[    1.336723] usbcore: registered new interface driver usbhid
[    1.337255] usbhid: USB HID core driver
[    1.338640] rk3568-dmc dmc: ATF DDR version 0x102
[    1.346928] mmc_host mmc1: Bus speed (slot 0) = 375000Hz (slot req 400000Hz, actual 375000HZ div = 0)
[    1.348643] hw perfevents: enabled with armv8_cortex_a55 PMU driver, 7 (0,8000003f) counters available
[    1.348682] mmc_host mmc0: Bus speed (slot 0) = 375000Hz (slot req 400000Hz, actual 375000HZ div = 0)
[    1.353082] usbcore: registered new interface driver snd-usb-audio
[    1.361864] u32 classifier
[    1.362155]     input device check on
[    1.363054] Initializing XFRM netlink socket
[    1.363549] NET: Registered PF_INET6 protocol family
[    1.365589] Segment Routing with IPv6
[    1.366029] In-situ OAM (IOAM) with IPv6
[    1.366534] sit: IPv6, IPv4 and MPLS over IPv4 tunneling driver
[    1.367913] NET: Registered PF_PACKET protocol family
[    1.368406] NET: Registered PF_KEY protocol family
[    1.368911] 8021q: 802.1Q VLAN Support v1.8
[    1.369742] Key type dns_resolver registered
[    1.387555] Loading compiled-in X.509 certificates
[    1.404589] Btrfs loaded, zoned=no, fsverity=no
[    1.458577] panel-generic-dsi fe060000.dsi.0: lanes 2, format 0, mode e03
[    1.460321] rockchip-drm display-subsystem: bound fe040000.vop (ops vop2_component_ops)
[    1.462787] dwhdmi-rockchip fe0a0000.hdmi: Detected HDMI TX controller v2.11a with HDCP (DWC HDMI 2.0 TX PHY)
[    1.464798] dwhdmi-rockchip fe0a0000.hdmi: registered DesignWare HDMI I2C bus driver
[    1.467438] rockchip-drm display-subsystem: bound fe0a0000.hdmi (ops dw_hdmi_rockchip_ops)
[    1.468938] rockchip-drm display-subsystem: bound fe060000.dsi (ops dw_mipi_dsi_rockchip_ops)
[    1.471552] [drm] Initialized rockchip 1.0.0 for display-subsystem on minor 0
[    1.608849] mmc_host mmc0: Bus speed (slot 0) = 150000000Hz (slot req 150000000Hz, actual 150000000HZ div = 0)
[    1.644502] dwmmc_rockchip fe2b0000.mmc: Successfully tuned phase to 228
[    1.646514] mmc0: new UHS-I speed SDR104 SDXC card at address 544c
[    1.647875] mmcblk0: mmc0:544c USD00 58.9 GiB
[    1.651217]  mmcblk0: p1 p2
[    2.813162] Console: switching to colour frame buffer device 80x30
[    2.852929] rockchip-drm display-subsystem: [drm] fb0: rockchipdrmfb frame buffer device
[    2.869061] xhci-hcd xhci-hcd.11.auto: xHCI Host Controller
[    2.871348] xhci-hcd xhci-hcd.11.auto: new USB bus registered, assigned bus number 1
[    2.874385] xhci-hcd xhci-hcd.11.auto: hcc params 0x0220fe64 hci version 0x110 quirks 0x0000808002000010
[    2.877560] xhci-hcd xhci-hcd.11.auto: irq 68, io mem 0xfd000000
[    2.880673] xhci-hcd xhci-hcd.11.auto: xHCI Host Controller
[    2.883051] xhci-hcd xhci-hcd.11.auto: new USB bus registered, assigned bus number 2
[    2.886024] xhci-hcd xhci-hcd.11.auto: Host supports USB 3.0 SuperSpeed
[    2.888140] usb usb1: New USB device found, idVendor=1d6b, idProduct=0002, bcdDevice= 6.18
[    2.891134] usb usb1: New USB device strings: Mfr=3, Product=2, SerialNumber=1
[    2.893990] usb usb1: Product: xHCI Host Controller
[    2.895581] usb usb1: Manufacturer: Linux 6.18.13 xhci-hcd
[    2.897164] usb usb1: SerialNumber: xhci-hcd.11.auto
[    2.900967] hub 1-0:1.0: USB hub found
[    2.902538] hub 1-0:1.0: 1 port detected
[    2.904717] usb usb2: We don't know the algorithms for LPM for this host, disabling LPM.
[    2.907816] usb usb2: New USB device found, idVendor=1d6b, idProduct=0003, bcdDevice= 6.18
[    2.910645] usb usb2: New USB device strings: Mfr=3, Product=2, SerialNumber=1
[    2.914520] usb usb2: Product: xHCI Host Controller
[    2.916166] usb usb2: Manufacturer: Linux 6.18.13 xhci-hcd
[    2.917736] usb usb2: SerialNumber: xhci-hcd.11.auto
[    2.920382] hub 2-0:1.0: USB hub found
[    2.921881] hub 2-0:1.0: 1 port detected
[    2.925548] ehci-platform fd880000.usb: EHCI Host Controller
[    2.925638] ohci-platform fd8c0000.usb: Generic Platform OHCI controller
[    2.927577] ehci-platform fd880000.usb: new USB bus registered, assigned bus number 3
[    2.928398] ohci-platform fd8c0000.usb: new USB bus registered, assigned bus number 4
[    2.930233] ehci-platform fd880000.usb: irq 69, io mem 0xfd880000
[    2.932333] ohci-platform fd8c0000.usb: irq 70, io mem 0xfd8c0000
[    2.937256] rk3568-dmc dmc: ATF DDR version 0x102
[    2.939968] rk3568-dmc dmc: Boot DDR rate: 1056000000 Hz
[    2.941461] rk3568-dmc dmc: ATF FSP[0]: 324000000 Hz
[    2.942504] rk3568-dmc dmc: ATF FSP[1]: 528000000 Hz
[    2.943559] rk3568-dmc dmc: ATF FSP[2]: 780000000 Hz
[    2.944554] rk3568-dmc dmc: ATF FSP[3]: 1056000000 Hz
[    2.946382] rk3568-dmc dmc: DDR devfreq enabled: 1056000000 Hz, 900000 uV
[    2.946905] ehci-platform fd880000.usb: USB 2.0 started, EHCI 1.00
[    2.949136] usb usb3: New USB device found, idVendor=1d6b, idProduct=0002, bcdDevice= 6.18
[    2.951095] usb usb3: New USB device strings: Mfr=3, Product=2, SerialNumber=1
[    2.952914] usb usb3: Product: EHCI Host Controller
[    2.954017] usb usb3: Manufacturer: Linux 6.18.13 ehci_hcd
[    2.955132] usb usb3: SerialNumber: fd880000.usb
[    2.956698] hub 3-0:1.0: USB hub found
[    2.957651] hub 3-0:1.0: 1 port detected
[    2.987164] input: rk817_ext Headphones as /devices/platform/rk817-sound/sound/card1/input1
[    2.991152] input: gpio-keys as /devices/platform/gpio-keys/input/input2
[    2.993293] cfg80211: Loading compiled-in X.509 certificates for regulatory database
[    2.995025] usb usb4: New USB device found, idVendor=1d6b, idProduct=0001, bcdDevice= 6.18
[    2.997133] usb usb4: New USB device strings: Mfr=3, Product=2, SerialNumber=1
[    2.997889] Loaded X.509 cert 'sforshee: 00b28ddf47aef9cea7'
[    2.998365] usb usb4: Product: Generic Platform OHCI controller
[    2.999547] Loaded X.509 cert 'wens: 61c038651aabdcf94bd0ac7ff06c7248db18c600'
[    3.000188] usb usb4: Manufacturer: Linux 6.18.13 ohci_hcd
[    3.001482] faux_driver regulatory: Direct firmware load for regulatory.db failed with error -2
[    3.001847] usb usb4: SerialNumber: fd8c0000.usb
[    3.003008] faux_driver regulatory: Falling back to sysfs fallback for: regulatory.db
[    3.003070] clk: Disabling unused clocks
[    3.004656] hub 4-0:1.0: USB hub found
[    3.006692] rk3568-suspend-config rk3568-suspend: sleep-mode-config=0x5ec wakeup-config=0x10 (smc ret=0)
[    3.007093] hub 4-0:1.0: 1 port detected
[    3.008494] PM: genpd: Disabling unused power domains
[    3.015492] ALSA device list:
[    3.016387]   #0: HDMI
[    3.017210]   #1: rk817_ext
[    3.020411] Freeing unused kernel memory: 4416K
[    3.021571] Run /init as init process
[    3.163734] rk3568-dmc dmc: target: 1056000000 -> 324000000 Hz
[    3.210945] usb 3-1: new high-speed USB device number 2 using ehci-platform
[    3.364393] usb 3-1: New USB device found, idVendor=0bda, idProduct=b733, bcdDevice= 0.00
[    3.365241] usb 3-1: New USB device strings: Mfr=1, Product=2, SerialNumber=3
[    3.365899] usb 3-1: Product: 802.11n  WLAN Adapter
[    3.366350] usb 3-1: Manufacturer: Realtek
[    3.366734] usb 3-1: SerialNumber: 145D3435F52C
[    3.417742] loop0: detected capacity change from 0 to 810296
[    3.453089] EXT4-fs (mmcblk0p2): mounted filesystem e0a55fd7-2689-4b72-8f4d-fb2028acfebd r/w with ordered data mode. Quota mode: disabled.
[    4.185998] systemd[1]: systemd 255.8 running in system mode (-PAM -AUDIT -SELINUX -APPARMOR -IMA -SMACK -SECCOMP +GCRYPT -GNUTLS +OPENSSL -ACL +BLKID -CURL -ELFUTILS -FIDO2 +IDN2 -IDN -IPTC +KMOD -LIBCRYPTSETUP -LIBFDISK +PCRE2 -PWQUALITY -P11KIT -QRENCODE -TPM2 -BZIP2 -LZ4 -XZ -ZLIB +ZSTD -BPF_FRAMEWORK -XKBCOMMON +UTMP +SYSVINIT default-hierarchy=hybrid)
[    4.191663] systemd[1]: Detected architecture arm64.
[    4.193191] systemd[1]: Detected first boot.
[    4.194072] /proc/cgroups lists only v1 controllers, use cgroup.controllers of root cgroup for v2 info
[    4.617510] systemd[1]: Populated /etc with preset unit settings.
[    4.706618] systemd[1]: multi-user.target: Wants dependency dropin /usr/lib/systemd/system/multi-user.target.wants/sixaxis@.service target ../sixaxis@.service has different name
[    4.924822] systemd[1]: Queued start job for default target fs-resize.target.
[    4.978634] systemd[1]: Started fs-resize.service.
[    4.984300] systemd[1]: Reached target fs-resize.target.
[    4.988160] systemd[1]: Startup finished in 4.056s (kernel) + 920ms (userspace) = 4.977s.
[    4.992154] systemd[1]: System is tainted: cgroupsv1:var-run-bad
[    5.137357] EXT4-fs (mmcblk0p2): unmounting filesystem e0a55fd7-2689-4b72-8f4d-fb2028acfebd.
[    5.139173] systemd[1]: storage.mount: Deactivated successfully.
[   13.035205] rockchip-pm-domain fdd90000.power-management:power-controller: sync_state() pending due to fde60000.gpu
[   13.038243] rockchip-pm-domain fdd90000.power-management:power-controller: sync_state() pending due to fdea0000.video-codec
[   13.041615] rockchip-pm-domain fdd90000.power-management:power-controller: sync_state() pending due to fdeb0000.rga
[   13.045187] rockchip-pm-domain fdd90000.power-management:power-controller: sync_state() pending due to fdee0000.video-codec
[   16.282835] random: crng init done
[   22.226068] cfg80211: failed to load regulatory.db
[   22.248498] panel-generic-dsi fe060000.dsi.0: Skipping unprepare of already unprepared panel
[   22.252927] panel-generic-dsi fe060000.dsi.0: Skipping disable of already disabled panel
[   22.260624] reboot: Restarting system
DDR 03ea844c5d typ 24/09/03-10:42:57,fwver: v1.23
ln
wdqs_if: 0x1010100
LP4/4x derate en, other dram:1x trefi
ddrconfig:0
MID:0x1
LPDDR4, 324MHz
BW=32 Col=10 Bk=8 CS0 Row=15 CS=1 Die BW=16 Size=1024MB
tdqss_lf: cs0 dqs0: 24ps, dqs1: -72ps, dqs2: -48ps, dqs3: -168ps, 
tdqss_hf: cs0 dqs0: 24ps, dqs1: -72ps, dqs2: -48ps, dqs3: -168ps, 

change to: 324MHz
PHY drv:clk:38,ca:38,DQ:30,odt:0
vrefinner:41%, vrefout:41%
dram drv:40,odt:0
clk skew:0x62

change to: 528MHz
PHY drv:clk:38,ca:38,DQ:30,odt:0
vrefinner:41%, vrefout:41%
dram drv:40,odt:0
clk skew:0x58

change to: 780MHz
PHY drv:clk:38,ca:38,DQ:30,odt:60
vrefinner:16%, vrefout:41%
dram drv:40,odt:0
clk skew:0x58
rx vref: 17.4%
tx vref: 38.0%

change to: 1056MHz(final freq)
PHY drv:clk:38,ca:38,DQ:30,odt:60
vrefinner:16%, vrefout:29%
dram drv:40,odt:80
vref_ca:00000068
clk skew:0x3f
rx vref: 18.4%
tx vref: 35.0%
cs 0:
rdtrn RS:
DQS0:0x3c, DQS1:0x39, DQS2:0x3c, DQS3:0x3c, 
min  : 0x9  0xd  0xd  0x9  0x1  0x2  0x6  0x3 , 0x6  0x8  0x4  0x1  0x6  0x8  0xb  0x8 ,
       0xd  0xa  0xa  0xa  0x0  0x2  0x1  0x6 , 0x7  0x8  0x8  0x1  0xe 0x12  0xb  0xe ,
mid  :0x28 0x2a 0x2b 0x27 0x1f 0x1f 0x24 0x20 ,0x23 0x25 0x20 0x1e 0x24 0x25 0x27 0x25 ,
      0x2b 0x28 0x27 0x27 0x1f 0x1f 0x1d 0x22 ,0x24 0x23 0x23 0x1e 0x2b 0x2f 0x2a 0x2b ,
max  :0x47 0x48 0x4a 0x46 0x3d 0x3c 0x42 0x3e ,0x41 0x42 0x3d 0x3c 0x42 0x42 0x44 0x42 ,
      0x4a 0x47 0x45 0x44 0x3e 0x3c 0x3a 0x3e ,0x42 0x3f 0x3f 0x3c 0x49 0x4c 0x49 0x48 ,
range:0x3e 0x3b 0x3d 0x3d 0x3c 0x3a 0x3c 0x3b ,0x3b 0x3a 0x39 0x3b 0x3c 0x3a 0x39 0x3a ,
      0x3d 0x3d 0x3b 0x3a 0x3e 0x3a 0x39 0x38 ,0x3b 0x37 0x37 0x3b 0x3b 0x3a 0x3e 0x3a ,
wrtrn RS:
DQS0:0x42, DQS1:0x36, DQS2:0x39, DQS3:0x29, 
min  :0x57 0x57 0x58 0x56 0x4b 0x4f 0x51 0x51 0x50 ,0x4c 0x4c 0x49 0x46 0x4b 0x50 0x50 0x50 0x4e ,
      0x50 0x4e 0x4e 0x4b 0x45 0x47 0x46 0x4b 0x4b ,0x3c 0x3b 0x39 0x35 0x42 0x46 0x40 0x46 0x3c ,
mid  :0x72 0x74 0x75 0x72 0x68 0x6b 0x6e 0x6d 0x6b ,0x66 0x67 0x61 0x60 0x67 0x69 0x6a 0x69 0x67 ,
      0x6d 0x6c 0x69 0x67 0x61 0x5f 0x60 0x65 0x65 ,0x56 0x55 0x53 0x4f 0x5e 0x61 0x5b 0x60 0x56 ,
max  :0x8e 0x91 0x93 0x8f 0x85 0x87 0x8b 0x89 0x87 ,0x81 0x83 0x7a 0x7a 0x84 0x83 0x85 0x83 0x81 ,
      0x8a 0x8a 0x85 0x84 0x7d 0x77 0x7a 0x7f 0x80 ,0x71 0x6f 0x6d 0x6a 0x7a 0x7c 0x77 0x7b 0x71 ,
range:0x37 0x3a 0x3b 0x39 0x3a 0x38 0x3a 0x38 0x37 ,0x35 0x37 0x31 0x34 0x39 0x33 0x35 0x33 0x33 ,
      0x3a 0x3c 0x37 0x39 0x38 0x30 0x34 0x34 0x35 ,0x35 0x34 0x34 0x35 0x38 0x36 0x37 0x35 0x35 ,
CBT RS:
cs:0 min  :0x46 0x3d 0x3f 0x31 0x3c 0x32 0x3c ,0x47 0x3b 0x3b 0x34 0x3b 0x30 0x3a ,
cs:0 mid  :0x81 0x80 0x7a 0x74 0x76 0x75 0x66 ,0x80 0x7e 0x75 0x78 0x75 0x72 0x65 ,
cs:0 max  :0xbc 0xc3 0xb5 0xb8 0xb1 0xb8 0x91 ,0xb9 0xc2 0xaf 0xbc 0xaf 0xb5 0x91 ,
cs:0 range:0x76 0x86 0x76 0x87 0x75 0x86 0x55 ,0x72 0x87 0x74 0x88 0x74 0x85 0x57 ,
out

U-Boot SPL 2026.01 (Feb 23 2026 - 04:45:17 +0000)
Trying to boot from MMC2
## Checking hash(es) for config config-1 ... OK
## Checking hash(es) for Image atf-1 ... sha256+ OK
## Checking hash(es) for Image u-boot ... sha256+ OK
## Checking hash(es) for Image fdt-1 ... sha256+ OK
## Checking hash(es) for Image atf-2 ... sha256+ OK
## Checking hash(es) for Image atf-3 ... sha256+ OK
## Checking hash(es) for Image atf-4 ... sha256+ OK
## Checking hash(es) for Image atf-5 ... sha256+ OK
## Checking hash(es) for Image atf-6 ... sha256+ OK
## Checking hash(es) for Image tee-1 ... sha256+ OK
INFO:    Preloader serial: 2
NOTICE:  BL31: v2.3():v2.3-645-g8cea6ab0b:cl, fwver: v1.44
NOTICE:  BL31: Built : 16:36:43, Sep 19 2023
INFO:    GICv3 without legacy support detected.
INFO:    ARM GICv3 driver initialized in EL3
INFO:    pmu v1 is valid 220114
INFO:    l3 cache partition cfg-0
INFO:    dfs DDR fsp_param[0].freq_mhz= 1056MHz
INFO:    dfs DDR fsp_param[1].freq_mhz= 324MHz
INFO:    dfs DDR fsp_param[2].freq_mhz= 528MHz
INFO:    dfs DDR fsp_param[3].freq_mhz= 780MHz
INFO:    Using opteed sec cpu_context!
INFO:    boot cpu mask: 0
INFO:    BL31: Initializing runtime services
INFO:    BL31: Initializing BL32
I/TC: 
I/TC: OP-TEE version: 3.13.0-860-g6c78a7d8c #hisping.lin (gcc version 10.2.1 20201103 (GNU Toolchain for the A-profile Architecture 10.2-2020.11 (arm-10.16))) #2 Mon Sep  2 09:47:08 CST 2024 aarch64, fwver: v2.14 
I/TC: OP-TEE memory: TEEOS 0x200000 TA 0xc00000 SHM 0x200000
I/TC: Primary CPU initializing
I/TC: CRYPTO_CRYPTO_VERSION_NEW no support. Skip all algo mode check.
I/TC: Primary CPU switching to normal world boot
INFO:    BL31: Preparing for EL3 exit to normal world
INFO:    Entry point address = 0x800000
INFO:    SPSR = 0x3c9


U-Boot 2026.01 (Feb 23 2026 - 04:45:17 +0000)

Model: Pine64 Quartz64 Model A
SoC:   RK3566
DRAM:  1 GiB (total 1022 MiB)
PMIC:  RK817 (on=0x02, off=0x04)
Core:  323 devices, 28 uclasses, devicetree: separate
MMC:   mmc@fe2b0000: 1, mmc@fe2c0000: 2, mmc@fe310000: 0
Loading Environment from nowhere... OK
In:    serial@fe660000
Out:   serial@fe660000
Err:   serial@fe660000
Model: Pine64 Quartz64 Model A
SoC:   RK3566
Net:   eth0: ethernet@fe010000
Hit any key to stop autoboot:  2 Hit any key to stop autoboot: 1Hit any key to stop autoboot: 0
Scanning for bootflows in all bootdevs
Seq  Method       State   Uclass    Part  Name                      Filename
---  -----------  ------  --------  ----  ------------------------  ----------------
Scanning global bootmeth 'efi_mgr':
Card did not respond to voltage select! : -110
Card did not respond to voltage select! : -110
Cannot persist EFI variables without system partition
  0  efi_mgr      ready   (none)       0  <NULL>                    
** Booting bootflow '<NULL>' with efi_mgr
Loading Boot0000 'mmc 1' failed
EFI boot manager: Cannot load any image
Boot failed (err=-14)
Scanning bootdev 'mmc@fe2b0000.bootdev':
  1  extlinux     ready   mmc          1  mmc@fe2b0000.bootdev.part /extlinux/extlinux.conf
** Booting bootflow 'mmc@fe2b0000.bootdev.part_1' with extlinux
1:	ROCKNIX
Retrieving file: /KERNEL
append: boot=LABEL=ROCKNIX disk=LABEL=STORAGE console=ttyS2,1500000 console=tty0 systemd.debug_shell=ttyS2
Retrieving file: /device_trees/rk3566-miyoo-flip.dtb
## Flattened Device Tree blob at 12000000
   Booting using the fdt blob at 0x12000000
Working FDT set to 12000000
   Loading Device Tree to 000000003ce97000, end 000000003ceb8799 ... OK
Working FDT set to 3ce97000

Starting kernel ...

I/TC: Secondary CPU 1 initializing
I/TC: Secondary CPU 1 switching to normal world boot
I/TC: Secondary CPU 2 initializing
I/TC: Secondary CPU 2 switching to normal world boot
I/TC: Secondary CPU 3 initializing
I/TC: Secondary CPU 3 switching to normal world boot
[    0.000000] Booting Linux on physical CPU 0x0000000000 [0x412fd050]
[    0.000000] Linux version 6.18.13 (docker@8e09913c5d23) (aarch64-rocknix-linux-gnu-gcc-14.2.0 (GCC) 14.2.0, GNU ld (GNU Binutils) 2.44) #1 SMP PREEMPT Fri Feb 27 05:15:33 UTC 2026
[    0.000000] KASLR enabled
[    0.000000] Machine model: Miyoo Flip
[    0.000000] Reserved memory: created CMA memory pool at 0x000000002cc00000, size 256 MiB
[    0.000000] OF: reserved mem: initialized node linux,cma, compatible id shared-dma-pool
[    0.000000] OF: reserved mem: 0x000000002cc00000..0x000000003cbfffff (262144 KiB) map reusable linux,cma
[    0.000000] OF: reserved mem: 0x000000000010f000..0x000000000010f0ff (0 KiB) nomap non-reusable shmem@10f000
[    0.000000] OF: reserved mem: 0x0000000008400000..0x00000000093fffff (16384 KiB) nomap non-reusable optee@8400000
[    0.000000] Zone ranges:
[    0.000000]   DMA      [mem 0x0000000000200000-0x000000003fffffff]
[    0.000000]   DMA32    empty
[    0.000000]   Normal   empty
[    0.000000] Movable zone start for each node
[    0.000000] Early memory node ranges
[    0.000000]   node   0: [mem 0x0000000000200000-0x00000000083fffff]
[    0.000000]   node   0: [mem 0x0000000008400000-0x00000000093fffff]
[    0.000000]   node   0: [mem 0x0000000009400000-0x000000003fffffff]
[    0.000000] Initmem setup node 0 [mem 0x0000000000200000-0x000000003fffffff]
[    0.000000] On node 0, zone DMA: 512 pages in unavailable ranges
[    0.000000] psci: probing for conduit method from DT.
[    0.000000] psci: PSCIv1.1 detected in firmware.
[    0.000000] psci: Using standard PSCI v0.2 function IDs
[    0.000000] psci: Trusted OS migration not required
[    0.000000] psci: SMC Calling Convention v1.2
[    0.000000] percpu: Embedded 22 pages/cpu s52904 r8192 d29016 u90112
[    0.000000] Detected VIPT I-cache on CPU0
[    0.000000] CPU features: detected: GICv3 CPU interface
[    0.000000] CPU features: detected: Virtualization Host Extensions
[    0.000000] CPU features: kernel page table isolation disabled by kernel configuration
[    0.000000] CPU features: detected: Qualcomm erratum 1009, or ARM erratum 1286807, 2441009
[    0.000000] CPU features: detected: ARM errata 1165522, 1319367, or 1530923
[    0.000000] alternatives: applying boot alternatives
[    0.000000] Kernel command line: boot=LABEL=ROCKNIX disk=LABEL=STORAGE console=ttyS2,1500000 console=tty0 systemd.debug_shell=ttyS2
[    0.000000] Unknown kernel command line parameters "boot=LABEL=ROCKNIX disk=LABEL=STORAGE", will be passed to user space.
[    0.000000] printk: log buffer data + meta data: 262144 + 917504 = 1179648 bytes
[    0.000000] Dentry cache hash table entries: 131072 (order: 8, 1048576 bytes, linear)
[    0.000000] Inode-cache hash table entries: 65536 (order: 7, 524288 bytes, linear)
[    0.000000] software IO TLB: SWIOTLB bounce buffer size adjusted to 0MB
[    0.000000] software IO TLB: area num 4.
[    0.000000] software IO TLB: mapped [mem 0x000000003ea00000-0x000000003eb00000] (1MB)
[    0.000000] Built 1 zonelists, mobility grouping on.  Total pages: 261632
[    0.000000] mem auto-init: stack:off, heap alloc:on, heap free:on
[    0.000000] mem auto-init: clearing system memory may take some time...
[    0.000000] SLUB: HWalign=64, Order=0-3, MinObjects=0, CPUs=4, Nodes=1
[    0.000000] rcu: Preemptible hierarchical RCU implementation.
[    0.000000] 	Trampoline variant of Tasks RCU enabled.
[    0.000000] 	Tracing variant of Tasks RCU enabled.
[    0.000000] rcu: RCU calculated value of scheduler-enlistment delay is 25 jiffies.
[    0.000000] RCU Tasks: Setting shift to 2 and lim to 1 rcu_task_cb_adjust=1 rcu_task_cpu_ids=4.
[    0.000000] RCU Tasks Trace: Setting shift to 2 and lim to 1 rcu_task_cb_adjust=1 rcu_task_cpu_ids=4.
[    0.000000] NR_IRQS: 64, nr_irqs: 64, preallocated irqs: 0
[    0.000000] GIC: enabling workaround for GICv3: non-coherent attribute
[    0.000000] GICv3: GIC: Using split EOI/Deactivate mode
[    0.000000] GICv3: 320 SPIs implemented
[    0.000000] GICv3: 0 Extended SPIs implemented
[    0.000000] GICv3: MBI range [296:319]
[    0.000000] GICv3: Using MBI frame 0x00000000fd410000
[    0.000000] Root IRQ handler: gic_handle_irq
[    0.000000] GICv3: GICv3 features: 16 PPIs
[    0.000000] GICv3: GICD_CTLR.DS=0, SCR_EL3.FIQ=1
[    0.000000] GICv3: CPU0: found redistributor 0 region 0:0x00000000fd460000
[    0.000000] ITS [mem 0xfd440000-0xfd45ffff]
[    0.000000] GIC: enabling workaround for ITS: Rockchip erratum RK3568002
[    0.000000] GIC: enabling workaround for ITS: non-coherent attribute
[    0.000000] ITS@0x00000000fd440000: allocated 8192 Devices @450000 (indirect, esz 8, psz 64K, shr 0)
[    0.000000] ITS@0x00000000fd440000: allocated 32768 Interrupt Collections @460000 (flat, esz 2, psz 64K, shr 0)
[    0.000000] ITS: using cache flushing for cmd queue
[    0.000000] GICv3: using LPI property table @0x0000000000470000
[    0.000000] GIC: using cache flushing for LPI property table
[    0.000000] GICv3: CPU0: using allocated LPI pending table @0x0000000000480000
[    0.000000] rcu: srcu_init: Setting srcu_struct sizes based on contention.
[    0.000000] arch_timer: cp15 timer running at 24.00MHz (phys).
[    0.000000] clocksource: arch_sys_counter: mask: 0xffffffffffffff max_cycles: 0x588fe9dc0, max_idle_ns: 440795202592 ns
[    0.000001] sched_clock: 56 bits at 24MHz, resolution 41ns, wraps every 4398046511097ns
[    0.001397] Console: colour dummy device 80x25
[    0.001421] printk: legacy console [tty0] enabled
[    0.002269] Calibrating delay loop (skipped), value calculated using timer frequency.. 48.00 BogoMIPS (lpj=96000)
[    0.002311] pid_max: default: 32768 minimum: 301
[    0.002468] LSM: initializing lsm=capability
[    0.002654] Mount-cache hash table entries: 2048 (order: 2, 16384 bytes, linear)
[    0.002692] Mountpoint-cache hash table entries: 2048 (order: 2, 16384 bytes, linear)
[    0.006432] rcu: Hierarchical SRCU implementation.
[    0.006475] rcu: 	Max phase no-delay instances is 1000.
[    0.006945] Timer migration: 1 hierarchy levels; 8 children per group; 1 crossnode level
[    0.008098] smp: Bringing up secondary CPUs ...
[    0.009780] Detected VIPT I-cache on CPU1
[    0.009953] GICv3: CPU1: found redistributor 100 region 0:0x00000000fd480000
[    0.009979] GICv3: CPU1: using allocated LPI pending table @0x0000000000490000
[    0.010040] CPU1: Booted secondary processor 0x0000000100 [0x412fd050]
[    0.011853] Detected VIPT I-cache on CPU2
[    0.012000] GICv3: CPU2: found redistributor 200 region 0:0x00000000fd4a0000
[    0.012023] GICv3: CPU2: using allocated LPI pending table @0x00000000004a0000
[    0.012072] CPU2: Booted secondary processor 0x0000000200 [0x412fd050]
[    0.013815] Detected VIPT I-cache on CPU3
[    0.013961] GICv3: CPU3: found redistributor 300 region 0:0x00000000fd4c0000
[    0.013984] GICv3: CPU3: using allocated LPI pending table @0x00000000004b0000
[    0.014030] CPU3: Booted secondary processor 0x0000000300 [0x412fd050]
[    0.014205] smp: Brought up 1 node, 4 CPUs
[    0.014373] SMP: Total of 4 processors activated.
[    0.014389] CPU: All CPU(s) started at EL2
[    0.014406] CPU features: detected: 32-bit EL0 Support
[    0.014424] CPU features: detected: Data cache clean to the PoU not required for I/D coherence
[    0.014447] CPU features: detected: Common not Private translations
[    0.014466] CPU features: detected: CRC32 instructions
[    0.014483] CPU features: detected: Data cache clean to Point of Persistence
[    0.014508] CPU features: detected: RCpc load-acquire (LDAPR)
[    0.014527] CPU features: detected: LSE atomic instructions
[    0.014544] CPU features: detected: Privileged Access Never
[    0.014561] CPU features: detected: PMUv3
[    0.014576] CPU features: detected: RAS Extension Support
[    0.014600] CPU features: detected: Speculative Store Bypassing Safe (SSBS)
[    0.014697] alternatives: applying system-wide alternatives
[    0.019763] CPU features: detected: Hardware dirty bit management on CPU0-3
[    0.020264] Memory: 712080K/1046528K available (16128K kernel code, 1966K rwdata, 5800K rodata, 4416K init, 542K bss, 67532K reserved, 262144K cma-reserved)
[    0.021321] devtmpfs: initialized
[    0.046322] clocksource: jiffies: mask: 0xffffffff max_cycles: 0xffffffff, max_idle_ns: 7645041785100000 ns
[    0.046418] posixtimers hash table entries: 2048 (order: 4, 65536 bytes, linear)
[    0.046571] futex hash table entries: 1024 (65536 bytes on 1 NUMA nodes, total 64 KiB, linear).
[    0.138526] 2G module region forced by RANDOMIZE_MODULE_REGION_FULL
[    0.138613] 0 pages in range for non-PLT usage
[    0.138623] 517040 pages in range for PLT usage
[    0.138934] pinctrl core: initialized pinctrl subsystem
[    0.143689] NET: Registered PF_NETLINK/PF_ROUTE protocol family
[    0.146439] DMA: preallocated 128 KiB GFP_KERNEL pool for atomic allocations
[    0.147665] DMA: preallocated 128 KiB GFP_KERNEL|GFP_DMA pool for atomic allocations
[    0.149189] DMA: preallocated 128 KiB GFP_KERNEL|GFP_DMA32 pool for atomic allocations
[    0.151071] thermal_sys: Registered thermal governor 'fair_share'
[    0.151085] thermal_sys: Registered thermal governor 'step_wise'
[    0.151230] cpuidle: using governor ladder
[    0.151316] cpuidle: using governor menu
[    0.151552] hw-breakpoint: found 6 breakpoint and 4 watchpoint registers.
[    0.151758] ASID allocator initialised with 65536 entries
[    0.152002] Serial: AMBA PL011 UART driver
[    0.167684] /vop@fe040000: Fixed dependency cycle(s) with /dsi@fe060000
[    0.167846] /dsi@fe060000: Fixed dependency cycle(s) with /dsi@fe060000/panel@0
[    0.167893] /dsi@fe060000: Fixed dependency cycle(s) with /vop@fe040000
[    0.168107] /dsi@fe060000/panel@0: Fixed dependency cycle(s) with /dsi@fe060000
[    0.168676] /vop@fe040000: Fixed dependency cycle(s) with /hdmi@fe0a0000
[    0.168814] /hdmi@fe0a0000: Fixed dependency cycle(s) with /vop@fe040000
[    0.196846] gpio gpiochip0: Static allocation of GPIO base is deprecated, use dynamic allocation.
[    0.197951] rockchip-gpio fdd60000.gpio: probed /pinctrl/gpio@fdd60000
[    0.198604] gpio gpiochip1: Static allocation of GPIO base is deprecated, use dynamic allocation.
[    0.199107] rockchip-gpio fe740000.gpio: probed /pinctrl/gpio@fe740000
[    0.199580] gpio gpiochip2: Static allocation of GPIO base is deprecated, use dynamic allocation.
[    0.200076] rockchip-gpio fe750000.gpio: probed /pinctrl/gpio@fe750000
[    0.200551] gpio gpiochip3: Static allocation of GPIO base is deprecated, use dynamic allocation.
[    0.201023] rockchip-gpio fe760000.gpio: probed /pinctrl/gpio@fe760000
[    0.201586] gpio gpiochip4: Static allocation of GPIO base is deprecated, use dynamic allocation.
[    0.202066] rockchip-gpio fe770000.gpio: probed /pinctrl/gpio@fe770000
[    0.282467] raid6: neonx8   gen()  1482 MB/s
[    0.350672] raid6: neonx4   gen()  1474 MB/s
[    0.418902] raid6: neonx2   gen()  1387 MB/s
[    0.487103] raid6: neonx1   gen()  1122 MB/s
[    0.555329] raid6: int64x8  gen()   908 MB/s
[    0.623546] raid6: int64x4  gen()  1043 MB/s
[    0.691793] raid6: int64x2  gen()   945 MB/s
[    0.760042] raid6: int64x1  gen()   691 MB/s
[    0.760069] raid6: using algorithm neonx8 gen() 1482 MB/s
[    0.828170] raid6: .... xor() 1147 MB/s, rmw enabled
[    0.828197] raid6: using neon recovery algorithm
[    0.829966] iommu: Default domain type: Translated
[    0.830008] iommu: DMA domain TLB invalidation policy: strict mode
[    0.830983] SCSI subsystem initialized
[    0.831310] usbcore: registered new interface driver usbfs
[    0.831392] usbcore: registered new interface driver hub
[    0.831476] usbcore: registered new device driver usb
[    0.831982] mc: Linux media interface: v0.10
[    0.832069] videodev: Linux video capture interface: v2.00
[    0.832224] pps_core: LinuxPPS API ver. 1 registered
[    0.832249] pps_core: Software ver. 5.3.6 - Copyright 2005-2007 Rodolfo Giometti <giometti@linux.it>
[    0.832294] PTP clock support registered
[    0.832518] scmi_core: SCMI protocol bus registered
[    0.833120] Advanced Linux Sound Architecture Driver Initialized.
[    0.834934] clocksource: Switched to clocksource arch_sys_counter
[    0.850569] NET: Registered PF_INET protocol family
[    0.850780] IP idents hash table entries: 16384 (order: 5, 131072 bytes, linear)
[    0.852427] tcp_listen_portaddr_hash hash table entries: 512 (order: 2, 16384 bytes, linear)
[    0.852493] Table-perturb hash table entries: 65536 (order: 6, 262144 bytes, linear)
[    0.852621] TCP established hash table entries: 8192 (order: 4, 65536 bytes, linear)
[    0.852734] TCP bind hash table entries: 8192 (order: 7, 524288 bytes, linear)
[    0.853244] TCP: Hash tables configured (established 8192 bind 8192)
[    0.853394] UDP hash table entries: 512 (order: 5, 81920 bytes, linear)
[    0.853542] UDP-Lite hash table entries: 512 (order: 5, 81920 bytes, linear)
[    0.853919] NET: Registered PF_UNIX/PF_LOCAL protocol family
[    0.854663] RPC: Registered named UNIX socket transport module.
[    0.854696] RPC: Registered udp transport module.
[    0.854715] RPC: Registered tcp transport module.
[    0.854732] RPC: Registered tcp-with-tls transport module.
[    0.854750] RPC: Registered tcp NFSv4.1 backchannel transport module.
[    0.856262] ARM FF-A: FFA_VERSION returned not supported
[    0.860552] Initialise system trusted keyrings
[    0.861010] workingset: timestamp_bits=46 max_order=18 bucket_order=0
[    0.861489] squashfs: version 4.0 (2009/01/31) Phillip Lougher
[    0.862488] fuse: init (API version 7.45)
[    0.863136] SGI XFS with security attributes, no debug enabled
[    0.865303] cryptd: max_cpu_qlen set to 1000
[    0.942291] NET: Registered PF_ALG protocol family
[    0.942428] xor: measuring software checksum speed
[    0.944463]    8regs           :  1631 MB/sec
[    0.946459]    32regs          :  1665 MB/sec
[    0.948455]    arm64_neon      :  1661 MB/sec
[    0.948478] xor: using function: 32regs (1665 MB/sec)
[    0.948513] Key type asymmetric registered
[    0.948532] Asymmetric key parser 'x509' registered
[    0.948702] Block layer SCSI generic (bsg) driver version 0.4 loaded (major 243)
[    0.948740] io scheduler mq-deadline registered
[    0.960300] ledtrig-cpu: registered to indicate activity on CPUs
[    0.966733] dma-pl330 fe530000.dma-controller: Loaded driver for PL330 DMAC-241330
[    0.966790] dma-pl330 fe530000.dma-controller: 	DBUFF-128x8bytes Num_Chans-8 Num_Peri-32 Num_Events-16
[    0.969954] dma-pl330 fe550000.dma-controller: Loaded driver for PL330 DMAC-241330
[    0.969996] dma-pl330 fe550000.dma-controller: 	DBUFF-128x8bytes Num_Chans-8 Num_Peri-32 Num_Events-16
[    0.972774] Serial: 8250/16550 driver, 5 ports, IRQ sharing enabled
[    0.977687] fe650000.serial: ttyS1 at MMIO 0xfe650000 (irq = 25, base_baud = 1500000) is a 16550A
[    0.979652] fe660000.serial: ttyS2 at MMIO 0xfe660000 (irq = 26, base_baud = 1500000) is a 16550A
[    0.979802] printk: legacy console [ttyS2] enabled
[    1.100290] platform fdea0000.video-codec: Adding to iommu group 0
[    1.102673] platform fdee0000.video-codec: Adding to iommu group 1
[    1.104993] platform fe040000.vop: Adding to iommu group 2
[    1.110050] /dsi@fe060000: Fixed dependency cycle(s) with /dsi@fe060000/panel@0
[    1.110991] /dsi@fe060000/panel@0: Fixed dependency cycle(s) with /dsi@fe060000
[    1.118604] brd: module loaded
[    1.126771] loop: module loaded
[    1.130396] usbcore: registered new interface driver rtl8150
[    1.131118] usbcore: registered new device driver r8152-cfgselector
[    1.131760] usbcore: registered new interface driver r8152
[    1.132330] usbcore: registered new interface driver asix
[    1.132894] usbcore: registered new interface driver ax88179_178a
[    1.133516] usbcore: registered new interface driver cdc_ether
[    1.134116] usbcore: registered new interface driver rndis_host
[    1.134730] usbcore: registered new interface driver cdc_ncm
[    1.135348] usbcore: registered new interface driver qmi_wwan
[    1.135942] usbcore: registered new interface driver cdc_mbim
[    1.136536] usbcore: registered new interface driver r8153_ecm
[    1.140066] usbcore: registered new interface driver cdc_acm
[    1.140602] cdc_acm: USB Abstract Control Model driver for USB modems and ISDN adapters
[    1.141404] usbcore: registered new interface driver cdc_wdm
[    1.142300] usbcore: registered new interface driver uas
[    1.142864] usbcore: registered new interface driver usb-storage
[    1.143525] usbcore: registered new interface driver ums-alauda
[    1.144133] usbcore: registered new interface driver ums-datafab
[    1.144745] usbcore: registered new interface driver ums_eneub6250
[    1.145378] usbcore: registered new interface driver ums-freecom
[    1.145988] usbcore: registered new interface driver ums-isd200
[    1.146591] usbcore: registered new interface driver ums-jumpshot
[    1.147244] usbcore: registered new interface driver ums-karma
[    1.147850] usbcore: registered new interface driver ums-onetouch
[    1.148470] usbcore: registered new interface driver ums-realtek
[    1.149081] usbcore: registered new interface driver ums-sddr09
[    1.149691] usbcore: registered new interface driver ums-sddr55
[    1.150295] usbcore: registered new interface driver ums-usbat
[    1.151747] usbcore: registered new interface driver usbtouchscreen
[    1.153531] i2c_dev: i2c /dev entries driver
[    1.156697] fan53555-regulator 0-0040: FAN53555 Option[8] Rev[1] Detected!
[    1.256482] boost: Bringing 4700000uV into 5000000-5000000uV
[    1.268815] input: rk805 pwrkey as /devices/platform/fdd40000.i2c/i2c-0/0-0020/rk805-pwrkey.2.auto/input/input0
[    1.282033] rk808-rtc rk808-rtc.3.auto: registered as rtc0
[    1.285269] rk808-rtc rk808-rtc.3.auto: setting system clock to 2026-02-27T05:29:11 UTC (1772170151)
[    1.321345] sdhci: Secure Digital Host Controller Interface driver
[    1.321982] sdhci: Copyright(c) Pierre Ossman
[    1.322400] Synopsys Designware Multimedia Card Interface Driver
[    1.323723] sdhci-pltfm: SDHCI platform and OF driver helper
[    1.324968] dwmmc_rockchip fe2b0000.mmc: IDMAC supports 32-bit address mode.
[    1.325003] dwmmc_rockchip fe2c0000.mmc: IDMAC supports 32-bit address mode.
[    1.325048] dwmmc_rockchip fe2c0000.mmc: Using internal DMA controller.
[    1.325668] dwmmc_rockchip fe2b0000.mmc: Using internal DMA controller.
[    1.326278] dwmmc_rockchip fe2c0000.mmc: Version ID is 270a
[    1.326295] dwmmc_rockchip fe2b0000.mmc: Version ID is 270a
[    1.326373] dwmmc_rockchip fe2b0000.mmc: DW MMC controller at irq 58,32 bit host data width,256 deep fifo
[    1.326376] arm-scmi arm-scmi.7.auto: Using scmi_smc_transport
[    1.326394] arm-scmi arm-scmi.7.auto: SCMI max-rx-timeout: 30ms / max-msg-size: 104bytes / max-msg: 20
[    1.326612] scmi_protocol scmi_dev.1: Enabled polling mode TX channel - prot_id:16
[    1.327015] arm-scmi arm-scmi.7.auto: SCMI Notifications - Core Enabled.
[    1.327026] dwmmc_rockchip fe2c0000.mmc: DW MMC controller at irq 59,32 bit host data width,256 deep fifo
[    1.328063] arm-scmi arm-scmi.7.auto: SCMI Protocol v2.0 'rockchip:' Firmware version 0x0
[    1.329463] arm-scmi arm-scmi.7.auto: Enabling SCMI Quirk [quirk_clock_rates_triplet_out_of_spec]
[    1.331710] SMCCC: SOC_ID: ARCH_SOC_ID not implemented, skipping ....
[    1.333712] hid: raw HID events driver (C) Jiri Kosina
[    1.342085] mmc_host mmc0: Bus speed (slot 0) = 375000Hz (slot req 400000Hz, actual 375000HZ div = 0)
[    1.343589] usbcore: registered new interface driver usbhid
[    1.344114] usbhid: USB HID core driver
[    1.345498] rk3568-dmc dmc: ATF DDR version 0x102
[    1.347090] mmc_host mmc1: Bus speed (slot 0) = 375000Hz (slot req 400000Hz, actual 375000HZ div = 0)
[    1.354733] hw perfevents: enabled with armv8_cortex_a55 PMU driver, 7 (0,8000003f) counters available
[    1.359211] usbcore: registered new interface driver snd-usb-audio
[    1.368210] u32 classifier
[    1.368500]     input device check on
[    1.369337] Initializing XFRM netlink socket
[    1.369826] NET: Registered PF_INET6 protocol family
[    1.371954] Segment Routing with IPv6
[    1.372389] In-situ OAM (IOAM) with IPv6
[    1.372881] sit: IPv6, IPv4 and MPLS over IPv4 tunneling driver
[    1.374191] NET: Registered PF_PACKET protocol family
[    1.374678] NET: Registered PF_KEY protocol family
[    1.375252] 8021q: 802.1Q VLAN Support v1.8
[    1.376122] Key type dns_resolver registered
[    1.393809] Loading compiled-in X.509 certificates
[    1.410432] Btrfs loaded, zoned=no, fsverity=no
[    1.465218] panel-generic-dsi fe060000.dsi.0: lanes 2, format 0, mode e03
[    1.466908] rockchip-drm display-subsystem: bound fe040000.vop (ops vop2_component_ops)
[    1.469438] dwhdmi-rockchip fe0a0000.hdmi: Detected HDMI TX controller v2.11a with HDCP (DWC HDMI 2.0 TX PHY)
[    1.471573] dwhdmi-rockchip fe0a0000.hdmi: registered DesignWare HDMI I2C bus driver
[    1.474121] rockchip-drm display-subsystem: bound fe0a0000.hdmi (ops dw_hdmi_rockchip_ops)
[    1.475721] rockchip-drm display-subsystem: bound fe060000.dsi (ops dw_mipi_dsi_rockchip_ops)
[    1.478175] [drm] Initialized rockchip 1.0.0 for display-subsystem on minor 0
[    1.605678] mmc_host mmc1: Bus speed (slot 0) = 150000000Hz (slot req 150000000Hz, actual 150000000HZ div = 0)
[    1.614246] dwmmc_rockchip fe2b0000.mmc: Successfully tuned phase to 229
[    1.616653] mmc1: new UHS-I speed SDR104 SDXC card at address 544c
[    1.617905] mmcblk1: mmc1:544c USD00 58.9 GiB
[    1.620695]  mmcblk1: p1 p2
[    2.811897] Console: switching to colour frame buffer device 80x30
[    2.851794] rockchip-drm display-subsystem: [drm] fb0: rockchipdrmfb frame buffer device
[    2.867216] xhci-hcd xhci-hcd.11.auto: xHCI Host Controller
[    2.869315] xhci-hcd xhci-hcd.11.auto: new USB bus registered, assigned bus number 1
[    2.872380] xhci-hcd xhci-hcd.11.auto: hcc params 0x0220fe64 hci version 0x110 quirks 0x0000808002000010
[    2.875548] xhci-hcd xhci-hcd.11.auto: irq 68, io mem 0xfd000000
[    2.877557] xhci-hcd xhci-hcd.11.auto: xHCI Host Controller
[    2.879789] xhci-hcd xhci-hcd.11.auto: new USB bus registered, assigned bus number 2
[    2.882737] xhci-hcd xhci-hcd.11.auto: Host supports USB 3.0 SuperSpeed
[    2.884845] usb usb1: New USB device found, idVendor=1d6b, idProduct=0002, bcdDevice= 6.18
[    2.887848] usb usb1: New USB device strings: Mfr=3, Product=2, SerialNumber=1
[    2.890724] usb usb1: Product: xHCI Host Controller
[    2.892321] usb usb1: Manufacturer: Linux 6.18.13 xhci-hcd
[    2.893923] usb usb1: SerialNumber: xhci-hcd.11.auto
[    2.896624] hub 1-0:1.0: USB hub found
[    2.898160] hub 1-0:1.0: 1 port detected
[    2.900321] usb usb2: We don't know the algorithms for LPM for this host, disabling LPM.
[    2.903450] usb usb2: New USB device found, idVendor=1d6b, idProduct=0003, bcdDevice= 6.18
[    2.906312] usb usb2: New USB device strings: Mfr=3, Product=2, SerialNumber=1
[    2.909150] usb usb2: Product: xHCI Host Controller
[    2.910764] usb usb2: Manufacturer: Linux 6.18.13 xhci-hcd
[    2.912588] usb usb2: SerialNumber: xhci-hcd.11.auto
[    2.915295] hub 2-0:1.0: USB hub found
[    2.916803] hub 2-0:1.0: 1 port detected
[    2.920485] ehci-platform fd880000.usb: EHCI Host Controller
[    2.920658] ohci-platform fd8c0000.usb: Generic Platform OHCI controller
[    2.922255] ehci-platform fd880000.usb: new USB bus registered, assigned bus number 3
[    2.923267] ohci-platform fd8c0000.usb: new USB bus registered, assigned bus number 4
[    2.925243] ehci-platform fd880000.usb: irq 69, io mem 0xfd880000
[    2.926837] ohci-platform fd8c0000.usb: irq 70, io mem 0xfd8c0000
[    2.928088] rk3568-dmc dmc: ATF DDR version 0x102
[    2.934028] rk3568-dmc dmc: Boot DDR rate: 1056000000 Hz
[    2.935560] rk3568-dmc dmc: ATF FSP[0]: 324000000 Hz
[    2.936595] rk3568-dmc dmc: ATF FSP[1]: 528000000 Hz
[    2.937600] rk3568-dmc dmc: ATF FSP[2]: 780000000 Hz
[    2.938584] rk3568-dmc dmc: ATF FSP[3]: 1056000000 Hz
[    2.939236] ehci-platform fd880000.usb: USB 2.0 started, EHCI 1.00
[    2.939803] rk3568-dmc dmc: DDR devfreq enabled: 1056000000 Hz, 900000 uV
[    2.940482] usb usb3: New USB device found, idVendor=1d6b, idProduct=0002, bcdDevice= 6.18
[    2.943849] usb usb3: New USB device strings: Mfr=3, Product=2, SerialNumber=1
[    2.945917] usb usb3: Product: EHCI Host Controller
[    2.946905] usb usb3: Manufacturer: Linux 6.18.13 ehci_hcd
[    2.948105] usb usb3: SerialNumber: fd880000.usb
[    2.949764] hub 3-0:1.0: USB hub found
[    2.950751] hub 3-0:1.0: 1 port detected
[    2.978395] input: rk817_ext Headphones as /devices/platform/rk817-sound/sound/card1/input1
[    2.982411] input: gpio-keys as /devices/platform/gpio-keys/input/input2
[    2.984527] cfg80211: Loading compiled-in X.509 certificates for regulatory database
[    2.988171] Loaded X.509 cert 'sforshee: 00b28ddf47aef9cea7'
[    2.989710] Loaded X.509 cert 'wens: 61c038651aabdcf94bd0ac7ff06c7248db18c600'
[    2.991213] usb usb4: New USB device found, idVendor=1d6b, idProduct=0001, bcdDevice= 6.18
[    2.991652] faux_driver regulatory: Direct firmware load for regulatory.db failed with error -2
[    2.992570] usb usb4: New USB device strings: Mfr=3, Product=2, SerialNumber=1
[    2.993665] faux_driver regulatory: Falling back to sysfs fallback for: regulatory.db
[    2.995086] usb usb4: Product: Generic Platform OHCI controller
[    2.995107] usb usb4: Manufacturer: Linux 6.18.13 ohci_hcd
[    2.995113] usb usb4: SerialNumber: fd8c0000.usb
[    2.995608] clk: Disabling unused clocks
[    2.997618] rk3568-suspend-config rk3568-suspend: sleep-mode-config=0x5ec wakeup-config=0x10 (smc ret=0)
[    2.998567] hub 4-0:1.0: USB hub found
[    2.999292] PM: genpd: Disabling unused power domains
[    2.999869] hub 4-0:1.0: 1 port detected
[    3.000523] ALSA device list:
[    3.009484]   #0: HDMI
[    3.010285]   #1: rk817_ext
[    3.013467] Freeing unused kernel memory: 4416K
[    3.014636] Run /init as init process
[    3.145564] rk3568-dmc dmc: target: 1056000000 -> 324000000 Hz
[    3.207164] usb 3-1: new high-speed USB device number 2 using ehci-platform
[    3.352911] usb 3-1: New USB device found, idVendor=0bda, idProduct=b733, bcdDevice= 0.00
[    3.353767] usb 3-1: New USB device strings: Mfr=1, Product=2, SerialNumber=3
[    3.354431] usb 3-1: Product: 802.11n  WLAN Adapter
[    3.354879] usb 3-1: Manufacturer: Realtek
[    3.355317] usb 3-1: SerialNumber: 145D3435F52C
[    3.449668] loop0: detected capacity change from 0 to 810296
[    3.488565] EXT4-fs (mmcblk1p2): mounted filesystem f3108bdc-01b9-4e80-9534-2af79d98a795 r/w with ordered data mode. Quota mode: disabled.
[    4.214732] systemd[1]: systemd 255.8 running in system mode (-PAM -AUDIT -SELINUX -APPARMOR -IMA -SMACK -SECCOMP +GCRYPT -GNUTLS +OPENSSL -ACL +BLKID -CURL -ELFUTILS -FIDO2 +IDN2 -IDN -IPTC +KMOD -LIBCRYPTSETUP -LIBFDISK +PCRE2 -PWQUALITY -P11KIT -QRENCODE -TPM2 -BZIP2 -LZ4 -XZ -ZLIB +ZSTD -BPF_FRAMEWORK -XKBCOMMON +UTMP +SYSVINIT default-hierarchy=hybrid)
[    4.221185] systemd[1]: Detected architecture arm64.
[    4.222638] systemd[1]: Detected first boot.
[    4.223951] /proc/cgroups lists only v1 controllers, use cgroup.controllers of root cgroup for v2 info
[    4.650110] systemd[1]: Populated /etc with preset unit settings.
[    4.739201] systemd[1]: multi-user.target: Wants dependency dropin /usr/lib/systemd/system/multi-user.target.wants/sixaxis@.service target ../sixaxis@.service has different name
[    4.953790] systemd[1]: Queued start job for default target rocknix.target.
[    5.007584] systemd[1]: Created slice system-modprobe.slice.
[    5.015754] systemd[1]: Created slice system-sixaxis.slice.
[    5.020323] systemd[1]: Created slice user.slice.
[    5.023645] systemd[1]: Started systemd-ask-password-console.path.
[    5.026699] systemd[1]: Started systemd-ask-password-wall.path.
[    5.031640] systemd[1]: Set up automount proc-sys-fs-binfmt_misc.automount.
[    5.035316] systemd[1]: Reached target paths.target.
[    5.038450] systemd[1]: Reached target slices.target.
[    5.041580] systemd[1]: Reached target swap.target.
[    5.090333] systemd[1]: Listening on rpcbind.socket.
[    5.098402] systemd[1]: Reached target rpcbind.target.
[    5.103412] systemd[1]: Listening on systemd-initctl.socket.
[    5.109630] systemd[1]: Listening on systemd-journald-dev-log.socket.
[    5.116755] systemd[1]: Listening on systemd-journald.socket.
[    5.122880] systemd[1]: Listening on systemd-udevd-control.socket.
[    5.127757] systemd[1]: Listening on systemd-udevd-kernel.socket.
[    5.168176] systemd[1]: Mounting dev-mqueue.mount...
[    5.181641] systemd[1]: Mounting proc-sys-fs-binfmt_misc.mount...
[    5.193583] systemd[1]: Mounting sys-kernel-debug.mount...
[    5.199986] systemd[1]: sys-kernel-tracing.mount was skipped because of an unmet condition check (ConditionPathExists=/sys/kernel/tracing).
[    5.212489] systemd[1]: Mounting tmp.mount...
[    5.226840] systemd[1]: Mounting var.mount...
[    5.243102] systemd[1]: Started debug-shell.service.
[    5.260618] systemd[1]: Starting kmod-static-nodes.service...
[    5.276246] systemd[1]: Starting machine-id.service...
[    5.278874] dw-apb-uart fe660000.serial: forbid DMA for kernel console
[    5.291199] systemd[1]: Starting modprobe@configfs.service...
[    5.306893] systemd[1]: Starting modprobe@drm.service...
[    5.325658] systemd[1]: Starting modprobe@fuse.service...
[    5.354358] systemd[1]: Starting show-version.service...
[    5.392288] systemd[1]: Starting storage-log.service...
[    5.441031] systemd[1]: Starting systemd-hwdb-update.service...
[    5.482433] systemd[1]: Starting systemd-modules-load.service...
[    5.496323] rk3568-dmc dmc: target: 324000000 -> 1056000000 Hz
[    5.499341] systemd[1]: Starting systemd-timesyncd-setup.service...
[    5.513692] systemd[1]: Starting systemd-udev-trigger.service...
[    5.528660] systemd[1]: Mounted dev-mqueue.mount.
[    5.532463] systemd[1]: Mounted proc-sys-fs-binfmt_misc.mount.
[    5.540119] systemd[1]: Mounted sys-kernel-debug.mount.
[    5.545225] systemd[1]: Mounted tmp.mount.
[    5.549498] systemd[1]: Mounted var.mount.
[    5.552927] systemd[1]: Finished kmod-static-nodes.service.
[    5.557582] systemd[1]: Finished machine-id.service.
[    5.561063] systemd[1]: modprobe@configfs.service: Deactivated successfully.
ROCKNIX:~ # [    5.564690] systemd[1]: Finished modprobe@configfs.service.
[    5.569094] systemd[1]: modprobe@drm.service: Deactivated successfully.
[    5.571490] systemd[1]: Finished modprobe@drm.service.
[    5.575280] systemd[1]: modprobe@fuse.service: Deactivated successfully.
[    5.576911] rtl8733bu_power: loading out-of-tree module taints kernel.
[    5.578539] systemd[1]: Finished modprobe@fuse.service.
[    5.581107] rtl8733bu-power rtl8733bu-power: rtl8733bu-power: WiFi/BT power via rfkill (power off when both blocked)
[    5.586074] systemd[1]: Finished show-version.service.
[    5.589828] systemd[1]: Finished storage-log.service.
[    5.593442] systemd[1]: Finished systemd-modules-load.service.
[    5.597791] systemd[1]: Finished systemd-timesyncd-setup.service.
[    5.619621] systemd[1]: Mounting sys-fs-fuse-connections.mount...
[    5.627354] systemd[1]: Mounting sys-kernel-config.mount...
[    5.639673] systemd[1]: Starting systemd-journald.service...
[    5.649370] systemd[1]: Starting systemd-sysctl.service...
[    5.664630] systemd[1]: Starting systemd-tmpfiles-setup-dev-early.service...
[    5.672916] systemd[1]: Mounted sys-fs-fuse-connections.mount.
[    5.687805] systemd[1]: Mounted sys-kernel-config.mount.
[    5.706538] systemd-journald[232]: Collecting audit messages is disabled.
[    5.758739] systemd[1]: Finished systemd-sysctl.service.
[    5.768173] systemd[1]: Finished systemd-tmpfiles-setup-dev-early.service.
[    5.796048] systemd[1]: Starting systemd-resolved.service...
[    5.805876] systemd[1]: Starting systemd-tmpfiles-setup-dev.service...
[    5.856104] systemd[1]: Started systemd-journald.service.
[    5.913452] rk3568-dmc dmc: target: 1056000000 -> 528000000 Hz
[    6.079647] systemd-journald[232]: Received client request to flush runtime journal.
[    6.102160] khugepaged: raising min_free_kbytes from 16384 to 22528 to help transparent hugepage allocations
[    7.565069] rk3568-dmc dmc: target: 528000000 -> 324000000 Hz
[    9.554393] rockchip-rga fdeb0000.rga: HW Version: 0x03.02
[    9.561468] Bluetooth: Core ver 2.22
[    9.565269] NET: Registered PF_BLUETOOTH protocol family
[    9.575578] Bluetooth: HCI device and connection manager initialized
[    9.577561] Bluetooth: HCI socket layer initialized
[    9.583416] rockchip-rga fdeb0000.rga: Registered rockchip-rga as /dev/video0
[    9.584992] Bluetooth: L2CAP socket layer initialized
[    9.586403] hantro-vpu fdea0000.video-codec: registered rockchip,rk3568-vpu-dec as /dev/video1
[    9.587435] Bluetooth: SCO socket layer initialized
[    9.590606] hantro-vpu fdee0000.video-codec: registered rockchip,rk3568-vepu-enc as /dev/video2
[    9.726846] usbcore: registered new interface driver btusb
[    9.732861] Bluetooth: hci0: RTL: examining hci_ver=08 hci_rev=000f lmp_ver=08 lmp_subver=8723
[    9.736817] Bluetooth: hci0: RTL: rom_version status=0 version=2
[    9.739768] Bluetooth: hci0: RTL: btrtl_initialize: key id 0
[    9.741521] Bluetooth: hci0: RTL: loading rtl_bt/rtl8723fu_fw.bin
[    9.764654] Bluetooth: hci0: RTL: loading rtl_bt/rtl8723fu_config.bin
[    9.768411] Bluetooth: hci0: RTL: cfg_sz 14, total sz 37507
[    9.971781] rocknix-singleadc-joypad rocknix-singleadc-joypad: joypad_dt_parse : invert-absx = 0, inveret-absy = 0, invert-absrx = 0, invert-absry = 0
[    9.994453] rocknix-singleadc-joypad rocknix-singleadc-joypad: joypad_dt_parse : adc key cnt = 0, gpio key cnt = 17
[   10.003872] rocknix-singleadc-joypad rocknix-singleadc-joypad: joypad_dt_parse : has rumble
[   10.006169] rocknix-singleadc-joypad rocknix-singleadc-joypad: joypad_dt_parse : using Miyoo Serial Joypad logic
[   10.011351] rocknix-singleadc-joypad rocknix-singleadc-joypad: Boost = 0, 0
[   10.043980] input: retrogame_joypad as /devices/platform/rocknix-singleadc-joypad/input/input3
[   10.085906] rocknix-singleadc-joypad rocknix-singleadc-joypad: rumble setup success!
[   10.101163] rocknix-singleadc-joypad rocknix-singleadc-joypad: joypad_probe : probe success
[   10.203132] Bluetooth: hci0: RTL: fw version 0xd9b80b4f
[   10.520326] usbcore: registered new interface driver rtl8733bu
[   11.766962] random: crng init done
[   13.279562] hdmi-audio-codec hdmi-audio-codec.9.auto: HDMI: Unknown ELD version 0
[   13.348216] hdmi-audio-codec hdmi-audio-codec.9.auto: HDMI: Unknown ELD version 0
[   13.981924] hdmi-audio-codec hdmi-audio-codec.9.auto: HDMI: Unknown ELD version 0
[   14.086553] hdmi-audio-codec hdmi-audio-codec.9.auto: HDMI: Unknown ELD version 0
[   14.093032] hdmi-audio-codec hdmi-audio-codec.9.auto: HDMI: Unknown ELD version 0
[   15.861358] usbcore: deregistering interface driver btusb
[   18.188932] mali fde60000.gpu: Kernel DDK version r54p2-01eac0
[   18.196153] mali fde60000.gpu: Register LUT 00070200 initialized for GPU arch 0x00070400
[   18.198227] mali fde60000.gpu: GPU identified as 0x2 arch 7.4.0 r1p0 status 0
[   18.200647] mali fde60000.gpu: No priority control manager is configured
[   18.202549] mali fde60000.gpu: Large page support was disabled at compile-time!
[   18.205468] mali fde60000.gpu: No memory group manager is configured
[   18.218528] mali fde60000.gpu: Using configured power model mali-g52_r1-power-model, and fallback mali-simple-power-model
[   18.224174] workqueue: name exceeds WQ_NAME_LEN. Truncating to: kbase_job_fault_resume_work_que
[   18.237269] mali fde60000.gpu: * MALI kbase_mmap_min_addr compiled to CONFIG_DEFAULT_MMAP_MIN_ADDR, no runtime update possible! *
[   18.241436] mali fde60000.gpu: Probed as mali0
[   18.332620] devfreq fde60000.gpu: Couldn't update frequency transition information.
[   20.207069] rocknix-singleadc-joypad rocknix-singleadc-joypad: Starting /dev/ttyS1 init after driver load.
[   20.212285] rocknix-singleadc-joypad rocknix-singleadc-joypad: Opened serial port /dev/ttyS1 and set 9600 8N1 (in-kernel).
[   20.216196] rocknix-singleadc-joypad rocknix-singleadc-joypad: Auto-calibration: reading 50 frames...
[   20.963387] rocknix-singleadc-joypad rocknix-singleadc-joypad:   Average YL=133, XL=109, YR=134, XR=112
[   20.967175] rocknix-singleadc-joypad rocknix-singleadc-joypad: Auto-calibration complete.
[   20.971937] rocknix-singleadc-joypad rocknix-singleadc-joypad: Miyoo serial logic started successfully!
[   20.971978] rocknix-singleadc-joypad rocknix-singleadc-joypad: Starting Miyoo serial read loop.
[   22.353044] file system registered
[   33.771596] vcc1v8_dvp: disabling
[   33.773336] vcc2v8_dvp: disabling
[   64.491444] cfg80211: failed to load regulatory.db

ROCKNIX:~ # dd if=/dev/zero of=/tmp/test bs=50M count=300 2>/dev/null && rm -f / tmp/test
[   72.096212] rk3568-dmc dmc: target: 324000000 -> 1056000000 Hz
ROCKNIX:~ # 
ROCKNIX:~ # [   73.180615] rk3568-dmc dmc: target: 1056000000 -> 324000000 Hz

ROCKNIX:~ # [   80.581048] usb 3-1: USB disconnect, device number 2
[   81.315778] PM: suspend entry (deep)
[   81.318123] Freezing user space processes
[   81.323372] Freezing user space processes completed (elapsed 0.002 seconds)
[   81.324044] OOM killer disabled.
[   81.324417] Freezing remaining freezable tasks
[   81.326580] Freezing remaining freezable tasks completed (elapsed 0.001 seconds)
[   81.327537] printk: Suspending console(s) (use no_console_suspend to debug)
abcdeghijsramwfiABCDEFGHIJKL1MI/TC: Secondary CPU 1 initializing
I/TC: Secondary CPU 1 switching to normal world boot
I/TC: Secondary CPU 2 initializing
I/TC: Secondary CPU 2 switching to normal world boot
I/TC: Secondary CPU 3 initializing
I/TC: Secondary CPU 3 switching to normal world boot
[   81.355384] rk3568-dmc dmc: suspend: rate=1056000000 DFI disabled
[   81.429786] rockchip-dfi fe230000.dfi: [5b5616] dfi_suspend: usecount=1
[   81.436070] Disabling non-boot CPUs ...
[   81.437383] psci: CPU3 killed (polled 0 ms)
[   81.439782] psci: CPU2 killed (polled 0 ms)
[   81.443034] psci: CPU1 killed (polled 4 ms)
[   81.444681] Enabling non-boot CPUs ...
[   81.445654] Detected VIPT I-cache on CPU1
[   81.445718] GICv3: CPU1: found redistributor 100 region 0:0x00000000fd480000
[   81.445793] CPU1: Booted secondary processor 0x0000000100 [0x412fd050]
[   81.446825] CPU1 is up
[   81.447786] Detected VIPT I-cache on CPU2
[   81.447837] GICv3: CPU2: found redistributor 200 region 0:0x00000000fd4a0000
[   81.447899] CPU2: Booted secondary processor 0x0000000200 [0x412fd050]
[   81.448860] CPU2 is up
[   81.449742] Detected VIPT I-cache on CPU3
[   81.449794] GICv3: CPU3: found redistributor 300 region 0:0x00000000fd4c0000
[   81.449857] CPU3: Booted secondary processor 0x0000000300 [0x412fd050]
[   81.450820] CPU3 is up
[   81.456727] rockchip-dfi fe230000.dfi: [5b5616] dfi_resume: usecount=1
[   81.456755] rockchip-dfi fe230000.dfi: [5b5616] dfi_resume: DDRMON reprogrammed, counters primed
[   81.466943] usb usb3: root hub lost power or was reset
[   82.798069] xhci-hcd xhci-hcd.11.auto: xHC error in resume, USBSTS 0x401, Reinit
[   82.798100] usb usb1: root hub lost power or was reset
[   82.798111] usb usb2: root hub lost power or was reset
[   82.855007] usb usb4: root hub lost power or was reset
[   82.855118] rk3568-dmc dmc: resume: rate=1056000000 DFI enabled and primed
[   82.953332] OOM killer enabled.
[   82.953616] Restarting tasks: Starting
[   82.956033] Restarting tasks: Done
[   82.971000] mmc_host mmc1: Bus speed (slot 0) = 375000Hz (slot req 400000Hz, actual 375000HZ div = 0)
[   83.405236] mmc_host mmc1: Bus speed (slot 0) = 150000000Hz (slot req 150000000Hz, actual 150000000HZ div = 0)
[   83.411229] dwmmc_rockchip fe2b0000.mmc: Successfully tuned phase to 259
[   83.422653] PM: suspend exit

ROCKNIX:~ # dd if=/dev/zero of=/tmp/test bs=50M count=300 2>/dev/null && rm -f /ttmp/test
ROCKNIX:~ # dd if=/dev/zero of=/tmp/test bs=50M count=300 2>/dev/null && rm -f /ttmp/test
ROCKNIX:~ # poweroff
Call to PowerOff failed: There's already a shutdown or sleep operation in progress
ROCKNIX:~ # DDR 03ea844c5d typ 24/09/03-10:42:57,fwver: v1.23
ln
wdqs_if: 0x1010100
LP4/4x derate en, other dram:1x trefi
ddrconfig:0
MID:0x1
LPDDR4, 324MHz
BW=32 Col=10 Bk=8 CS0 Row=15 CS=1 Die BW=16 Size=1024MB
tdqss_lf: cs0 dqs0: 24ps, dqs1: -72ps, dqs2: -72ps, dqs3: -168ps, 
tdqss_hf: cs0 dqs0: 24ps, dqs1: -72ps, dqs2: -72ps, dqs3: -168ps, 

change to: 324MHz
PHY drv:clk:38,ca:38,DQ:30,odt:0
vrefinner:41%, vrefout:41%
dram drv:40,odt:0
clk skew:0x62

change to: 528MHz
PHY drv:clk:38,ca:38,DQ:30,odt:0
vrefinner:41%, vrefout:41%
dram drv:40,odt:0
clk skew:0x58

change to: 780MHz
PHY drv:clk:38,ca:38,DQ:30,odt:60
vrefinner:16%, vrefout:41%
dram drv:40,odt:0
clk skew:0x58
rx vref: 17.4%
tx vref: 38.0%

change to: 1056MHz(final freq)
PHY drv:clk:38,ca:38,DQ:30,odt:60
vrefinner:16%, vrefout:29%
dram drv:40,odt:80
vref_ca:00000068
clk skew:0x3f
rx vref: 18.4%
tx vref: 35.0%
cs 0:
rdtrn RS:
DQS0:0x3c, DQS1:0x39, DQS2:0x3d, DQS3:0x3c, 
min  : 0x9  0xd  0xd  0x9  0x1  0x2  0x6  0x3 , 0x7  0x8  0x4  0x1  0x6  0x8  0xb  0x8 ,
       0xe  0xd  0xc  0xb  0x1  0x3  0x2  0x7 , 0x7  0x8  0x8  0x1  0xe 0x11  0xb  0xe ,
mid  :0x28 0x2a 0x2b 0x27 0x1f 0x1f 0x24 0x20 ,0x24 0x25 0x20 0x1e 0x24 0x25 0x27 0x25 ,
      0x2c 0x2a 0x29 0x28 0x20 0x20 0x1f 0x23 ,0x24 0x23 0x23 0x1e 0x2b 0x2e 0x2a 0x2b ,
max  :0x47 0x48 0x4a 0x46 0x3d 0x3c 0x42 0x3e ,0x41 0x42 0x3d 0x3c 0x42 0x42 0x44 0x42 ,
      0x4b 0x48 0x46 0x45 0x3f 0x3d 0x3c 0x3f ,0x42 0x3f 0x3f 0x3c 0x49 0x4c 0x49 0x48 ,
range:0x3e 0x3b 0x3d 0x3d 0x3c 0x3a 0x3c 0x3b ,0x3a 0x3a 0x39 0x3b 0x3c 0x3a 0x39 0x3a ,
      0x3d 0x3b 0x3a 0x3a 0x3e 0x3a 0x3a 0x38 ,0x3b 0x37 0x37 0x3b 0x3b 0x3b 0x3e 0x3a ,
wrtrn RS:
DQS0:0x42, DQS1:0x36, DQS2:0x36, DQS3:0x29, 
min  :0x57 0x57 0x58 0x56 0x4b 0x4f 0x51 0x51 0x4f ,0x4b 0x4c 0x48 0x46 0x4b 0x4f 0x50 0x50 0x4e ,
      0x4d 0x4c 0x4b 0x49 0x42 0x45 0x43 0x48 0x49 ,0x3c 0x3b 0x39 0x35 0x42 0x46 0x3f 0x46 0x3c ,
mid  :0x72 0x74 0x75 0x72 0x68 0x6b 0x6e 0x6d 0x6b ,0x66 0x67 0x61 0x60 0x67 0x68 0x6a 0x69 0x67 ,
      0x6a 0x69 0x66 0x65 0x5e 0x5d 0x5d 0x62 0x62 ,0x56 0x55 0x53 0x4f 0x5e 0x61 0x5b 0x60 0x56 ,
max  :0x8e 0x91 0x92 0x8f 0x85 0x87 0x8b 0x89 0x87 ,0x81 0x82 0x7a 0x7a 0x83 0x82 0x85 0x83 0x80 ,
      0x87 0x86 0x82 0x81 0x7a 0x75 0x77 0x7c 0x7c ,0x71 0x6f 0x6d 0x6a 0x7a 0x7c 0x77 0x7b 0x71 ,
range:0x37 0x3a 0x3a 0x39 0x3a 0x38 0x3a 0x38 0x38 ,0x36 0x36 0x32 0x34 0x38 0x33 0x35 0x33 0x32 ,
      0x3a 0x3a 0x37 0x38 0x38 0x30 0x34 0x34 0x33 ,0x35 0x34 0x34 0x35 0x38 0x36 0x38 0x35 0x35 ,
CBT RS:
cs:0 min  :0x47 0x3d 0x3f 0x33 0x3c 0x32 0x3c ,0x47 0x3c 0x3b 0x35 0x3c 0x32 0x3b ,
cs:0 mid  :0x81 0x80 0x7a 0x75 0x76 0x75 0x67 ,0x80 0x7f 0x76 0x78 0x76 0x73 0x66 ,
cs:0 max  :0xbc 0xc3 0xb5 0xb8 0xb1 0xb8 0x92 ,0xba 0xc2 0xb1 0xbc 0xb1 0xb5 0x92 ,
cs:0 range:0x75 0x86 0x76 0x85 0x75 0x86 0x56 ,0x73 0x86 0x76 0x87 0x75 0x83 0x57 ,
out

U-Boot SPL 2026.01 (Feb 23 2026 - 04:45:17 +0000)
Trying to boot from MMC2
## Checking hash(es) for config config-1 ... OK
## Checking hash(es) for Image atf-1 ... sha256+ OK
## Checking hash(es) for Image u-boot ... sha256+ OK
## Checking hash(es) for Image fdt-1 ... sha256+ OK
## Checking hash(es) for Image atf-2 ... sha256+ OK
## Checking hash(es) for Image atf-3 ... sha256+ OK
## Checking hash(es) for Image atf-4 ... sha256+ OK
## Checking hash(es) for Image atf-5 ... sha256+ OK
## Checking hash(es) for Image atf-6 ... sha256+ OK
## Checking hash(es) for Image tee-1 ... sha256+ OK
INFO:    Preloader serial: 2
NOTICE:  BL31: v2.3():v2.3-645-g8cea6ab0b:cl, fwver: v1.44
NOTICE:  BL31: Built : 16:36:43, Sep 19 2023
INFO:    GICv3 without legacy support detected.
INFO:    ARM GICv3 driver initialized in EL3
INFO:    pmu v1 is valid 220114
INFO:    l3 cache partition cfg-0
INFO:    dfs DDR fsp_param[0].freq_mhz= 1056MHz
INFO:    dfs DDR fsp_param[1].freq_mhz= 324MHz
INFO:    dfs DDR fsp_param[2].freq_mhz= 528MHz
INFO:    dfs DDR fsp_param[3].freq_mhz= 780MHz
INFO:    Using opteed sec cpu_context!
INFO:    boot cpu mask: 0
INFO:    BL31: Initializing runtime services
INFO:    BL31: Initializing BL32
I/TC: 
I/TC: OP-TEE version: 3.13.0-860-g6c78a7d8c #hisping.lin (gcc version 10.2.1 20201103 (GNU Toolchain for the A-profile Architecture 10.2-2020.11 (arm-10.16))) #2 Mon Sep  2 09:47:08 CST 2024 aarch64, fwver: v2.14 
I/TC: OP-TEE memory: TEEOS 0x200000 TA 0xc00000 SHM 0x200000
I/TC: Primary CPU initializing
I/TC: CRYPTO_CRYPTO_VERSION_NEW no support. Skip all algo mode check.
I/TC: Primary CPU switching to normal world boot
INFO:    BL31: Preparing for EL3 exit to normal world
INFO:    Entry point address = 0x800000
INFO:    SPSR = 0x3c9


U-Boot 2026.01 (Feb 23 2026 - 04:45:17 +0000)

Model: Pine64 Quartz64 Model A
SoC:   RK3566
DRAM:  1 GiB (total 1022 MiB)
PMIC:  RK817 (on=0x80, off=0x08)
Core:  323 devices, 28 uclasses, devicetree: separate
MMC:   mmc@fe2b0000: 1, mmc@fe2c0000: 2, mmc@fe310000: 0
Loading Environment from nowhere... OK
In:    serial@fe660000
Out:   serial@fe660000
Err:   serial@fe660000
Model: Pine64 Quartz64 Model A
SoC:   RK3566
Net:   eth0: ethernet@fe010000
Hit any key to stop autoboot:  2 Hit any key to stop autoboot: 1Hit any key to stop autoboot: 0
Scanning for bootflows in all bootdevs
Seq  Method       State   Uclass    Part  Name                      Filename
---  -----------  ------  --------  ----  ------------------------  ----------------
Scanning global bootmeth 'efi_mgr':
Card did not respond to voltage select! : -110
Card did not respond to voltage select! : -110
Cannot persist EFI variables without system partition
  0  efi_mgr      ready   (none)       0  <NULL>                    
** Booting bootflow '<NULL>' with efi_mgr
Loading Boot0000 'mmc 1' failed
EFI boot manager: Cannot load any image
Boot failed (err=-14)
Scanning bootdev 'mmc@fe2b0000.bootdev':
  1  extlinux     ready   mmc          1  mmc@fe2b0000.bootdev.part /extlinux/extlinux.conf
** Booting bootflow 'mmc@fe2b0000.bootdev.part_1' with extlinux
1:	ROCKNIX
Retrieving file: /KERNEL
append: boot=LABEL=ROCKNIX disk=LABEL=STORAGE console=ttyS2,1500000 console=tty0 systemd.debug_shell=ttyS2
Retrieving file: /device_trees/rk3566-miyoo-flip.dtb
## Flattened Device Tree blob at 12000000
   Booting using the fdt blob at 0x12000000
Working FDT set to 12000000
   Loading Device Tree to 000000003ce97000, end 000000003ceb8799 ... OK
Working FDT set to 3ce97000

Starting kernel ...

I/TC: Secondary CPU 1 initializing
I/TC: Secondary CPU 1 switching to normal world boot
I/TC: Secondary CPU 2 initializing
I/TC: Secondary CPU 2 switching to normal world boot
I/TC: Secondary CPU 3 initializing
I/TC: Secondary CPU 3 switching to normal world boot
[    0.000000] Booting Linux on physical CPU 0x0000000000 [0x412fd050]
[    0.000000] Linux version 6.18.13 (docker@7cff5710e8cd) (aarch64-rocknix-linux-gnu-gcc-14.2.0 (GCC) 14.2.0, GNU ld (GNU Binutils) 2.44) #1 SMP PREEMPT Fri Feb 27 16:46:05 UTC 2026
[    0.000000] KASLR enabled
[    0.000000] Machine model: Miyoo Flip
[    0.000000] Reserved memory: created CMA memory pool at 0x000000002cc00000, size 256 MiB
[    0.000000] OF: reserved mem: initialized node linux,cma, compatible id shared-dma-pool
[    0.000000] OF: reserved mem: 0x000000002cc00000..0x000000003cbfffff (262144 KiB) map reusable linux,cma
[    0.000000] OF: reserved mem: 0x000000000010f000..0x000000000010f0ff (0 KiB) nomap non-reusable shmem@10f000
[    0.000000] OF: reserved mem: 0x0000000008400000..0x00000000093fffff (16384 KiB) nomap non-reusable optee@8400000
[    0.000000] Zone ranges:
[    0.000000]   DMA      [mem 0x0000000000200000-0x000000003fffffff]
[    0.000000]   DMA32    empty
[    0.000000]   Normal   empty
[    0.000000] Movable zone start for each node
[    0.000000] Early memory node ranges
[    0.000000]   node   0: [mem 0x0000000000200000-0x00000000083fffff]
[    0.000000]   node   0: [mem 0x0000000008400000-0x00000000093fffff]
[    0.000000]   node   0: [mem 0x0000000009400000-0x000000003fffffff]
[    0.000000] Initmem setup node 0 [mem 0x0000000000200000-0x000000003fffffff]
[    0.000000] On node 0, zone DMA: 512 pages in unavailable ranges
[    0.000000] psci: probing for conduit method from DT.
[    0.000000] psci: PSCIv1.1 detected in firmware.
[    0.000000] psci: Using standard PSCI v0.2 function IDs
[    0.000000] psci: Trusted OS migration not required
[    0.000000] psci: SMC Calling Convention v1.2
[    0.000000] percpu: Embedded 22 pages/cpu s52904 r8192 d29016 u90112
[    0.000000] Detected VIPT I-cache on CPU0
[    0.000000] CPU features: detected: GICv3 CPU interface
[    0.000000] CPU features: detected: Virtualization Host Extensions
[    0.000000] CPU features: kernel page table isolation disabled by kernel configuration
[    0.000000] CPU features: detected: Qualcomm erratum 1009, or ARM erratum 1286807, 2441009
[    0.000000] CPU features: detected: ARM errata 1165522, 1319367, or 1530923
[    0.000000] alternatives: applying boot alternatives
[    0.000000] Kernel command line: boot=LABEL=ROCKNIX disk=LABEL=STORAGE console=ttyS2,1500000 console=tty0 systemd.debug_shell=ttyS2
[    0.000000] Unknown kernel command line parameters "boot=LABEL=ROCKNIX disk=LABEL=STORAGE", will be passed to user space.
[    0.000000] printk: log buffer data + meta data: 262144 + 917504 = 1179648 bytes
[    0.000000] Dentry cache hash table entries: 131072 (order: 8, 1048576 bytes, linear)
[    0.000000] Inode-cache hash table entries: 65536 (order: 7, 524288 bytes, linear)
[    0.000000] software IO TLB: SWIOTLB bounce buffer size adjusted to 0MB
[    0.000000] software IO TLB: area num 4.
[    0.000000] software IO TLB: mapped [mem 0x000000003ea00000-0x000000003eb00000] (1MB)
[    0.000000] Built 1 zonelists, mobility grouping on.  Total pages: 261632
[    0.000000] mem auto-init: stack:off, heap alloc:on, heap free:on
[    0.000000] mem auto-init: clearing system memory may take some time...
[    0.000000] SLUB: HWalign=64, Order=0-3, MinObjects=0, CPUs=4, Nodes=1
[    0.000000] rcu: Preemptible hierarchical RCU implementation.
[    0.000000] 	Trampoline variant of Tasks RCU enabled.
[    0.000000] 	Tracing variant of Tasks RCU enabled.
[    0.000000] rcu: RCU calculated value of scheduler-enlistment delay is 25 jiffies.
[    0.000000] RCU Tasks: Setting shift to 2 and lim to 1 rcu_task_cb_adjust=1 rcu_task_cpu_ids=4.
[    0.000000] RCU Tasks Trace: Setting shift to 2 and lim to 1 rcu_task_cb_adjust=1 rcu_task_cpu_ids=4.
[    0.000000] NR_IRQS: 64, nr_irqs: 64, preallocated irqs: 0
[    0.000000] GIC: enabling workaround for GICv3: non-coherent attribute
[    0.000000] GICv3: GIC: Using split EOI/Deactivate mode
[    0.000000] GICv3: 320 SPIs implemented
[    0.000000] GICv3: 0 Extended SPIs implemented
[    0.000000] GICv3: MBI range [296:319]
[    0.000000] GICv3: Using MBI frame 0x00000000fd410000
[    0.000000] Root IRQ handler: gic_handle_irq
[    0.000000] GICv3: GICv3 features: 16 PPIs
[    0.000000] GICv3: GICD_CTLR.DS=0, SCR_EL3.FIQ=1
[    0.000000] GICv3: CPU0: found redistributor 0 region 0:0x00000000fd460000
[    0.000000] ITS [mem 0xfd440000-0xfd45ffff]
[    0.000000] GIC: enabling workaround for ITS: Rockchip erratum RK3568002
[    0.000000] GIC: enabling workaround for ITS: non-coherent attribute
[    0.000000] ITS@0x00000000fd440000: allocated 8192 Devices @450000 (indirect, esz 8, psz 64K, shr 0)
[    0.000000] ITS@0x00000000fd440000: allocated 32768 Interrupt Collections @460000 (flat, esz 2, psz 64K, shr 0)
[    0.000000] ITS: using cache flushing for cmd queue
[    0.000000] GICv3: using LPI property table @0x0000000000470000
[    0.000000] GIC: using cache flushing for LPI property table
[    0.000000] GICv3: CPU0: using allocated LPI pending table @0x0000000000480000
[    0.000000] rcu: srcu_init: Setting srcu_struct sizes based on contention.
[    0.000000] arch_timer: cp15 timer running at 24.00MHz (phys).
[    0.000000] clocksource: arch_sys_counter: mask: 0xffffffffffffff max_cycles: 0x588fe9dc0, max_idle_ns: 440795202592 ns
[    0.000001] sched_clock: 56 bits at 24MHz, resolution 41ns, wraps every 4398046511097ns
[    0.001356] Console: colour dummy device 80x25
[    0.001381] printk: legacy console [tty0] enabled
[    0.002232] Calibrating delay loop (skipped), value calculated using timer frequency.. 48.00 BogoMIPS (lpj=96000)
[    0.002272] pid_max: default: 32768 minimum: 301
[    0.002428] LSM: initializing lsm=capability
[    0.002614] Mount-cache hash table entries: 2048 (order: 2, 16384 bytes, linear)
[    0.002652] Mountpoint-cache hash table entries: 2048 (order: 2, 16384 bytes, linear)
[    0.006365] rcu: Hierarchical SRCU implementation.
[    0.006411] rcu: 	Max phase no-delay instances is 1000.
[    0.006883] Timer migration: 1 hierarchy levels; 8 children per group; 1 crossnode level
[    0.007975] smp: Bringing up secondary CPUs ...
[    0.009699] Detected VIPT I-cache on CPU1
[    0.009876] GICv3: CPU1: found redistributor 100 region 0:0x00000000fd480000
[    0.009901] GICv3: CPU1: using allocated LPI pending table @0x0000000000490000
[    0.009962] CPU1: Booted secondary processor 0x0000000100 [0x412fd050]
[    0.011774] Detected VIPT I-cache on CPU2
[    0.011926] GICv3: CPU2: found redistributor 200 region 0:0x00000000fd4a0000
[    0.011950] GICv3: CPU2: using allocated LPI pending table @0x00000000004a0000
[    0.011998] CPU2: Booted secondary processor 0x0000000200 [0x412fd050]
[    0.013788] Detected VIPT I-cache on CPU3
[    0.013938] GICv3: CPU3: found redistributor 300 region 0:0x00000000fd4c0000
[    0.013961] GICv3: CPU3: using allocated LPI pending table @0x00000000004b0000
[    0.014006] CPU3: Booted secondary processor 0x0000000300 [0x412fd050]
[    0.014179] smp: Brought up 1 node, 4 CPUs
[    0.014348] SMP: Total of 4 processors activated.
[    0.014366] CPU: All CPU(s) started at EL2
[    0.014383] CPU features: detected: 32-bit EL0 Support
[    0.014401] CPU features: detected: Data cache clean to the PoU not required for I/D coherence
[    0.014426] CPU features: detected: Common not Private translations
[    0.014444] CPU features: detected: CRC32 instructions
[    0.014460] CPU features: detected: Data cache clean to Point of Persistence
[    0.014485] CPU features: detected: RCpc load-acquire (LDAPR)
[    0.014505] CPU features: detected: LSE atomic instructions
[    0.014524] CPU features: detected: Privileged Access Never
[    0.014541] CPU features: detected: PMUv3
[    0.014557] CPU features: detected: RAS Extension Support
[    0.014580] CPU features: detected: Speculative Store Bypassing Safe (SSBS)
[    0.014678] alternatives: applying system-wide alternatives
[    0.019755] CPU features: detected: Hardware dirty bit management on CPU0-3
[    0.020262] Memory: 712080K/1046528K available (16128K kernel code, 1966K rwdata, 5800K rodata, 4416K init, 542K bss, 67532K reserved, 262144K cma-reserved)
[    0.021332] devtmpfs: initialized
[    0.046365] clocksource: jiffies: mask: 0xffffffff max_cycles: 0xffffffff, max_idle_ns: 7645041785100000 ns
[    0.046460] posixtimers hash table entries: 2048 (order: 4, 65536 bytes, linear)
[    0.046612] futex hash table entries: 1024 (65536 bytes on 1 NUMA nodes, total 64 KiB, linear).
[    0.138590] 2G module region forced by RANDOMIZE_MODULE_REGION_FULL
[    0.138680] 0 pages in range for non-PLT usage
[    0.138690] 517040 pages in range for PLT usage
[    0.139000] pinctrl core: initialized pinctrl subsystem
[    0.143763] NET: Registered PF_NETLINK/PF_ROUTE protocol family
[    0.146523] DMA: preallocated 128 KiB GFP_KERNEL pool for atomic allocations
[    0.147751] DMA: preallocated 128 KiB GFP_KERNEL|GFP_DMA pool for atomic allocations
[    0.149279] DMA: preallocated 128 KiB GFP_KERNEL|GFP_DMA32 pool for atomic allocations
[    0.151158] thermal_sys: Registered thermal governor 'fair_share'
[    0.151171] thermal_sys: Registered thermal governor 'step_wise'
[    0.151316] cpuidle: using governor ladder
[    0.151401] cpuidle: using governor menu
[    0.151633] hw-breakpoint: found 6 breakpoint and 4 watchpoint registers.
[    0.151833] ASID allocator initialised with 65536 entries
[    0.152078] Serial: AMBA PL011 UART driver
[    0.167763] /vop@fe040000: Fixed dependency cycle(s) with /dsi@fe060000
[    0.167925] /dsi@fe060000: Fixed dependency cycle(s) with /dsi@fe060000/panel@0
[    0.167972] /dsi@fe060000: Fixed dependency cycle(s) with /vop@fe040000
[    0.168187] /dsi@fe060000/panel@0: Fixed dependency cycle(s) with /dsi@fe060000
[    0.168762] /vop@fe040000: Fixed dependency cycle(s) with /hdmi@fe0a0000
[    0.168902] /hdmi@fe0a0000: Fixed dependency cycle(s) with /vop@fe040000
[    0.196954] gpio gpiochip0: Static allocation of GPIO base is deprecated, use dynamic allocation.
[    0.198119] rockchip-gpio fdd60000.gpio: probed /pinctrl/gpio@fdd60000
[    0.198714] gpio gpiochip1: Static allocation of GPIO base is deprecated, use dynamic allocation.
[    0.199222] rockchip-gpio fe740000.gpio: probed /pinctrl/gpio@fe740000
[    0.199700] gpio gpiochip2: Static allocation of GPIO base is deprecated, use dynamic allocation.
[    0.200196] rockchip-gpio fe750000.gpio: probed /pinctrl/gpio@fe750000
[    0.200676] gpio gpiochip3: Static allocation of GPIO base is deprecated, use dynamic allocation.
