SoftReset, 6397800 us
DDR V1.18 f366f69a7d typ 23/07/17-15:48:58
ln
LP4/4x derate en, other dram:1x trefi
SRX
ddrconfig:0
LP4 MR14:0x4d
LPDDR4, 324MHz
BW=32 Col=10 Bk=8 CS0 Row=15 CS=1 Die BW=16 Size=1024MB
tdqss: cs0 dqs0: 24ps, dqs1: -72ps, dqs2: -48ps, dqs3: -168ps, 

change to: 324MHz
clk skew:0x62

change to: 528MHz
clk skew:0x58

change to: 780MHz
clk skew:0x58

change to: 1056MHz(final freq)
PHY drv:clk:38,ca:38,DQ:30,odt:60
vrefinner:16%, vrefout:29%
dram drv:40,odt:80
vref_ca:00000068
clk skew:0x3f
cs 0:
the read training result:
DQS0:0x3c, DQS1:0x37, DQS2:0x3b, DQS3:0x3b, 
min  : 0xb  0xd  0xd  0xd  0x1  0x5  0x5  0x2 , 0x7  0x7  0x4  0x1  0x7  0x6  0xb  0x6 ,
       0xd  0xb  0xa  0x9  0x1  0x1  0x3  0x3 , 0x7  0x8  0x7  0x2  0xf 0x11  0xf  0xd ,
mid  :0x29 0x2b 0x2b 0x29 0x20 0x22 0x24 0x1f ,0x23 0x24 0x21 0x1d 0x24 0x23 0x29 0x23 ,
      0x2a 0x28 0x28 0x26 0x1e 0x1d 0x1f 0x20 ,0x26 0x26 0x25 0x1f 0x2c 0x2f 0x2c 0x2b ,
max  :0x47 0x49 0x4a 0x46 0x3f 0x40 0x43 0x3d ,0x40 0x42 0x3e 0x3a 0x41 0x41 0x47 0x41 ,
      0x48 0x46 0x46 0x43 0x3c 0x3a 0x3b 0x3d ,0x45 0x44 0x44 0x3d 0x4a 0x4d 0x4a 0x49 ,
range:0x3c 0x3c 0x3d 0x39 0x3e 0x3b 0x3e 0x3b ,0x39 0x3b 0x3a 0x39 0x3a 0x3b 0x3c 0x3b ,
      0x3b 0x3b 0x3c 0x3a 0x3b 0x39 0x38 0x3a ,0x3e 0x3c 0x3d 0x3b 0x3b 0x3c 0x3b 0x3c ,
the write training result:
DQS0:0x42, DQS1:0x36, DQS2:0x39, DQS3:0x29, 
min  :0x54 0x58 0x59 0x56 0x4c 0x4f 0x51 0x53 0x50 ,0x49 0x4c 0x46 0x45 0x4c 0x4d 0x50 0x51 0x4b ,
      0x4f 0x4e 0x4e 0x4c 0x45 0x46 0x47 0x4c 0x4a ,0x39 0x3a 0x38 0x35 0x43 0x44 0x43 0x44 0x3b ,
mid  :0x71 0x74 0x76 0x72 0x68 0x6b 0x6d 0x6d 0x6b ,0x66 0x68 0x61 0x60 0x68 0x68 0x6a 0x6a 0x66 ,
      0x6c 0x6b 0x6a 0x69 0x61 0x5e 0x60 0x65 0x65 ,0x56 0x55 0x54 0x50 0x5f 0x60 0x5d 0x60 0x57 ,
max  :0x8f 0x91 0x93 0x8f 0x85 0x87 0x8a 0x88 0x87 ,0x83 0x85 0x7d 0x7c 0x85 0x83 0x85 0x83 0x82 ,
      0x8a 0x89 0x86 0x86 0x7d 0x77 0x7a 0x7e 0x81 ,0x74 0x71 0x71 0x6c 0x7b 0x7d 0x77 0x7c 0x73 ,
range:0x3b 0x39 0x3a 0x39 0x39 0x38 0x39 0x35 0x37 ,0x3a 0x39 0x37 0x37 0x39 0x36 0x35 0x32 0x37 ,
      0x3b 0x3b 0x38 0x3a 0x38 0x31 0x33 0x32 0x37 ,0x3b 0x37 0x39 0x37 0x38 0x39 0x34 0x38 0x38 ,
CA Training result:
cs:0 min  :0x47 0x3d 0x3f 0x31 0x3c 0x31 0x3c ,0x47 0x3a 0x3b 0x34 0x3a 0x30 0x3a ,
cs:0 mid  :0x81 0x7f 0x7a 0x74 0x76 0x74 0x67 ,0x80 0x7e 0x75 0x78 0x74 0x72 0x66 ,
cs:0 max  :0xbc 0xc2 0xb5 0xb8 0xb1 0xb8 0x92 ,0xb9 0xc2 0xaf 0xbc 0xaf 0xb4 0x92 ,
cs:0 range:0x75 0x85 0x76 0x87 0x75 0x87 0x56 ,0x72 0x88 0x74 0x88 0x75 0x84 0x58 ,
out
U-Boot SPL board init
U-Boot SPL 2017.09 (Nov 02 2024 - 15:59:04)
unrecognized JEDEC id bytes: ff, c8, 01
Trying to boot from MMC2
Card did not respond to voltage select!
mmc_init: -95, time 9
spl: mmc init failed with error: -95
Trying to boot from MMC1
Card did not respond to voltage select!
mmc_init: -95, time 13
spl: mmc init failed with error: -95
Trying to boot from MTD1
No misc partition
Trying fit image at 0x1800 sector
## Verified-boot: 0
## Checking atf-1 0x00040000 ... sha256(0d5225a4ab...) + OK
## Checking uboot 0x00a00000 ... sha256(6b05ca538b...) + OK
## Checking fdt 0x00b42560 ... sha256(036cca5880...) + OK
## Checking atf-2 0xfdcc1000 ... sha256(3e94d16e6a...) + OK
## Checking atf-3 0x0006b000 ... sha256(fde0ef262b...) + OK
## Checking atf-4 0xfdcce000 ... sha256(c9eb312bf2...) + OK
## Checking atf-5 0xfdcd0000 ... sha256(befba422b8...) + OK
## Checking atf-6 0x00069000 ... sha256(6ede7a3b44...) + OK
## Checking optee 0x08400000 ... sha256(4fcbcd3870...) + OK
Jumping to U-Boot(0x00a00000) via ARM Trusted Firmware(0x00040000)
Total: 255.353/387.24 ms

INFO:    Preloader serial: 2
NOTICE:  BL31: v2.3():v2.3-607-gbf602aff1:cl
NOTICE:  BL31: Built : 10:16:03, Jun  5 2023
INFO:    GICv3 without legacy support detected.
INFO:    ARM GICv3 driver initialized in EL3
INFO:    pmu v1 is valid 220114
INFO:    dfs DDR fsp_param[0].freq_mhz= 1056MHz
INFO:    dfs DDR fsp_param[1].freq_mhz= 324MHz
INFO:    dfs DDR fsp_param[2].freq_mhz= 528MHz
INFO:    dfs DDR fsp_param[3].freq_mhz= 780MHz
INFO:    Using opteed sec cpu_context!
INFO:    boot cpu mask: 0
INFO:    BL31: Initializing runtime services
INFO:    BL31: Initializing BL32
I/TC: 
I/TC: OP-TEE version: 3.13.0-723-gdcfdd61d0 #hisping.lin (gcc version 10.2.1 20201103 (GNU Toolchain for the A-profile Architecture 10.2-2020.11 (arm-10.16))) #2 Wed Jun  7 09:43:57 CST 2023 aarch64
I/TC: Primary CPU initializing
I/TC: Primary CPU switching to normal world boot
INFO:    BL31: Preparing for EL3 exit to normal world
INFO:    Entry point address = 0xa00000
INFO:    SPSR = 0x3c9


U-Boot 2017.09 (Nov 02 2024 - 15:59:04 +0800)

Model: Rockchip RK3568 Evaluation Board
MPIDR: 0x81000000
PreSerial: 2, raw, 0xfe660000
DRAM:  1006 MiB
Sysmem: init
Relocation Offset: 3d21d000
Relocation fdt: 3b9f9248 - 3b9fece8
CR: M/C/I
Using default environment

DM: v1
reg_boot_mode=0x5242C300
g_miyoo_use_hdmi=0
rockchip_read_resource_dtb:rk-kernel.dtb
Bootdev(atags): mtd 1
GUID Partition Table Header signature is wrong: 0xCCCCCCCCCCCCCCCC != 0x5452415020494645
Repair the backup gpt table OK!
PartType: EFI
No misc partition
[u-boot] boot mode: normal
RESC: 'boot', blk@0x0000af18
optee api revision: 2.0
TEEC: Waring: Could not find security partition
lib/avb/libavb_user/avb_ops_user.c: trusty_read_lock_state failed
Error determining whether device is unlocked.
Device is: UNLOCKED
hdr->e_nums=3
et->name rk-kernel.dtb, et->tag ENTRrk-kernel.dtb
et->name logo.bmp, et->tag ENTRlogo.bmp
et->name logo_kernel.bmp, et->tag ENTRlogo_kernel.bmp
resource DTB: rk-kernel.dtb
HASH(c): OK
I2c0 speed: 100000Hz
PMIC:  RK8170 (on=0x80, off=0x04)
vdd_logic init 900000 uV
vdd_gpu init 900000 uV
io-domain: OK
INFO:    ddr dmc_fsp already initialized in loader.
Could not find baseparameter partition
Model: MIYOO RK3566 355 V10 Board
MPIDR: 0x81000000
Can't find Charging LED -19
Can't find Charging-Full LED -19
Device 'gpio@fdd60000': seq 0 is in use by 'gpio0@fdd60000'
gpio_request 0
gpio_request 0
Enable charge animation display
Exit charge: due to boot mode
Rockchip UBOOT DRM driver version: v1.0.1
VOP have 2 active VP
vp0 have layer nr:3[1 3 5 ], primary plane: 5
vp1 have layer nr:3[0 2 4 ], primary plane: 4
vp2 have layer nr:0[], primary plane: 0
rockchip_connector_path_detect:dsi@fe060000
[dsi@fe060000] connected
Using display timing dts
dsi@fe060000:  detailed mode clock 32000 kHz, flags[a]
    H: 0640 0790 0910 1030
    V: 0480 0500 0506 0518
bus_format: 100e
VOP update mode to: 640x480p60, type: MIPI0 for VP1
VP1 set crtc_clock to 32000KHz
VOP VP1 enable Smart0[480x198->480x198@80x141] fmt[1] addr[0x3df46000]
final DSI-Link bandwidth: 426 Mbps x 2
rockchip_connector_path_detect:hdmi@fe0a0000
hdmi@fe0a0000 disconnected
CLK: (sync kernel. arm: enter 816000 KHz, init 816000 KHz, kernel 0N/A)
  apll 1104000 KHz
  dpll 528000 KHz
  gpll 1188000 KHz
  cpll 1000000 KHz
  npll 1200000 KHz
  vpll 608000 KHz
  hpll 24000 KHz
  ppll 200000 KHz
  armclk 1104000 KHz
  aclk_bus 150000 KHz
  pclk_bus 100000 KHz
  aclk_top_high 500000 KHz
  aclk_top_low 400000 KHz
  hclk_top 150000 KHz
  pclk_top 100000 KHz
  aclk_perimid 300000 KHz
  hclk_perimid 150000 KHz
  pclk_pmu 100000 KHz
Net:   No ethernet found.
Hit key to stop autoboot('CTRL+C'):  0 
Could not find misc partition
ANDROID: reboot reason: "(none)"
Not AVB images, AVB skip
ANDROID: Hash OK
Booting LZ4 kernel at 0x04080000(Uncompress to 0x00280000) with fdt at 0x08300000...


Fdt Ramdisk skip relocation
No misc partition
## Booting Android Image at 0x0407f800 ...
Kernel: 0x00280000 - 0x0116204c (15241 KiB)
## Flattened Device Tree blob at 0x08300000
   Booting using the fdt blob at 0x08300000
   Uncompressing LZ4 Kernel Image from 0x04080000 to 0x00280000 ... with 022c0a00 bytes OK
   kernel loaded at 0x00280000, end = 0x02540a00
   Using Device Tree in place at 0000000008300000, end 000000000831abb9
vp1 adjust cursor plane from 0 to 1
vp0, plane_mask:0x2a, primary-id:5, curser-id:1
vp1, plane_mask:0x15, primary-id:4, curser-id:-1
vp2, plane_mask:0x0, primary-id:0, curser-id:-1
WARNING: could not set reg FDT_ERR_BADOFFSET.
## reserved-memory:
  drm-logo@00000000: addr=3df00000 size=118000
  drm-cubic-lut@00000000: addr=3ff00000 size=8000
  ramoops@110000: addr=110000 size=f0000
Adding bank: 0x00200000 - 0x08400000 (size: 0x08200000)
Adding bank: 0x09400000 - 0x40000000 (size: 0x36c00000)
== DO RELOCATE == Kernel from 0x00280000 to 0x00200000
Total: 3379.497/3424.112 ms

Starting kernel ...

[    3.428900] Booting Linux on physical CPU 0x0000000000 [0x412fd050]
[    3.428923] Linux version 5.10.160 (raymanfeng@nuc) (aarch64-none-linux-gnu-gcc (GNU Toolchain for the A-profile Architecture 10.3-2021.07 (arm-10.29)) 10.3.1 20210621, GNU ld (GNU Toolchain for the A-profile Architecture 10.3-2021.07 (arm-10.29)) 2.36.1.20210621) #81 SMP Sun Sep 15 10:48:10 CST 2024
[    3.432342] Machine model: MIYOO RK3566 355 V10 Board
[    3.432404] earlycon: uart8250 at MMIO32 0x00000000fe660000 (options '')
[    3.436594] printk: bootconsole [uart8250] enabled
[    3.437798] efi: UEFI not found.
[    3.457500] Zone ranges:
[    3.457755]   DMA      [mem 0x0000000000200000-0x000000003fffffff]
[    3.458343]   DMA32    empty
[    3.458617]   Normal   empty
[    3.458890] Movable zone start for each node
[    3.459292] Early memory node ranges
[    3.459630]   node   0: [mem 0x0000000000200000-0x00000000083fffff]
[    3.460223]   node   0: [mem 0x0000000009400000-0x000000003fffffff]
[    3.460815] Initmem setup node 0 [mem 0x0000000000200000-0x000000003fffffff]
[    3.469076] cma: Reserved 16 MiB at 0x000000003cc00000
[    3.469646] psci: probing for conduit method from DT.
[    3.470135] psci: PSCIv1.1 detected in firmware.
[    3.470570] psci: Using standard PSCI v0.2 function IDs
[    3.471066] psci: Trusted OS migration not required
[    3.471528] psci: SMC Calling Convention v1.2
[    3.472319] percpu: Embedded 30 pages/cpu s83480 r8192 d31208 u122880
[    3.473033] Detected VIPT I-cache on CPU0
[    3.473451] CPU features: detected: GIC system register CPU interface
[    3.474058] CPU features: detected: Virtualization Host Extensions
[    3.474647] CPU features: detected: ARM errata 1165522, 1319367, or 1530923
[    3.475310] alternatives: patching kernel code
[    3.477591] Built 1 zonelists, mobility grouping on.  Total pages: 253448
[    3.478240] Kernel command line: storagemedia=mtd androidboot.storagemedia=mtd androidboot.mode=normal  androidboot.verifiedbootstate=orange androidboot.serialno=da4513159f65899d  rootwait earlycon=uart8250,mmio32,0xfe660000 console=ttyFIQ0 root=/dev/mtdblock3 rootfstype=squashfs mtdparts=spi-nand0:0x100000@0x200000(vnvm),0x400000@0x300000(uboot),0x2600000@0x700000(boot),0x4000000@0x2d00000(rootfs),0x1260000@0x6d00000(userdata)
[    3.482306] Dentry cache hash table entries: 131072 (order: 8, 1048576 bytes, linear)
[    3.483168] Inode-cache hash table entries: 65536 (order: 7, 524288 bytes, linear)
[    3.483882] mem auto-init: stack:off, heap alloc:off, heap free:off
[    3.497136] Memory: 955404K/1030144K available (18880K kernel code, 3586K rwdata, 6344K rodata, 6656K init, 564K bss, 58356K reserved, 16384K cma-reserved)
[    3.498565] SLUB: HWalign=64, Order=0-3, MinObjects=0, CPUs=4, Nodes=1
[    3.499211] ftrace: allocating 59096 entries in 231 pages
[    3.575515] ftrace: allocated 231 pages with 6 groups
[    3.576318] rcu: Hierarchical RCU implementation.
[    3.576771] rcu: 	RCU event tracing is enabled.
[    3.577199] rcu: 	RCU restricting CPUs from NR_CPUS=8 to nr_cpu_ids=4.
[    3.577814] 	Rude variant of Tasks RCU enabled.
[    3.578242] rcu: RCU calculated value of scheduler-enlistment delay is 30 jiffies.
[    3.578954] rcu: Adjusting geometry for rcu_fanout_leaf=16, nr_cpu_ids=4
[    3.584121] NR_IRQS: 64, nr_irqs: 64, preallocated irqs: 0
[    3.585651] GICv3: GIC: Using split EOI/Deactivate mode
[    3.586153] GICv3: 320 SPIs implemented
[    3.586516] GICv3: 0 Extended SPIs implemented
[    3.586968] GICv3: Distributor has no Range Selector support
[    3.587508] GICv3: 16 PPIs implemented
[    3.587897] GICv3: CPU0: found redistributor 0 region 0:0x00000000fd460000
[    3.588659] ITS [mem 0xfd440000-0xfd45ffff]
[    3.589138] ITS@0x00000000fd440000: allocated 8192 Devices @29d0000 (indirect, esz 8, psz 64K, shr 0)
[    3.590040] ITS@0x00000000fd440000: allocated 32768 Interrupt Collections @29e0000 (flat, esz 2, psz 64K, shr 0)
[    3.591003] ITS: using cache flushing for cmd queue
[    3.591714] GICv3: using LPI property table @0x00000000029f0000
[    3.592383] GIC: using cache flushing for LPI property table
[    3.592921] GICv3: CPU0: using allocated LPI pending table @0x0000000002a00000
[    3.621113] arch_timer: cp15 timer(s) running at 24.00MHz (phys).
[    3.621703] clocksource: arch_sys_counter: mask: 0xffffffffffffff max_cycles: 0x588fe9dc0, max_idle_ns: 440795202592 ns
[    3.622723] sched_clock: 56 bits at 24MHz, resolution 41ns, wraps every 4398046511097ns
[    3.624144] Console: colour dummy device 80x25
[    3.624632] Calibrating delay loop (skipped), value calculated using timer frequency.. 48.00 BogoMIPS (lpj=80000)
[    3.625605] pid_max: default: 32768 minimum: 301
[    3.626163] Mount-cache hash table entries: 2048 (order: 2, 16384 bytes, linear)
[    3.626868] Mountpoint-cache hash table entries: 2048 (order: 2, 16384 bytes, linear)
[    3.629012] rcu: Hierarchical SRCU implementation.
[    3.630143] Platform MSI: interrupt-controller@fd440000 domain created
[    3.631053] PCI/MSI: /interrupt-controller@fd400000/interrupt-controller@fd440000 domain created
[    3.632135] EFI services will not be available.
[    3.632850] smp: Bringing up secondary CPUs ...
I/TC: Secondary CPU 1 initializing
I/TC: Secondary CPU 1 switching to normal world boot
I/TC: Secondary CPU 2 initializing
I/TC: Secondary CPU 2 switching to normal world boot
I/TC: Secondary CPU 3 initializing
I/TC: Secondary CPU 3 switching to normal world boot
[    3.634547] Detected VIPT I-cache on CPU1
[    3.634579] GICv3: CPU1: found redistributor 100 region 0:0x00000000fd480000
[    3.634598] GICv3: CPU1: using allocated LPI pending table @0x0000000002a10000
[    3.634649] CPU1: Booted secondary processor 0x0000000100 [0x412fd050]
[    3.635970] Detected VIPT I-cache on CPU2
[    3.635994] GICv3: CPU2: found redistributor 200 region 0:0x00000000fd4a0000
[    3.636010] GICv3: CPU2: using allocated LPI pending table @0x0000000002a20000
[    3.636047] CPU2: Booted secondary processor 0x0000000200 [0x412fd050]
[    3.637302] Detected VIPT I-cache on CPU3
[    3.637323] GICv3: CPU3: found redistributor 300 region 0:0x00000000fd4c0000
[    3.637338] GICv3: CPU3: using allocated LPI pending table @0x0000000002a30000
[    3.637370] CPU3: Booted secondary processor 0x0000000300 [0x412fd050]
[    3.637459] smp: Brought up 1 node, 4 CPUs
[    3.644857] SMP: Total of 4 processors activated.
[    3.645302] CPU features: detected: Privileged Access Never
[    3.645827] CPU features: detected: User Access Override
[    3.646329] CPU features: detected: 32-bit EL0 Support
[    3.646831] CPU features: detected: Common not Private translations
[    3.647423] CPU features: detected: RAS Extension Support
[    3.647932] CPU features: detected: Data cache clean to the PoU not required for I/D coherence
[    3.648741] CPU features: detected: CRC32 instructions
[    3.649226] CPU features: detected: Speculative Store Bypassing Safe (SSBS)
[    3.649881] CPU features: detected: RCpc load-acquire (LDAPR)
[    3.650499] CPU: All CPU(s) started at EL2
[    3.651848] devtmpfs: initialized
[    3.664366] Registered cp15_barrier emulation handler
[    3.664860] Registered setend emulation handler
[    3.665440] clocksource: jiffies: mask: 0xffffffff max_cycles: 0xffffffff, max_idle_ns: 6370867519511994 ns
[    3.666369] futex hash table entries: 1024 (order: 4, 65536 bytes, linear)
[    3.667514] pinctrl core: initialized pinctrl subsystem
[    3.668529] DMI not present or invalid.
[    3.669285] NET: Registered protocol family 16
[    3.671259] DMA: preallocated 128 KiB GFP_KERNEL pool for atomic allocations
[    3.672073] DMA: preallocated 128 KiB GFP_KERNEL|GFP_DMA pool for atomic allocations
[    3.674247] Registered FIQ tty driver
[    3.674904] thermal_sys: Registered thermal governor 'fair_share'
[    3.674909] thermal_sys: Registered thermal governor 'step_wise'
[    3.675514] thermal_sys: Registered thermal governor 'user_space'
[    3.676082] thermal_sys: Registered thermal governor 'power_allocator'
[    3.676877] thermal thermal_zone1: power_allocator: sustainable_power will be estimated
[    3.678300] cpuidle: using governor menu
[    3.678964] hw-breakpoint: found 6 breakpoint and 4 watchpoint registers.
[    3.679724] ASID allocator initialised with 65536 entries
[    3.682093] ramoops: dmesg-0	0x20000@0x0000000000110000
[    3.682638] ramoops: console	0x80000@0x0000000000130000
[    3.683142] ramoops: pmsg	0x50000@0x00000000001b0000
[    3.683946] printk: console [ramoops-1] enabled
[    3.684377] pstore: Registered ramoops as persistent store backend
[    3.684960] ramoops: using 0xf0000@0x110000, ecc: 0
[    3.710258] rockchip-gpio fdd60000.gpio0: probed /pinctrl/gpio0@fdd60000
[    3.711343] rockchip-gpio fe740000.gpio1: probed /pinctrl/gpio1@fe740000
[    3.712382] rockchip-gpio fe750000.gpio2: probed /pinctrl/gpio2@fe750000
[    3.713441] rockchip-gpio fe760000.gpio3: probed /pinctrl/gpio3@fe760000
[    3.714508] rockchip-gpio fe770000.gpio4: probed /pinctrl/gpio4@fe770000
[    3.715208] rockchip-pinctrl pinctrl: probed pinctrl
[    3.750017] fiq_debugger fiq_debugger.0: IRQ fiq not found
[    3.750557] fiq_debugger fiq_debugger.0: IRQ wakeup not found
[    3.751108] fiq_debugger_probe: could not install nmi irq handler
[[    3.751768] printk: console [ttyFIQ0] enabled
    3.751768] printk: console [ttyFIQ0] enabled
[    3.752569] printk: bootconsole [uart8250] disabled
[    3.752569] printk: bootconsole [uart8250] disabled
[    3.753205] Registered fiq debugger ttyFIQ0
[    3.754214] vcc5v0_host: supplied by vcc5v0_usb
[    3.755484] iommu: Default domain type: Translated 
[    3.758514] vgaarb: loaded
[    3.758845] SCSI subsystem initialized
[    3.759012] usbcore: registered new interface driver usbfs
[    3.759053] usbcore: registered new interface driver hub
[    3.759088] usbcore: registered new device driver usb
[    3.759167] mc: Linux media interface: v0.10
[    3.759192] videodev: Linux video capture interface: v2.00
[    3.759261] pps_core: LinuxPPS API ver. 1 registered
[    3.759270] pps_core: Software ver. 5.3.6 - Copyright 2005-2007 Rodolfo Giometti <giometti@linux.it>
[    3.759286] PTP clock support registered
[    3.759936] arm-scmi firmware:scmi: SCMI Notifications - Core Enabled.
[    3.760003] arm-scmi firmware:scmi: SCMI Protocol v2.0 'rockchip:' Firmware version 0x0
[    3.761625] Advanced Linux Sound Architecture Driver Initialized.
[    3.762015] Bluetooth: Core ver 2.22
[    3.762054] NET: Registered protocol family 31
[    3.762062] Bluetooth: HCI device and connection manager initialized
[    3.762075] Bluetooth: HCI socket layer initialized
[    3.762089] Bluetooth: L2CAP socket layer initialized
[    3.762107] Bluetooth: SCO socket layer initialized
[    3.762570] rockchip-cpuinfo cpuinfo: SoC		: 35663000
[    3.762583] rockchip-cpuinfo cpuinfo: Serial		: 58e4baed16fd40a3
[    3.763299] clocksource: Switched to clocksource arch_sys_counter
[    4.176352] NET: Registered protocol family 2
[    4.176528] IP idents hash table entries: 16384 (order: 5, 131072 bytes, linear)
[    4.177375] tcp_listen_portaddr_hash hash table entries: 512 (order: 1, 8192 bytes, linear)
[    4.177407] TCP established hash table entries: 8192 (order: 4, 65536 bytes, linear)
[    4.177457] TCP bind hash table entries: 8192 (order: 5, 131072 bytes, linear)
[    4.177566] TCP: Hash tables configured (established 8192 bind 8192)
[    4.177682] UDP hash table entries: 512 (order: 2, 16384 bytes, linear)
[    4.177706] UDP-Lite hash table entries: 512 (order: 2, 16384 bytes, linear)
[    4.177847] NET: Registered protocol family 1
[    4.178283] RPC: Registered named UNIX socket transport module.
[    4.178295] RPC: Registered udp transport module.
[    4.178302] RPC: Registered tcp transport module.
[    4.178307] RPC: Registered tcp NFSv4.1 backchannel transport module.
[    4.179177] PCI: CLS 0 bytes, default 64
[    4.181463] rockchip-thermal fe710000.tsadc: tsadc is probed successfully!
[    4.182406] hw perfevents: enabled with armv8_cortex_a55 PMU driver, 7 counters available
[    4.186160] Initialise system trusted keyrings
[    4.186337] workingset: timestamp_bits=62 max_order=18 bucket_order=0
[    4.189828] squashfs: version 4.0 (2009/01/31) Phillip Lougher
[    4.190370] NFS: Registering the id_resolver key type
[    4.190402] Key type id_resolver registered
[    4.190411] Key type id_legacy registered
[    4.190445] ntfs: driver 2.1.32 [Flags: R/O].
[    4.190618] jffs2: version 2.2. (NAND) Â 2001-2006 Red Hat, Inc.
[    4.190867] fuse: init (API version 7.32)
[    4.191129] SGI XFS with security attributes, no debug enabled
[    4.221908] NET: Registered protocol family 38
[    4.221938] Key type asymmetric registered
[    4.221948] Asymmetric key parser 'x509' registered
[    4.221994] Block layer SCSI generic (bsg) driver version 0.4 loaded (major 242)
[    4.222005] io scheduler mq-deadline registered
[    4.222013] io scheduler kyber registered
[    4.230676] pwm-backlight backlight: supply power not found, using dummy regulator
[    4.231281] iep: Module initialized.
[    4.231343] mpp_service mpp-srv: unknown mpp version for missing VCS info
[    4.231353] mpp_service mpp-srv: probe start
[    4.232939] mpp_vdpu2 fdea0400.vdpu: Adding to iommu group 1
[    4.233125] mpp_vdpu2 fdea0400.vdpu: probe device
[    4.233630] mpp_vdpu2 fdea0400.vdpu: probing finish
[    4.234120] mpp_vepu2 fdee0000.vepu: Adding to iommu group 3
[    4.234302] mpp_vepu2 fdee0000.vepu: probing start
[    4.234720] mpp_vepu2 fdee0000.vepu: probing finish
[    4.235211] mpp-iep2 fdef0000.iep: Adding to iommu group 4
[    4.235384] mpp-iep2 fdef0000.iep: probe device
[    4.235635] mpp-iep2 fdef0000.iep: allocate roi buffer failed
[    4.235827] mpp-iep2 fdef0000.iep: probing finish
[    4.236271] mpp_jpgdec fded0000.jpegd: Adding to iommu group 2
[    4.236435] mpp_jpgdec fded0000.jpegd: probe device
[    4.236935] mpp_jpgdec fded0000.jpegd: probing finish
[    4.238011] mpp_service mpp-srv: probe success
[    4.241868] dma-pl330 fe530000.dmac: Loaded driver for PL330 DMAC-241330
[    4.241911] dma-pl330 fe530000.dmac: 	DBUFF-128x8bytes Num_Chans-8 Num_Peri-32 Num_Events-16
[    4.243594] dma-pl330 fe550000.dmac: Loaded driver for PL330 DMAC-241330
[    4.243621] dma-pl330 fe550000.dmac: 	DBUFF-128x8bytes Num_Chans-8 Num_Peri-32 Num_Events-16
[    4.244307] rockchip-pvtm fde00000.pvtm: pvtm@0 probed
[    4.244440] rockchip-pvtm fde80000.pvtm: pvtm@1 probed
[    4.244544] rockchip-pvtm fde90000.pvtm: pvtm@2 probed
[    4.245021] rockchip-system-monitor rockchip-system-monitor: system monitor probe
[    4.245515] arm-scmi firmware:scmi: Failed. SCMI protocol 22 not active.
[    4.245757] Serial: 8250/16550 driver, 10 ports, IRQ sharing disabled
[    4.246513] fe650000.serial: ttyS1 at MMIO 0xfe650000 (irq = 58, base_baud = 1500000) is a 16550A
[    4.248669] random: crng init done
[    4.249095] rockchip-vop2 fe040000.vop: Adding to iommu group 7
[    4.255188] rockchip-vop2 fe040000.vop: [drm:vop2_bind] vp0 assign plane mask: 0x2a, primary plane phy id: 5
[    4.255235] rockchip-vop2 fe040000.vop: [drm:vop2_bind] vp1 assign plane mask: 0x15, primary plane phy id: 4
[    4.255247] rockchip-vop2 fe040000.vop: [drm:vop2_bind] vp2 assign plane mask: 0x0, primary plane phy id: -1
[    4.255372] rockchip-vop2 fe040000.vop: [drm:vop2_bind] Cluster1-win0 as cursor plane for vp0
[    4.255546] [drm] failed to init overlay plane Cluster0-win1
[    4.255556] [drm] failed to init overlay plane Cluster1-win1
[    4.255686] rockchip-drm display-subsystem: bound fe040000.vop (ops 0xffffffc00937fe90)
[    4.255960] dwhdmi-rockchip fe0a0000.hdmi: Detected HDMI TX controller v2.11a with HDCP (DWC HDMI 2.0 TX PHY)
[    4.256487] dwhdmi-rockchip fe0a0000.hdmi: registered DesignWare HDMI I2C bus driver
[    4.256734] dwhdmi-rockchip fe0a0000.hdmi: IRQ index 1 not found
[    4.257070] rockchip-drm display-subsystem: bound fe0a0000.hdmi (ops 0xffffffc00938e9f8)
[    4.257100] dw-mipi-dsi-rockchip fe060000.dsi: failed to find panel or bridge: -517
[    4.260593] panel-simple-dsi fe060000.dsi.0: failed to get power regulator: -517
[    4.261695] cacheinfo: Unable to detect cache hierarchy for CPU 0
[    4.262321] brd: module loaded
[    4.266820] loop: module loaded
[    4.267200] zram: Added device: zram0
[    4.267421] lkdtm: No crash points registered, enable through debugfs
[    4.270346] spi-nand spi4.0: esmt SPI NAND was found.
[    4.270379] spi-nand spi4.0: 128 MiB, block size: 128 KiB, page size: 2048, OOB size: 64
[    4.271863] 5 cmdlinepart partitions found on MTD device spi-nand0
[    4.271881] Creating 5 MTD partitions on "spi-nand0":
[    4.271892] 0x000000200000-0x000000300000 : "vnvm"
[    4.272948] 0x000000300000-0x000000700000 : "uboot"
[    4.273931] 0x000000700000-0x000002d00000 : "boot"
[    4.274954] 0x000002d00000-0x000006d00000 : "rootfs"
[    4.276035] 0x000006d00000-0x000007f60000 : "userdata"
[    4.277669] RTW: module init start
[    4.277697] RTW: rtl8733bu v5.13.0.1-112-g10248f4f3.20230626_COEX20230616-330e
[    4.277706] RTW: build time: Aug 22 2024 11:30:41
[    4.277712] RTW: rtl8733bu BT-Coex version = COEX20230616-330e
[    4.277750] RTW: rtw_inetaddr_notifier_register
[    4.277800] usbcore: registered new interface driver rtl8733bu
[    4.277809] RTW: module init ret=0
[    4.288391] ehci_hcd: USB 2.0 'Enhanced' Host Controller (EHCI) Driver
[    4.288439] ehci-pci: EHCI PCI platform driver
[    4.288519] ehci-platform: EHCI generic platform driver
[    4.288913] phy phy-fe8b0000.usb2-phy.4: illegal mode
[    4.290959] ehci-platform fd800000.usb: EHCI Host Controller
[    4.291132] ehci-platform fd800000.usb: new USB bus registered, assigned bus number 1
[    4.291250] ehci-platform fd800000.usb: irq 19, io mem 0xfd800000
[    4.303319] ehci-platform fd800000.usb: USB 2.0 started, EHCI 1.00
[    4.303499] usb usb1: New USB device found, idVendor=1d6b, idProduct=0002, bcdDevice= 5.10
[    4.303511] usb usb1: New USB device strings: Mfr=3, Product=2, SerialNumber=1
[    4.303519] usb usb1: Product: EHCI Host Controller
[    4.303526] usb usb1: Manufacturer: Linux 5.10.160 ehci_hcd
[    4.303533] usb usb1: SerialNumber: fd800000.usb
[    4.303912] hub 1-0:1.0: USB hub found
[    4.303954] hub 1-0:1.0: 1 port detected
[    4.306590] ehci-platform fd880000.usb: EHCI Host Controller
[    4.306772] ehci-platform fd880000.usb: new USB bus registered, assigned bus number 2
[    4.306880] ehci-platform fd880000.usb: irq 21, io mem 0xfd880000
[    4.319983] ehci-platform fd880000.usb: USB 2.0 started, EHCI 1.00
[    4.320150] usb usb2: New USB device found, idVendor=1d6b, idProduct=0002, bcdDevice= 5.10
[    4.320161] usb usb2: New USB device strings: Mfr=3, Product=2, SerialNumber=1
[    4.320169] usb usb2: Product: EHCI Host Controller
[    4.320176] usb usb2: Manufacturer: Linux 5.10.160 ehci_hcd
[    4.320183] usb usb2: SerialNumber: fd880000.usb
[    4.320529] hub 2-0:1.0: USB hub found
[    4.320569] hub 2-0:1.0: 1 port detected
[    4.321152] ohci_hcd: USB 1.1 'Open' Host Controller (OHCI) Driver
[    4.321176] ohci-pci: OHCI PCI platform driver
[    4.321248] ohci-platform: OHCI generic platform driver
[    4.321534] phy phy-fe8b0000.usb2-phy.4: illegal mode
[    4.321553] ohci-platform fd840000.usb: Generic Platform OHCI controller
[    4.321707] ohci-platform fd840000.usb: new USB bus registered, assigned bus number 3
[    4.321814] ohci-platform fd840000.usb: irq 20, io mem 0xfd840000
[    4.380782] usb usb3: New USB device found, idVendor=1d6b, idProduct=0001, bcdDevice= 5.10
[    4.380801] usb usb3: New USB device strings: Mfr=3, Product=2, SerialNumber=1
[    4.380809] usb usb3: Product: Generic Platform OHCI controller
[    4.380817] usb usb3: Manufacturer: Linux 5.10.160 ohci_hcd
[    4.380824] usb usb3: SerialNumber: fd840000.usb
[    4.381194] hub 3-0:1.0: USB hub found
[    4.381230] hub 3-0:1.0: 1 port detected
[    4.381736] ohci-platform fd8c0000.usb: Generic Platform OHCI controller
[    4.381882] ohci-platform fd8c0000.usb: new USB bus registered, assigned bus number 4
[    4.381988] ohci-platform fd8c0000.usb: irq 22, io mem 0xfd8c0000
[    4.440776] usb usb4: New USB device found, idVendor=1d6b, idProduct=0001, bcdDevice= 5.10
[    4.440795] usb usb4: New USB device strings: Mfr=3, Product=2, SerialNumber=1
[    4.440803] usb usb4: Product: Generic Platform OHCI controller
[    4.440810] usb usb4: Manufacturer: Linux 5.10.160 ohci_hcd
[    4.440817] usb usb4: SerialNumber: fd8c0000.usb
[    4.441167] hub 4-0:1.0: USB hub found
[    4.441203] hub 4-0:1.0: 1 port detected
[    4.442251] xhci-hcd xhci-hcd.0.auto: xHCI Host Controller
[    4.442445] xhci-hcd xhci-hcd.0.auto: new USB bus registered, assigned bus number 5
[    4.442575] xhci-hcd xhci-hcd.0.auto: hcc params 0x0220fe64 hci version 0x110 quirks 0x0000200002010010
[    4.442629] xhci-hcd xhci-hcd.0.auto: irq 71, io mem 0xfd000000
[    4.442863] usb usb5: New USB device found, idVendor=1d6b, idProduct=0002, bcdDevice= 5.10
[    4.442874] usb usb5: New USB device strings: Mfr=3, Product=2, SerialNumber=1
[    4.442882] usb usb5: Product: xHCI Host Controller
[    4.442889] usb usb5: Manufacturer: Linux 5.10.160 xhci-hcd
[    4.442896] usb usb5: SerialNumber: xhci-hcd.0.auto
[    4.443254] hub 5-0:1.0: USB hub found
[    4.443320] hub 5-0:1.0: 1 port detected
[    4.443598] xhci-hcd xhci-hcd.0.auto: xHCI Host Controller
[    4.443768] xhci-hcd xhci-hcd.0.auto: new USB bus registered, assigned bus number 6
[    4.443787] xhci-hcd xhci-hcd.0.auto: Host supports USB 3.0 SuperSpeed
[    4.443849] usb usb6: We don't know the algorithms for LPM for this host, disabling LPM.
[    4.443955] usb usb6: New USB device found, idVendor=1d6b, idProduct=0003, bcdDevice= 5.10
[    4.443965] usb usb6: New USB device strings: Mfr=3, Product=2, SerialNumber=1
[    4.443973] usb usb6: Product: xHCI Host Controller
[    4.443979] usb usb6: Manufacturer: Linux 5.10.160 xhci-hcd
[    4.443986] usb usb6: SerialNumber: xhci-hcd.0.auto
[    4.444344] hub 6-0:1.0: USB hub found
[    4.444378] hub 6-0:1.0: 1 port detected
[    4.444782] usbcore: registered new interface driver cdc_acm
[    4.444792] cdc_acm: USB Abstract Control Model driver for USB modems and ISDN adapters
[    4.445035] usbcore: registered new interface driver uas
[    4.445113] usbcore: registered new interface driver usb-storage
[    4.445206] usbcore: registered new interface driver usbserial_generic
[    4.445231] usbserial: USB Serial support registered for generic
[    4.445277] usbcore: registered new interface driver cp210x
[    4.445299] usbserial: USB Serial support registered for cp210x
[    4.445354] usbcore: registered new interface driver ftdi_sio
[    4.445375] usbserial: USB Serial support registered for FTDI USB Serial Device
[    4.445482] usbcore: registered new interface driver keyspan
[    4.445504] usbserial: USB Serial support registered for Keyspan - (without firmware)
[    4.445525] usbserial: USB Serial support registered for Keyspan 1 port adapter
[    4.445544] usbserial: USB Serial support registered for Keyspan 2 port adapter
[    4.445563] usbserial: USB Serial support registered for Keyspan 4 port adapter
[    4.445606] usbcore: registered new interface driver option
[    4.445628] usbserial: USB Serial support registered for GSM modem (1-port)
[    4.445772] usbcore: registered new interface driver oti6858
[    4.445794] usbserial: USB Serial support registered for oti6858
[    4.445831] usbcore: registered new interface driver pl2303
[    4.445853] usbserial: USB Serial support registered for pl2303
[    4.445895] usbcore: registered new interface driver qcserial
[    4.445920] usbserial: USB Serial support registered for Qualcomm USB modem
[    4.445968] usbcore: registered new interface driver sierra
[    4.445990] usbserial: USB Serial support registered for Sierra USB modem
[    4.447458] input: gpio-keys-polled as /devices/platform/gpio-keys-polled/input/input0
[    4.447805] [Miyoo]miyooio init
[    4.448335] usbcore: registered new interface driver xpad
[    4.448437] usbcore: registered new interface driver usbtouchscreen
[    4.449320] input: hall wake key as /devices/platform/hall-mh248/input/input1
[    4.449473] mh248 hall-mh248: hall_mh248_probe success.
[    4.449885] i2c /dev entries driver
[    4.450930] fan53555-regulator 0-001c: Failed to get chip ID!
[    4.451749] RK860 chip ID:88
[    4.454259] vdd_cpu: supplied by vcc3v8_sys
[    4.462121] rk808 0-0020: chip id: 0x8170
[    4.462167] rk808 0-0020: No cache defaults, reading back from HW
[    4.485833] rk808 0-0020: source: on=0x80, off=0x04
[    4.485860] rk808 0-0020: support dcdc3 fb mode:-22, 1
[    4.485871] rk808 0-0020: support pmic reset mode:0,0
[    4.490913] rk808-regulator rk808-regulator: there is no dvs0 gpio
[    4.490959] rk808-regulator rk808-regulator: there is no dvs1 gpio
[    4.491374] vdd_logic: supplied by vcc3v8_sys
[    4.492348] vdd_gpu: supplied by vcc3v8_sys
[    4.492917] vcc_ddr: supplied by vcc3v8_sys
[    4.493831] vcc_3v3: supplied by vcc3v8_sys
[    4.494415] vcca1v8_pmu: supplied by vcc3v8_sys
[    4.495830] vdda_0v9: supplied by vcc3v8_sys
[    4.496835] vdda0v9_pmu: supplied by vcc3v8_sys
[    4.497911] vccio_acodec: supplied by vcc3v8_sys
[    4.499328] vccio_sd: supplied by vcc3v8_sys
[    4.500407] vcc3v3_pmu: supplied by vcc3v8_sys
[    4.501828] vcc_1v8: supplied by vcc3v8_sys
[    4.502901] vcc1v8_dvp: supplied by vcc3v8_sys
[    4.503995] vcc2v8_dvp: supplied by vcc3v8_sys
[    4.505076] boost: Bringing 4700000uV into 5000000-5000000uV
[    4.505444] boost: supplied by vcc3v8_sys
[    4.506641] otg_switch: supplied by boost
[    4.506898] rk817-battery rk817-battery: DMA mask not set
[    4.507013] rk817-battery rk817-battery: fb_temperature missing!
[    4.507023] rk817-battery rk817-battery: energy_mode missing!
[    4.507032] rk817-battery rk817-battery: zero_reserve_dsoc missing!
[    4.507042] rk817-battery rk817-battery: low_power_sleep missing!
[    4.530532] rk817-bat: initialized yet..
[    4.569985] usb 2-1: new high-speed USB device number 2 using ehci-platform
[    4.577464] thermal thermal_zone2: power_allocator: sustainable_power will be estimated
[    4.577901] rk817-charger rk817-charger: DMA mask not set
[    4.577963] rk817-charger rk817-charger: power_dc2otg missing!
[    4.577974] rk817-charger rk817-charger: sample_res missing!
[    4.577981] rk817-charger rk817-charger: otg5v_suspend_enable missing!
[    4.590596] input: rk805 pwrkey as /devices/platform/fdd40000.i2c/i2c-0/0-0020/rk805-pwrkey/input/input2
[    4.596776] rk808-rtc rk808-rtc: registered as rtc0
[    4.598491] rk808-rtc rk808-rtc: setting system clock to 2026-02-17T01:13:25 UTC (1771290805)
[    4.718006] usbcore: registered new interface driver uvcvideo
[    4.718044] USB Video Class driver (1.1.1)
[    4.718084] usb 2-1: New USB device found, idVendor=0bda, idProduct=b733, bcdDevice= 0.00
[    4.718095] usb 2-1: New USB device strings: Mfr=1, Product=2, SerialNumber=3
[    4.718103] usb 2-1: Product: 802.11n  WLAN Adapter
[    4.718110] usb 2-1: Manufacturer: Realtek
[    4.718116] usb 2-1: SerialNumber: 145D3435F52C
[    4.719635] RTW: 
[    4.719635] usb_endpoint_descriptor(0):
[    4.719657] RTW: bLength=7
[    4.719663] RTW: bDescriptorType=5
[    4.719668] RTW: bEndpointAddress=84
[    4.719673] RTW: wMaxPacketSize=512
[    4.719678] RTW: bInterval=0
[    4.719683] RTW: RT_usb_endpoint_is_bulk_in = 4
[    4.719688] RTW: 
[    4.719688] usb_endpoint_descriptor(1):
[    4.719693] RTW: bLength=7
[    4.719698] RTW: bDescriptorType=5
[    4.719702] RTW: bEndpointAddress=5
[    4.719706] RTW: wMaxPacketSize=512
[    4.719711] RTW: bInterval=0
[    4.719715] RTW: RT_usb_endpoint_is_bulk_out = 5
[    4.719720] RTW: 
[    4.719720] usb_endpoint_descriptor(2):
[    4.719724] RTW: bLength=7
[    4.719728] RTW: bDescriptorType=5
[    4.719733] RTW: bEndpointAddress=6
[    4.719738] RTW: wMaxPacketSize=512
[    4.719742] RTW: bInterval=0
[    4.719746] RTW: RT_usb_endpoint_is_bulk_out = 6
[    4.719751] RTW: 
[    4.719751] usb_endpoint_descriptor(3):
[    4.719756] RTW: bLength=7
[    4.719760] RTW: bDescriptorType=5
[    4.719764] RTW: bEndpointAddress=87
[    4.719768] RTW: wMaxPacketSize=64
[    4.719773] RTW: bInterval=3
[    4.719777] RTW: RT_usb_endpoint_is_int_in = 7, Interval = 3
[    4.719782] RTW: 
[    4.719782] usb_endpoint_descriptor(4):
[    4.719786] RTW: bLength=7
[    4.719791] RTW: bDescriptorType=5
[    4.719795] RTW: bEndpointAddress=8
[    4.719799] RTW: wMaxPacketSize=512
[    4.719803] RTW: bInterval=0
[    4.719808] RTW: RT_usb_endpoint_is_bulk_out = 8
[    4.719812] RTW: nr_endpoint=5, in_num=2, out_num=3
[    4.719812] 
[    4.719817] RTW: USB_SPEED_HIGH
[    4.719824] RTW: CHIP TYPE: RTL8733B
[    4.719893] RTW: [HALMAC]135
[    4.719893] HALMAC_MAJOR_VER = 1
[    4.719893] HALMAC_PROTOTYPE_VER = 6
[    4.719893] HALMAC_MINOR_VER = 6
[    4.719893] HALMAC_PATCH_VER = 39
[    4.720671] RTW: Chip Version Info: CHIP_8733B_U4_1T1R_RomVer(3)
[    4.720689] RTW: config_chip_out_EP OutEpQueueSel(0x07), OutEpNumber(3)
[    4.720800] RTW: ERROR [HALMAC][ERR]Dump efuse in suspend
[    4.721481] Bluetooth: HCI UART driver ver 2.3
[    4.721494] Bluetooth: HCI UART protocol H4 registered
[    4.721501] Bluetooth: HCI UART protocol ATH3K registered
[    4.721600] usbcore: registered new interface driver bfusb
[    4.849046] RTW: is_valid_id_status: HALMAC_FEATURE_DUMP_LOGICAL_EFUSE
[    4.849097] RTW: HW EFUSE
[    4.849110] RTW: 0x000: 29 81 80 86  10 00 84 00  B2 0D B4 14  08 94 8A 1B  
[    4.849144] RTW: 0x010: FF FF FF FF  FF FF FF FF  FF FF FF FF  FF FF FF FF  
[    4.849175] RTW: 0x020: FF FF 02 02  02 02 FD FD  FD FD FC FC  F7 F9 F9 F6  
[    4.849206] RTW: 0x030: FF FF FF FF  FF FF FF FF  FF FF FF FF  FF FF FF FF  
[    4.849236] RTW: 0x040: FF FF FF FF  FF FF FF FF  FF FF FF FF  FF FF FF FF  
[    4.849266] RTW: 0x050: FF FF FF FF  FF FF FF FF  FF FF FF FF  FF FF FF FF  
[    4.849296] RTW: 0x060: FF FF FF FF  FF FF FF FF  FF FF FF FF  FF FF FF FF  
[    4.849326] RTW: 0x070: FF FF FF FF  FF FF FF FF  FF FF FF FF  FF FF FF FF  
[    4.849356] RTW: 0x080: FF FF FF FF  FF FF FF FF  FF FF FF FF  FF FF FF FF  
[    4.849386] RTW: 0x090: FF FF FF FF  FF FF FF FF  FF FF FF FF  FF FF FF FF  
[    4.849416] RTW: 0x0A0: FF FF FF FF  FF FF FF FF  FF FF FF FF  FF FF FF FF  
[    4.849446] RTW: 0x0B0: FF FF FF FF  FF FF FF FF  7F 48 20 00  FF FF FF FF  
[    4.849476] RTW: 0x0C0: FF 31 00 11  00 00 00 00  40 11 04 FF  FF FF FF FF  
[    4.849507] RTW: 0x0D0: FF FF FF FF  FF FF FF FF  FF FF FF FF  FF FF FF FF  
[    4.849538] RTW: 0x0E0: FF FF FF FF  FF FF FF FF  FF FF FF FF  FF FF FF FF  
[    4.849568] RTW: 0x0F0: FF FF FF FF  FF FF FF FF  FF FF FF FF  FF FF FF FF  
[    4.849598] RTW: 0x100: DA 0B 33 B7  E0 66 02 00  14 5D 34 35  F5 2C 09 03  
[    4.849628] RTW: 0x110: 52 65 61 6C  74 65 6B 17  03 38 30 32  2E 31 31 6E  
[    4.849658] RTW: 0x120: 20 20 57 4C  41 4E 20 41  64 61 70 74  65 72 0E 03  
[    4.849688] RTW: 0x130: 30 30 65 30  34 63 30 30  30 30 30 31  FF FF FF FF  
[    4.849717] RTW: 0x140: FF FF FF FF  FF FF FF FF  00 00 00 0F  FF FF FF FF  
[    4.849747] RTW: 0x150: 9F 38 7B 8D  C2 58 90 C1  25 EF 00 00  00 11 06 66  
[    4.849777] RTW: 0x160: FC 8C 00 11  9B 15 00 0E  FF FF FF FF  FF FF FF FF  
[    4.849807] RTW: 0x170: FF FF FF FF  FF FF FF FF  FF FF FF FF  FF FF FF FF  
[    4.849837] RTW: 0x180: FF FF FF FF  FF FF FF FF  FF FF FF FF  FF FF FF FF  
[    4.849868] RTW: 0x190: FF FF FF FF  FF FF FF FF  FF FF FF FF  FF FF FF FF  
[    4.849897] RTW: 0x1A0: FF FF FF FF  FF FF FF FF  FF FF FF FF  FF FF FF FF  
[    4.849928] RTW: 0x1B0: FF FF FF FF  FF FF FF FF  FF FF FF FF  FF FF FF FF  
[    4.849976] RTW: 0x1C0: FF FF FF FF  FF FF FF FF  FF FF FF FF  FF FF FF FF  
[    4.850007] RTW: 0x1D0: FF FF FF FF  FF FF FF FF  FF FF FF FF  FF FF FF FF  
[    4.850038] RTW: 0x1E0: D0 B0 58 59  32 07 55 C8  C8 00 A0 C4  63 DD 98 BB  
[    4.850068] RTW: 0x1F0: 14 05 24 E7  FF FF FF FF  FF FF FF FF  FF FF FF FF  
[    4.850098] RTW: 0x200: FF FF FF FF  FF FF FF FF  FF FF FF FF  FF FF FF FF  
[    4.850129] RTW: 0x210: FF FF FF FF  FF FF FF FF  FF FF FF FF  FF FF FF FF  
[    4.850159] RTW: 0x220: FF FF FF FF  FF FF FF FF  FF FF FF FF  FF FF FF FF  
[    4.850189] RTW: 0x230: FF FF FF FF  FF FF FF FF  FF FF FF FF  FF FF FF FF  
[    4.850219] RTW: 0x240: FF FF FF FF  FF FF FF FF  FF FF FF FF  FF FF FF FF  
[    4.850248] RTW: 0x250: FF FF FF FF  FF FF FF FF  FF FF FF FF  FF FF FF FF  
[    4.850278] RTW: 0x260: FF FF FF FF  FF FF FF FF  FF FF FF FF  FF FF FF FF  
[    4.850308] RTW: 0x270: FF FF FF FF  FF FF FF FF  FF FF FF FF  FF FF FF FF  
[    4.850337] RTW: 0x280: FF FF FF FF  FF FF FF FF  FF FF FF FF  FF FF FF FF  
[    4.850367] RTW: 0x290: FF FF FF FF  FF FF FF FF  FF FF FF FF  FF FF FF FF  
[    4.850397] RTW: 0x2A0: FF FF FF FF  FF FF FF FF  FF FF FF FF  FF FF FF FF  
[    4.850428] RTW: 0x2B0: FF FF FF FF  FF FF FF FF  FF FF FF FF  FF FF FF FF  
[    4.850457] RTW: 0x2C0: FF FF FF FF  FF FF FF FF  FF FF FF FF  FF FF FF FF  
[    4.850488] RTW: 0x2D0: FF FF FF FF  FF FF FF FF  FF FF FF FF  FF FF FF FF  
[    4.850517] RTW: 0x2E0: FF FF FF FF  FF FF FF FF  FF FF FF FF  FF FF FF FF  
[    4.850547] RTW: 0x2F0: FF FF FF FF  FF FF FF FF  FF FF FF FF  FF FF FF FF  
[    4.850579] RTW: check_phy_efuse_tx_power_info_valid: tpt_mode is TSSI, skip check
[    4.850586] RTW: EEPROM ID = 0x8129
[    4.850591] RTW: EEPROM Version = 0
[    4.850600] RTW: Hal_EfuseParseTxPowerInfo tpt_mode=4, PG with TSSI_OFFSET
[    4.850607] RTW: EEPROM Regulatory=0x01
[    4.850612] RTW: EEPROM Board Type=0x01
[    4.850617] RTW: EEPROM Enable BT-coex, ant_num=1
[    4.850624] RTW: hal_com_config_channel_plan chplan:0x3E
[    4.850629] RTW: EEPROM crystal_cap=0x48
[    4.850634] RTW: EEPROM ThermalMeter=0x20
[    4.850639] RTW: EEPROM efuse[0xc9]=0x11 is valid
[    4.850644] RTW: EEPROM Customer ID=0x00
[    4.850649] RTW: EEPROM SupportRemoteWakeup=0
[    4.850655] RTW: EEPROM PAType_2G is 0x0, ExternalPA_2G = 0
[    4.850660] RTW: EEPROM PAType_5G is 0x0, external_pa_5g = 0
[    4.850665] RTW: EEPROM LNAType_2G is 0x0, ExternalLNA_2G = 0
[    4.850670] RTW: EEPROM LNAType_5G is 0x0, external_lna_5g = 0
[    4.850675] RTW: EEPROM TypeGPA = 0x0
[    4.850680] RTW: EEPROM TypeAPA = 0x0
[    4.850684] RTW: EEPROM TypeGLNA = 0x0
[    4.850688] RTW: EEPROM TypeALNA = 0x0
[    4.850693] RTW: EEPROM rfe_type=0x4
[    4.850698] RTW: EEPROM USB Switch=0
[    4.850703] RTW: EEPROM VID = 0x0BDA, PID = 0xB733
[    4.860540] RTW: SetHwReg: bMacPwrCtrlOn=1
[    4.862788] RTW: rtl8733b_fw_dl fw source from array
[    4.962171] RTW: _rtw_hal_set_fw_rsvd_page((null)) Get [ NOR ] RsvdPageNUm  ==>
[    4.962192] RTW: LocPsPoll: 4
[    4.962204] RTW: WARN Invalid rate 0x0 in MRateToHwRate
[    4.962211] RTW: LocNullData: 5
[    4.962218] RTW: WARN Invalid rate 0x0 in MRateToHwRate
[    4.962225] RTW: LocQosNull: 6
[    4.962231] RTW: WARN Invalid rate 0x0 in MRateToHwRate
[    4.962237] RTW: LocBTQosNull: 7
[    4.962242] RTW: WARN Invalid rate 0x0 in MRateToHwRate
[    4.962249] RTW: _rtw_hal_set_fw_rsvd_page((null)) Get [ NOR ] RsvdPageNUm <==
[    4.979788] RTW: rtl8733b_fw_dl Download Firmware from array success
[    4.979808] RTW: NIC FW Version:1 SubVersion:25 FW size:122008
[    4.981669] RTW: SetHwReg: bMacPwrCtrlOn=0
[    4.989291] RTW: hal_read_mac_hidden_rpt OK! (1, 10ms), fwdl:1, id:0x19
[    4.989312] RTW: rtw_hal_read_chip_info in 267 ms
[    4.989335] RTW: [RF_PATH] ver_id.RF_TYPE:RF_1T1R
[    4.989343] RTW: [RF_PATH] HALSPEC's rf_reg_trx_path_bmp:0x11, rf_reg_path_avail_num:1, max_tx_cnt:1
[    4.989350] RTW: [RF_PATH] PG's trx_path_bmp:0x11, max_tx_cnt:0
[    4.989357] RTW: [RF_PATH] Registry's trx_path_bmp:0x00, tx_path_lmt:0, rx_path_lmt:0
[    4.989362] RTW: [RF_PATH] HALDATA's trx_path_bmp:0x11, max_tx_cnt:1
[    4.989368] RTW: [RF_PATH] HALDATA's rf_type:RF_1T1R, NumTotalRFPath:1
[    4.989374] RTW: rtw_hal_rfpath_init trx_path_bmp:0x11(RF_1T1R), NumTotalRFPath:1, max_tx_cnt:1
[    4.989380] RTW: [TRX_Nss] HALSPEC - tx_nss:1, rx_nss:1
[    4.989386] RTW: [TRX_Nss] Registry - tx_nss:0, rx_nss:0
[    4.989390] RTW: [TRX_Nss] HALDATA - tx_nss:1, rx_nss:1
[    4.989396] RTW: rtw_hal_trxnss_init tx_nss:1, rx_nss:1
[    4.989402] RTW: txpath=0x1, rxpath=0x1
[    4.989408] RTW: txpath_1ss:0x1, num:1
[    4.989527] RTW: init_mlme_default_rate_set: support CCK
[    4.989536] RTW: init_mlme_default_rate_set: support OFDM
[    4.989988] RTW: NR_RECVBUFF: 8, recvbuf_nr: 8
[    4.990001] RTW: MAX_RECVBUF_SZ: 32768
[    4.990016] RTW: NR_PREALLOC_RECV_SKB: 8
[    4.990190] RTW: rtw_alloc_macid((null)) if1, mac_addr:ff:ff:ff:ff:ff:ff macid:1
[    4.990204] RTW: rtw_init_pwrctrl_priv: IPS_mode=0, LPS_mode=0, LPS_level=0
[    4.990227] RTW: IQK FW offload:disable
[    4.990239] RTW: init_phydm_cominfo: Fv=1 Cv=3
[    4.990249] RTW: rtw_regsty_chk_target_tx_power_valid return _FALSE for band:0, path:0, rs:0, t:-1
[    4.990329] RTW: phy_ConfigBBWithPgParaFile(): No File PHY_REG_PG.txt, Load from HWImg Array!
[    4.990348] RTW: default power by rate loaded
[    4.990370] RTW: init_channel_set_from_rtk_priv((null)) ChannelPlan ID:0x3e, ch num:37
[    4.990875] RTW: can't get autopm:
[    4.990886] RTW: rtw_macaddr_cfg mac addr:14:5d:34:35:f5:2c
[    4.990894] RTW: bDriverStopped:True, bSurpriseRemoved:False, bup:0, hw_init_completed:0
[    4.990921] RTW: rtw_cfg80211_init_wiphy_band:rf_type=0
[    4.990936] RTW: [HT] HAL Support LDPC = 0x02
[    4.990942] RTW: [HT] HAL Support STBC = 0x01
[    4.990952] RTW: [HT] HAL Support LDPC = 0x02
[    4.990958] RTW: [HT] HAL Support STBC = 0x01
[    4.990972] RTW: rtw_wiphy_alloc(phy0)
[    4.991011] RTW: rtw_wdev_alloc(padapter=000000000bb33719)
[    4.991021] RTW: rtw_wiphy_register(phy0)
[    4.991027] RTW: Register RTW cfg80211 vendor cmd(0x67) interface
[    4.991230] RTW: rtw_reg_notifier(phy0)
[    4.991240] RTW: initiator:CORE, wiphy_idx:0, type:USER
[    4.991247] RTW: alpha2:00
[    4.991253] RTW: dfs_region:UNSET
[    4.991258] RTW: intersect:0
[    4.991263] RTW: processed:1
[    4.991268] RTW: country_ie_env:ANY
[    4.991380] RTW: rtw_ndev_init(wlan0) if1 mac_addr=14:5d:34:35:f5:2c
[    4.991573] RTW: rtw_ndev_notifier_call(wlan0) state:17
[    4.991960] RTW: cfg80211_rtw_get_txpower(wlan0) total max: -10000 mbm
[    4.991977] RTW: rtw_ndev_notifier_call(wlan0) state:5
[    4.992583] usbcore: registered new interface driver btusb
[    4.993212] cpu cpu0: leakage=36
[    4.993339] cpu cpu0: pvtm = 90130, from nvmem
[    4.993357] cpu cpu0: pvtm-volt-sel=2
[    4.994100] Bluetooth: hci0: RTL: examining hci_ver=08 hci_rev=000f lmp_ver=08 lmp_subver=8723
[    4.994117] Bluetooth: hci0: RTL: unknown IC info, lmp subver 8723, hci rev 000f, hci ver 0008
[    4.994125] Bluetooth: hci0: RTL: assuming no firmware upload needed
[    4.994936] cpu cpu0: avs=0
[    4.995174] cpu cpu0: EM: created perf domain
[    4.995233] cpu cpu0: l=0 h=2147483647 hyst=5000 l_limit=1800000000 h_limit=0 h_table=0
[    5.001932] sdhci: Secure Digital Host Controller Interface driver
[    5.001951] sdhci: Copyright(c) Pierre Ossman
[    5.001958] Synopsys Designware Multimedia Card Interface Driver
[    5.002402] sdhci-pltfm: SDHCI platform and OF driver helper
[    5.003223] dwmmc_rockchip fe2b0000.dwmmc: No normal pinctrl state
[    5.003228] dwmmc_rockchip fe2c0000.dwmmc: No normal pinctrl state
[    5.003236] dwmmc_rockchip fe2c0000.dwmmc: No idle pinctrl state
[    5.003250] dwmmc_rockchip fe2b0000.dwmmc: No idle pinctrl state
[    5.003441] dwmmc_rockchip fe2b0000.dwmmc: IDMAC supports 32-bit address mode.
[    5.003456] dwmmc_rockchip fe2c0000.dwmmc: IDMAC supports 32-bit address mode.
[    5.003481] dwmmc_rockchip fe2b0000.dwmmc: Using internal DMA controller.
[    5.003485] dwmmc_rockchip fe2c0000.dwmmc: Using internal DMA controller.
[    5.003494] dwmmc_rockchip fe2c0000.dwmmc: Version ID is 270a
[    5.003513] dwmmc_rockchip fe2b0000.dwmmc: Version ID is 270a
[    5.003556] dwmmc_rockchip fe2c0000.dwmmc: DW MMC controller at irq 46,32 bit host data width,256 deep fifo
[    5.003572] dwmmc_rockchip fe2b0000.dwmmc: DW MMC controller at irq 45,32 bit host data width,256 deep fifo
[    5.004848] ledtrig-cpu: registered to indicate activity on CPUs
[    5.004936] arm-scmi firmware:scmi: Failed. SCMI protocol 17 not active.
[    5.005027] SMCCC: SOC_ID: ARCH_SOC_ID not implemented, skipping ....
[    5.006152] cryptodev: driver 1.12 loaded.
[    5.006220] hid: raw HID events driver (C) Jiri Kosina
[    5.006548] usbcore: registered new interface driver usbhid
[    5.006557] usbhid: USB HID core driver
[    5.007670] rockchip,bus bus-npu: bin=0
[    5.007696] rockchip,bus bus-npu: Failed to get leakage
[    5.007749] rockchip,bus bus-npu: pvtm = 90130, from nvmem
[    5.007762] rockchip,bus bus-npu: pvtm-volt-sel=1
[    5.007969] rockchip,bus bus-npu: avs=0
[    5.015766] usbcore: registered new interface driver snd-usb-audio
[    5.017166] mmc_host mmc2: Bus speed (slot 0) = 375000Hz (slot req 400000Hz, actual 375000HZ div = 0)
[    5.017334] rk817-codec rk817-codec: DMA mask not set
[    5.019483] mmc_host mmc1: Bus speed (slot 0) = 375000Hz (slot req 400000Hz, actual 375000HZ div = 0)
[    5.022427] rk-multicodecs rk817-sound: Failed to get ADC channel
[    5.022570] rk-multicodecs rk817-sound: ASoC: Property 'rockchip,audio-routing' does not exist or its length is not even
[    5.022580] rk-multicodecs rk817-sound: Audio routing invalid/unspecified
[    5.023734] rk817-codec rk817-codec: rk817_probe: chip_name:0x81, chip_ver:0x75
[    5.028195] rk-multicodecs rk817-sound: Don't need to map headset detect gpio to irq
[    5.031495] Initializing XFRM netlink socket
[    5.031888] NET: Registered protocol family 10
[    5.032656] Segment Routing with IPv6
[    5.032725] NET: Registered protocol family 17
[    5.032749] NET: Registered protocol family 15
[    5.032988] Bluetooth: RFCOMM socket layer initialized
[    5.033030] Bluetooth: RFCOMM ver 1.11
[    5.033072] Bluetooth: HIDP (Human Interface Emulation) ver 1.2
[    5.033086] Bluetooth: HIDP socket layer initialized
[    5.033152] [BT_RFKILL]: Enter rfkill_rk_init
[    5.033162] [WLAN_RFKILL]: Enter rfkill_wlan_init
[    5.033630] [WLAN_RFKILL]: Enter rfkill_wlan_probe
[    5.033684] [WLAN_RFKILL]: wlan_platdata_parse_dt: wifi_chip_type = rtl8733bu
[    5.033695] [WLAN_RFKILL]: wlan_platdata_parse_dt: enable wifi power control.
[    5.033703] [WLAN_RFKILL]: wlan_platdata_parse_dt: wifi power controled by gpio.
[    5.033728] [WLAN_RFKILL]: wlan_platdata_parse_dt: WIFI,poweren_gpio = 0 flags = 1.
[    5.033755] [WLAN_RFKILL]: wlan_platdata_parse_dt: The ref_wifi_clk not found !
[    5.033764] [WLAN_RFKILL]: rfkill_wlan_probe: init gpio
[    5.033774] [WLAN_RFKILL]: rfkill_set_wifi_bt_power: 1
[    5.033783] [WLAN_RFKILL]: Exit rfkill_wlan_probe
[    5.033832] mmc0: SDHCI controller on fe310000.sdhci [fe310000.sdhci] using ADMA
[    5.034248] Key type dns_resolver registered
[    5.051543] mtd vendor storage:20200313 ret = 0
[    5.052594] Loading compiled-in X.509 certificates
[    5.054011] pstore: Using crash dumpsupplied by vcc3v3_pmu
[    5.099350] rockchip-iodomain fdc20000.syscon:io-domains: vccio1(3300000 uV) supplied by vccio_acodec
[    5.099523] rockchip-iodomain fdc20000.syscon:io-domains: vccio3(3300000 uV) supplied by vccio_sd
[    5.099667] rockchip-iodomain fdc20000.syscon:io-domains: vccio4(3300000 uV) supplied by vcc_3v3
[    5.099790] rockchip-iodomain fdc20000.syscon:io-domains: vccio5(1800000 uV) supplied by vcc_1v8
[    5.099853] rockchip-iodomain fdc20000.syscon:io-domains: vccio6(1800000 uV) supplied by vcc_1v8
[    5.099915] rockchip-iodomain fdc20000.syscon:io-domains: vccio7(3300000 uV) supplied by vcc_3v3
[    5.108993] rockchip-vop2 fe040000.vop: [drm:vop2_bind] vp0 assign plane mask: 0x2a, primary plane phy id: 5
[    5.109059] rockchip-vop2 fe040000.vop: [drm:vop2_bind] vp1 assign plane mask: 0x15, primary plane phy id: 4
[    5.109082] rockchip-vop2 fe040000.vop: [drm:vop2_bind] vp2 assign plane mask: 0x0, primary plane phy id: -1
[    5.109499] rockchip-vop2 fe040000.vop: [drm:vop2_bind] Cluster1-win0 as cursor plane for vp0
[    5.110056] [drm] failed to init overlay plane Cluster0-win1
[    5.110084] [drm] failed to init overlay plane Cluster1-win1
[    5.110538] rockchip-drm display-subsystem: bound fe040000.vop (ops 0xffffffc00937fe90)
[    5.111328] dwhdmi-rockchip fe0a0000.hdmi: Detected HDMI TX controller v2.11a with HDCP (DWC HDMI 2.0 TX PHY)
[    5.113498] dwhdmi-rockchip fe0a0000.hdmi: registered DesignWare HDMI I2C bus driver
[    5.114630] dwhdmi-rockchip fe0a0000.hdmi: IRQ index 1 not found
[    5.116470] input: hdmi_cec_key as /devices/platform/fe0a0000.hdmi/dw-hdmi-cec.4.auto/input/input3
[    5.118037] rockchip-drm display-subsystem: bound fe0a0000.hdmi (ops 0xffffffc00938e9f8)
[    5.118107] dw-mipi-dsi-rockchip fe060000.dsi: failed to find panel or bridge: -517
[    5.122427] input: adc-keys as /devices/platform/adc-keys/input/input4
[    5.127719] rockchip-vop2 fe040000.vop: [drm:vop2_bind] vp0 assign plane mask: 0x2a, primary plane phy id: 5
[    5.127792] rockchip-vop2 fe040000.vop: [drm:vop2_bind] vp1 assign plane mask: 0x15, primary plane phy id: 4
[    5.127803] rockchip-vop2 fe040000.vop: [drm:vop2_bind] vp2 assign plane mask: 0x0, primary plane phy id: -1
[    5.127975] rockchip-vop2 fe040000.vop: [drm:vop2_bind] Cluster1-win0 as cursor plane for vp0
[    5.128179] [drm] failed to init overlay plane Cluster0-win1
[    5.128190] [drm] failed to init overlay plane Cluster1-win1
[    5.128338] rockchip-drm display-subsystem: bound fe040000.vop (ops 0xffffffc00937fe90)
[    5.128654] dwhdmi-rockchip fe0a0000.hdmi: Detected HDMI TX controller v2.11a with HDCP (DWC HDMI 2.0 TX PHY)
[    5.129886] dwhdmi-rockchip fe0a0000.hdmi: registered DesignWare HDMI I2C bus driver
[    5.130686] dwhdmi-rockchip fe0a0000.hdmi: IRQ index 1 not found
[    5.131708] input: hdmi_cec_key as /devices/platform/fe0a0000.hdmi/dw-hdmi-cec.4.auto/input/input5
[    5.132529] rockchip-drm display-subsystem: bound fe0a0000.hdmi (ops 0xffffffc00938e9f8)
[    5.132755] rockchip-drm display-subsystem: bound fe060000.dsi (ops 0xffffffc009390230)
[    5.136403] rockchip-drm display-subsystem: route-hdmi: failed to get logo,offset
[    5.152079] rockchip-drm display-subsystem: [drm] fb0: rockchipdrmfb frame buffer device
[    5.153650] [drm] Initialized rockchip 3.0.0 20140818 for display-subsystem on minor 0
[    5.161347] RKNPU fde40000.npu: Adding to iommu group 0
[    5.162277] RKNPU fde40000.npu: RKNPU: rknpu iommu is enabled, using iommu mode
[    5.162711] RKNPU fde40000.npu: can't request region for resource [mem 0xfde40000-0xfde4ffff]
[    5.163674] [drm] Initialized rknpu 0.9.0 20230629 for fde40000.npu on minor 1
[    5.167972] RKNPU fde40000.npu: bin=0
[    5.168216] RKNPU fde40000.npu: leakage=5
[    5.168256] RKNPU fde40000.npu: pvtm = 90130, from nvmem
[    5.168272] RKNPU fde40000.npu: pvtm-volt-sel=2
[    5.169076] RKNPU fde40000.npu: avs=0
[    5.169318] RKNPU fde40000.npu: l=0 h=2147483647 hyst=5000 l_limit=0 h_limit=0 h_table=0
[    5.169483] RKNPU fde40000.npu: failed to find power_model node
[    5.169493] RKNPU fde40000.npu: RKNPU: failed to initialize power model
[    5.169500] RKNPU fde40000.npu: RKNPU: failed to get dynamic-coefficient
[    5.170846] cfg80211: Loading compiled-in X.509 certificates for regulatory database
[    5.172957] cfg80211: Loaded X.509 cert 'sforshee: 00b28ddf47aef9cea7'
[    5.174738] rockchip-pm rockchip-suspend: not set pwm-regulator-config
[    5.174806] rockchip-suspend not set sleep-mode-config for mem-lite
[    5.174820] rockchip-suspend not set wakeup-config for mem-lite
[    5.174836] rockchip-suspend not set sleep-mode-config for mem-ultra
[    5.174847] rockchip-suspend not set wakeup-config for mem-ultra
[    5.176625] I : [File] : drivers/gpu/arm/mali400/mali/linux/mali_kernel_linux.c; [Line] : 406; [Func] : mali_module_init(); svn_rev_string_from_arm of this mali_ko is '', rk_ko_ver is '5', built at '15:36:08', on 'May 31 2024'.
[    5.177476] Mali: 
[    5.177482] Mali device driver loaded
[    5.177514] ALSA device list:
[    5.177530]   #0: rockchip-rk817
[    5.177542]   #1: rockchip,hdmi
[    5.178581] platform regulatory.0: Direct firmware load for regulatory.db failed with error -2
[    5.178613] cfg80211: failed to load regulatory.db
[    5.185182] VFS: Mounted root (squashfs filesystem) readonly on device 31:3.
[    5.190463] devtmpfs: mounted
[    5.200900] Freeing unused kernel memory: 6656K
[    5.213543] Run /sbin/init as init process
mount: /oem: can't find PARTLABEL=oem.
mount: /userdata: can't find PARTLABEL=userdata.
Tue Feb 17 01:13:28 UTC 2026
Will now mount all partitions in /etc/fstab
Note: Will skip fsck, remove /.skip_fsck to enable
Tue Feb 17 01:13:28 UTC 2026
do_part # 4.06 12.51
do_part /dev/root 4.08 12.54
[    8.126813] vendor storage:20190527 ret = -1
Handling /dev/root / auto rw,noauto 1  4.66 14.23
Find real dev for root dev 4.68 14.29
SYS_PATH /sys/class/block/mtdblock3 PART_NAME mtdblock3 4.72 14.39
Running fsck on a random fs is dangerous
Setup mount tool and opts 4.72 14.40
prepare_part finish 4.74 14.44
MOUNTPOINT /dev/mtdblock3 /
No resize for auto
remount_part end  4.76 14.51
do_part tmpfs 4.77 14.53
Handling tmpfs /tmp tmpfs mode=1777 0  4.81 14.63
Find real dev for root dev 4.81 14.64
do_part tmpfs 4.83 14.68
Handling tmpfs /run tmpfs mode=0755,nosuid,nodev 0  4.87 14.79
Find real dev for root dev 4.87 14.80
do_part proc 4.89 14.84
Handling proc /proc proc defaults 0  4.93 14.94
Find real dev for root dev 4.94 14.95
do_part devtmpfs 4.95 15.00
Handling devtmpfs /dev devtmpfs defaults 0  5.00 15.12
Find real dev for root dev 5.00 15.13
do_part devpts 5.02 15.19
Handling devpts /dev/pts devpts mode=0620,ptmxmode=0666,gid=5 0  5.07 15.29
Find real dev for root dev 5.07 15.31
do_part tmpfs 5.09 15.35
Handling tmpfs /dev/shm tmpfs nosuid,nodev,noexec 0  5.13 15.46
Find real dev for root dev 5.13 15.47
do_part sysfs 5.15 15.52
Handling sysfs /sys sysfs defaults 0  5.20 15.63
Find real dev for root dev 5.20 15.64
do_part configfs 5.22 15.69
Handling configfs /sys/kernel/config configfs defaults 0  5.26 15.79
Find real dev for root dev 5.26 15.80
do_part debugfs 5.28 15.85
Handling debugfs /sys/kernel/debug debugfs defaults 0  5.32 15.95
Find real dev for root dev 5.33 15.96
do_part pstore 5.34 16.00
Handling pstore /sys/fs/pstore pstore defaults 0  5.38 16.11
Find real dev for root dev 5.39 16.13
do_part PARTLABEL=oem 5.41 16.18
Handling oem /oem ext4 defaults 2  5.45 16.29
Find real dev for root dev 5.46 16.30
do_part PARTLABEL=userdata 5.47 16.35
Handling mtdblock4 /userdata ext4 defaults 2  5.51 16.46
Find real dev for root dev 5.52 16.47
Tue Feb 17 01:13:30 UTC 2026
Log saved to /tmp/mount-all.log
Starting syslogd: OK
Starting klogd: OK
Running sysctl: OK
Populating /dev using udev: [    9.915995] udevd[554]: starting version 3.2.10
[   10.032486] udevd[555]: starting eudev-3.2.10
done
Saving random seed: SKIP (read-only file system detected)
mkdir: can't create directory '/userdata/cfg': Read-only file system
mkdir: can't create directory '/userdata/bin': Read-only file system
wpa_supplicant.conf init
cp: can't create '/userdata/cfg/': Is a directory
wpa_supplicant.conf init
cp: can't create '/userdata/bin/': Is a directory
insmod: can't insert '/system/lib/modules/RTL8188FU.ko': No such file or directory
Starting network: OK
Starting dhcpcd...
dhcpcd-9.4.1 starting
dev: loaded udev
forked to background, child pid 603
[   11.840567] RTW: rtw_ndev_notifier_call(wlan0) state:14
[   11.840625] RTW: _netdev_open(wlan0) , bup=0
[   11.840643] RTW: rtl8733b_hal_init fw source from array
[   11.851194] RTW: SetHwReg: bMacPwrCtrlOn=1
Starting ntpd: [   11.996013] RTW: _rtw_hal_set_fw_rsvd_page(wlan0) Get [ NOR ] RsvdPageNUm  ==>
[   11.996091] RTW: LocPsPoll: 4
[   11.996110] RTW: LocNullData: 5
[   11.996122] RTW: LocQosNull: 6
[   11.996131] RTW: LocBTQosNull: 7
[   11.996142] RTW: _rtw_hal_set_fw_rsvd_page(wlan0) Get [ NOR ] RsvdPageNUm <==
[   12.015729] RTW: rtw_start_drv_threads(wlan0) enter
[   12.015791] RTW: rtw_start_drv_threads(wlan0) start RTW_CMD_THREAD
[   12.504215] RTW: rtl8733b_hal_init Download Firmware from array success
[   12.504303] RTW: NIC FW Version:1 SubVersion:25 FW size:122008
[   12.512969] RTW: is_valid_id_status: HALMAC_FEATURE_DUMP_PHYSICAL_EFUSE
[   12.513203] RTW: is_valid_id_status: HALMAC_FEATURE_DUMP_PHYSICAL_EFUSE
[   12.513453] RTW: is_valid_id_status: HALMAC_FEATURE_DUMP_PHYSICAL_EFUSE
[   12.513744] RTW: is_valid_id_status: HALMAC_FEATURE_DUMP_PHYSICAL_EFUSE
[   12.515432] RTW: is_valid_id_status: HALMAC_FEATURE_DUMP_PHYSICAL_EFUSE
[   12.515708] RTW: is_valid_id_status: HALMAC_FEATURE_DUMP_PHYSICAL_EFUSE
[   12.515952] RTW: is_valid_id_status: HALMAC_FEATURE_DUMP_PHYSICAL_EFUSE
[   12.516204] RTW: is_valid_id_status: HALMAC_FEATURE_DUMP_PHYSICAL_EFUSE
[   12.516450] RTW: is_valid_id_status: HALMAC_FEATURE_DUMP_PHYSICAL_EFUSE
[   12.516818] RTW: is_valid_id_status: HALMAC_FEATURE_DUMP_PHYSICAL_EFUSE
[   12.517169] RTW: is_valid_id_status: HALMAC_FEATURE_DUMP_PHYSICAL_EFUSE
[   12.517473] RTW: is_valid_id_status: HALMAC_FEATURE_DUMP_PHYSICAL_EFUSE
[   12.517709] RTW: is_valid_id_status: HALMAC_FEATURE_DUMP_PHYSICAL_EFUSE
[   12.517952] RTW: is_valid_id_status: HALMAC_FEATURE_DUMP_PHYSICAL_EFUSE
[   12.518205] RTW: is_valid_id_status: HALMAC_FEATURE_DUMP_PHYSICAL_EFUSE
[   12.518478] RTW: is_valid_id_status: HALMAC_FEATURE_DUMP_PHYSICAL_EFUSE
[   12.518674] RTW: is_valid_id_status: HALMAC_FEATURE_DUMP_PHYSICAL_EFUSE
[   12.518796] RTW: [RF] [RFK] WiFi / BT RFK handshake start!!
[   12.518807] RTW: [RF] [RFK] WiFi rfk_type = 0x0
[   12.519941] RTW: [RF] [RFK] WiFi / BT RFK handshake finish!!
[   12.590842] start_addr=(0x0), end_addr=(0x20000), buffer_size=(0x20000), smp_number_max=(16384)
[   12.600090] RTW: ERROR rtl8733b_c2h_handler_no_io: C2H(9) enqueue FAIL!
[   12.600373] RTW: ERROR rtl8733b_c2h_handler_no_io: C2H(21) enqueue FAIL!
[   12.600744] RTW: ERROR rtl8733b_c2h_handler_no_io: C2H(21) enqueue FAIL!
[   12.601936] RTW: rtl8733bu_init in 760ms
[   12.601963] RTW: rtw_hal_set_macaddr_port wlan0- hw port(0) mac_addr =14:5d:34:35:f5:2c
[   12.602934] RTW: [HW_VAR_ENABLE_RX_BAR] 0x6A2=0x100
[   12.642443] RTW: set_opmode_port0(wlan0): hw_port(0) mode=2
[   12.643565] RTW: rtw_hal_init: padapter->registrypriv.set_rrsr_value=0xffffffff
[   12.643601] RTW: MAC Address = 14:5d:34:35:f5:2c
[   12.643624] RTW: -871x_drv - drv_open, bup=1
[   12.643967] RTW: cfg80211_rtw_set_power_mgmt(wlan0) enabled:1, timeout:-1
[   12.643993] RTW: rtw_ndev_notifier_call(wlan0) state:1
OK
No persistent location to store SSH host keys. New keys will be
generated at each boot. Are you sure this is what you want to do?
Starting dropbear sshd: OK
Starting /usr/bin/usbdevice start, log saved to /tmp/usbdevice.log
[   13.254479] file system registered
[   13.329320] read descriptors
[   13.329380] read strings
start ui begin  9.79 25.11
start ui end  9.79 25.12
Starting dnsmasq: chmod: /usr/bin/notify: No such file or directory
OK
wait for sdcard 0 
Starting input-event-daemon: done
root@rk3566-buildroot:/# ================= lcd_fb_init ===============
fb width:640 height:480 bpp:32
width = 160
height = 160
bit_depth = 8
color type = 'PNG_COLOR_TYPE_RGB_ALPHA' (bit depths 8, 16)
interlace type = none
channels = 4 (RGB_ALPHA or RGB + filter byte)
rowbytes = 640
image 160x160 4, rowbytes 640
copy image (240, 160, 160, 160), 2560
wait for sdcard 1 
wait for sdcard 2 
wait for sdcard 3 
wait for sdcard 4 
wait for sdcard 5 
wait for sdcard 6 
wait for sdcard 7 
before wifi module  14.13 40.20
after wifi module  14.14 40.22
================= lcd_fb_init ===============
fb width:640 height:480 bpp:32
width = 640
height = 480
bit_depth = 8
color type = 'PNG_COLOR_TYPE_RGB' (bit depths 8, 16)
interlace type = none
channels = 3 (RGB)
rowbytes = 1920
image 640x480 3, rowbytes 1920
copy image (0, 0, 640, 480), 2560
unlink: can't remove file '/tmp/miyoo_inputd/turbo_a': No such file or directory
unlink: can't remove file '/tmp/miyoo_inputd/turbo_b': No such file or directory
unlink: can't remove file '/tmp/miyoo_inputd/turbo_x': No such file or directory
unlink: can't remove file '/tmp/miyoo_inputd/turbo_y': No such file or directory
unlink: can't remove file '/tmp/miyoo_inputd/turbo_l': No such file or directory
unlink: can't remove file '/tmp/miyoo_inputd/turbo_r': No such file or directory
unlink: can't remove file '/tmp/miyoo_inputd/turbo_l2': No such file or directory
unlink: can't remove file '/tmp/miyoo_inputd/turbo_r2': No such file or directory
run app LD_LIBRARY_PATH is /usr/miyoo/lib 15.34 43.79
try to run /usr/miyoo/bin/keymon 15.37 43.85
could not open /dev/input/by-path, Is a directory
open device /dev/input/by-path fail
try to run /usr/miyoo/bin/miyoo_inputd 15.93 45.82
MIYOO Input Daemon Nov 16 2024
pk_read_cal_config: [85 130 200] [85 130 200]
pk_read_cal_config: [85 130 200] [85 130 200]
SetupSerial 1: Inappropriate ioctl for device
fd=4
run internal app 16.46 47.83
1771290821682 ui start
numid=2,iface=MIXER,name='Playback Path'
  ; type=ENUMERATED,access=rw------,values=1,items=11
  ; Item #0 'OFF'
  ; Item #1 'RCV'
  ; Item #2 'SPK'
  ; Item #3 'HP'
  ; Item #4 'HP_NO_MIC'
  ; Item #5 'BT'
  ; Item #6 'SPK_HP'
  ; Item #7 'RING_SPK'
  ; Item #8 'RING_HP'
  ; Item #9 'RING_HP_NO_MIC'
  ; Item #10 'RING_SPK_HP'
  : values=0
numid=5,iface=MIXER,name='SPK Volume'
  ; type=INTEGER,access=rw------,values=1,min=0,max=100,step=0
  : values=0
numid=2,iface=MIXER,name='Playback Path'
  ; type=ENUMERATED,access=rw------,values=1,items=11
  ; Item #0 'OFF'
  ; Item #1 'RCV'
  ; Item #2 'SPK'
  ; Item #3 'HP'
  ; Item #4 'HP_NO_MIC'
  ; Item #5 'BT'
  ; Item #6 'SPK_HP'
  ; Item #7 'RING_SPK'
  ; Item #8 'RING_HP'
  ; Item #9 'RING_HP_NO_MIC'
  ; Item #10 'RING_SPK_HP'
  : values=2
numid=5,iface=MIXER,name='SPK Volume'
  ; type=INTEGER,access=rw------,values=1,min=0,max=100,step=0
  : values=95
1771290821911 sdl init
DEBUG: /dev/dri/card0 connector, encoder and CRTC counts are: 2 3 2
DEBUG: /dev/dri/card0 connector, encoder and CRTC counts are: 2 3 2
DEBUG: KMSDRM_VideoInit()
DEBUG: Opening device /dev/dri/card0
DEBUG: Opened DRM FD (3)
1771290824388 ttf init
[InitKeyShm]: create shm fail : File exists, size 3304
1771290824482 sdl inited
ScreenInit 640x480 32, rotate=0
arm_release_ver: g13p0-01eac0, rk_so_ver: 3
window=0x557b08d010, renderer=0x557b0e4b40
1771290824898 screen inited
.//skin/nav-bar-item-bg.png open fail,use .//skin/nav-bar-item-bg.png
Load Music ./sound/change.wav
Load Music ./sound/enter.wav
Load Default Music /etc/enter.wav
Load Music ./sound/bgm.mp3
.//skin/tabsel.png open fail,use .//skin/tabsel.png
.//skin/tips-L.png open fail,use .//skin/tips-L.png
.//skin/tips-R.png open fail,use .//skin/tips-R.png
1771290826108 start hotplug_thread
numid=2,iface=MIXER,name='Playback Path'
  ; type=ENUMERATED,access=rw------,values=1,items=11
  ; Item #0 'OFF'
  ; Item #1 'RCV'
  ; Item #2 'SPK'
  ; Item #3 'HP'
  ; Item #4 'HP_NO_MIC'
  ; Item #5 'BT'
  ; Item #6 'SPK_HP'
  ; Item #7 'RING_SPK'
  ; Item #8 'RING_HP'
  ; Item #9 'RING_HP_NO_MIC'
  ; Item #10 'RING_SPK_HP'
  : values=2
numid=5,iface=MIXER,name='SPK Volume'
  ; type=INTEGER,access=rw------,values=1,min=0,max=100,step=0
  : values=95
ALSA lib pcm.c:8754:(snd_pcm_recover) underrun occurred
1771290826359 try to restore
1771290826567 remove events
1771290826567 run windows
DEBUG: New DRM FB (180): 640x480, stride 2560 from BO 0x557bbc0270
DEBUG: New DRM FB (183): 640x480, stride 2560 from BO 0x557bbe5b10
DEBUG: New DRM FB (184): 640x480, stride 2560 from BO 0x557bb99f40
ALSA lib pcm.c:8754:(snd_pcm_recover) underrun occurred

root@rk3566-buildroot:/# ALSA lib pcm.c:8754:(snd_pcm_recover) underrun occurred

root@rk3566-buildroot:/# # Kernel version and DMC-related modules/drivers
unamroot@rk3566-buildroot:/# uname -a
smod | grep -i dmc
lsmod | grep -i devfreq

# DMC devfreq devicLinux rk3566-buildroot 5.10.160 #81 SMP Sun Sep 15 10:48:10 CST 2024 aarch64 GNU/Linux
e aroot@rk3566-buildroot:/# lsmod | grep -i dmc
 current state
cat /sys/class/devfreq/dmc/cur_freq
cat /sys/clasroot@rk3566-buildroot:/# lsmod | grep -i devfreq
evfreq/dmc/available_frequencroot@rk3566-buildroot:/# 
iroot@rk3566-buildroot:/# # DMC devfreq device and current state
sroot@rk3566-buildroot:/# cat /sys/class/devfreq/dmc/cur_freq
cat /sys/clas1056000000
s/deroot@rk3566-buildroot:/# cat /sys/class/devfreq/dmc/available_frequencies
req/dmc/go324000000 528000000 780000000 1056000000
vroot@rk3566-buildroot:/# cat /sys/class/devfreq/dmc/governor
cat /sys/class/ddmc_ondemand
evfroot@rk3566-buildroot:/# cat /sys/class/devfreq/dmc/load 2>/dev/null || true

# Any rockchip DMC2@1056000000Hz
 / syroot@rk3566-buildroot:/# 
sroot@rk3566-buildroot:/# # Any rockchip DMC / system_status sysfs
lroot@rk3566-buildroot:/# ls -la /sys/devices/platform/*dmc* 2>/dev/null
ls -la /sys/class/devfre/sys/devices/platform/dmc:
q/ total 0
2>/drwxr-xr-x    4 root     root             0 Feb 17 01:13 .
ddrwxr-xr-x  141 root     root             0 Feb 17 01:13 ..
drwxr-xr-x    3 root     root             0 Feb 17 01:13 devfreq
lrwxrwxrwx    1 root     root             0 Feb 17 01:14 driver -> ../../../bus/platform/drivers/rockchip-dmc
e-rw-r--r--    1 root     root          4096 Feb 17 01:14 driver_override
-r--r--r--    1 root     root          4096 Feb 17 01:14 modalias
lrwxrwxrwx    1 root     root             0 Feb 17 01:14 of_node -> ../../../firmware/devicetree/base/dmc
vdrwxr-xr-x    2 root     root             0 Feb 17 01:14 power
lrwxrwxrwx    1 root     root             0 Feb 17 01:14 subsystem -> ../../../bus/platform
/nullrwxrwxrwx    1 root     root             0 Feb 17 01:14 supplier:i2c:0-0020 -> ../../virtual/devlink/i2c:0-0020--platform:dmc
llrwxrwxrwx    1 root     root             0 Feb 17 01:14 supplier:platform:firmware:scmi -> ../../virtual/devlink/platform:firmware:scmi--platform:dmc
lrwxrwxrwx    1 root     root             0 Feb 17 01:14 supplier:regulator:regulator.7 -> ../../virtual/devlink/regulator:regulator.7--platform:dmc

-rw-r--r--    1 root     root          4096 Feb 17 01:13 uevent

/sys/devices/platform/dmc-fsp:
ctotal 0
drwxr-xr-x    3 root     root             0 Feb 17 01:13 .
drwxr-xr-x  141 root     root             0 Feb 17 01:13 ..
a-rw-r--r--    1 root     root          4096 Feb 17 01:14 driver_override
-r--r--r--    1 root     root          4096 Feb 17 01:14 modalias
lrwxrwxrwx    1 root     root             0 Feb 17 01:14 of_node -> ../../../firmware/devicetree/base/dmc-fsp
tdrwxr-xr-x    2 root     root             0 Feb 17 01:14 power
 lrwxrwxrwx    1 root     root             0 Feb 17 01:14 subsystem -> ../../../bus/platform
-rw-r--r--    1 root     root          4096 Feb 17 01:13 uevent
/-r--r--r--    1 root     root          4096 Feb 17 01:14 waiting_for_supplier
root@rk3566-buildroot:/# ls -la /sys/class/devfreq/ 2>/dev/null
kernel/debug/clk/clk_summatotal 0
rydrwxr-xr-x    2 root     root             0 Feb 17 01:13 .
drwxr-xr-x   74 root     root             0 Feb 17 01:13 ..
lrwxrwxrwx    1 root     root             0 Feb 17 01:13 dmc -> ../../devices/platform/dmc/devfreq/dmc
lrwxrwxrwx    1 root     root             0 Feb 17 01:13 fde40000.npu -> ../../devices/platform/fde40000.npu/devfreq/fde40000.npu
lrwxrwxrwx    1 root     root             0 Feb 17 01:13 fde60000.gpu -> ../../devices/platform/fde60000.gpu/devfreq/fde60000.gpu
lrwxrwxrwx    1 root     root             0 Feb 17 01:13 fdf40000.rkvenc -> ../../devices/platform/fdf40000.rkvenc/devfreq/fdf40000.rkvenc
lrwxrwxrwx    1 root     root             0 Feb 17 01:13 fdf80200.rkvdec -> ../../devices/platform/fdf80200.rkvdec/devfreq/fdf80200.rkvdec
 2>/root@rk3566-buildroot:/# cat /sys/kernel/debug/clk/clk_summary 2>/dev/null | grepp -i dmc
root@rk3566-buildroot:/# ALSA lib pcm.c:8754:(snd_pcm_recover) underrun occurred

root@rk3566-buildroot:/# ALSA lib pcm.c:8754:(snd_pcm_recover) underrun occurred

root@rk3566-buildroot:/# dmesg | head -500
[    3.428900] Booting Linux on physical CPU 0x0000000000 [0x412fd050]
[    3.428923] Linux version 5.10.160 (raymanfeng@nuc) (aarch64-none-linux-gnu-gcc (GNU Toolchain for the A-profile Architecture 10.3-2021.07 (arm-10.29)) 10.3.1 20210621, GNU ld (GNU Toolchain for the A-profile Architecture 10.3-2021.07 (arm-10.29)) 2.36.1.20210621) #81 SMP Sun Sep 15 10:48:10 CST 2024
[    3.432342] Machine model: MIYOO RK3566 355 V10 Board
[    3.432404] earlycon: uart8250 at MMIO32 0x00000000fe660000 (options '')
[    3.436594] printk: bootconsole [uart8250] enabled
[    3.437798] efi: UEFI not found.
[    3.457500] Zone ranges:
[    3.457755]   DMA      [mem 0x0000000000200000-0x000000003fffffff]
[    3.458343]   DMA32    empty
[    3.458617]   Normal   empty
[    3.458890] Movable zone start for each node
[    3.459292] Early memory node ranges
[    3.459630]   node   0: [mem 0x0000000000200000-0x00000000083fffff]
[    3.460223]   node   0: [mem 0x0000000009400000-0x000000003fffffff]
[    3.460815] Initmem setup node 0 [mem 0x0000000000200000-0x000000003fffffff]
[    3.461480] On node 0 totalpages: 257536
[    3.461483]   DMA zone: 4088 pages used for memmap
[    3.461486]   DMA zone: 0 pages reserved
[    3.461489]   DMA zone: 257536 pages, LIFO batch:63
[    3.469076] cma: Reserved 16 MiB at 0x000000003cc00000
[    3.469646] psci: probing for conduit method from DT.
[    3.470135] psci: PSCIv1.1 detected in firmware.
[    3.470570] psci: Using standard PSCI v0.2 function IDs
[    3.471066] psci: Trusted OS migration not required
[    3.471528] psci: SMC Calling Convention v1.2
[    3.472319] percpu: Embedded 30 pages/cpu s83480 r8192 d31208 u122880
[    3.472953] pcpu-alloc: s83480 r8192 d31208 u122880 alloc=30*4096
[    3.472958] pcpu-alloc: [0] 0 [0] 1 [0] 2 [0] 3 
[    3.473033] Detected VIPT I-cache on CPU0
[    3.473451] CPU features: detected: GIC system register CPU interface
[    3.474058] CPU features: detected: Virtualization Host Extensions
[    3.474647] CPU features: detected: ARM errata 1165522, 1319367, or 1530923
[    3.475310] alternatives: patching kernel code
[    3.477591] Built 1 zonelists, mobility grouping on.  Total pages: 253448
[    3.478240] Kernel command line: storagemedia=mtd androidboot.storagemedia=mtd androidboot.mode=normal  androidboot.verifiedbootstate=orange androidboot.serialno=da4513159f65899d  rootwait earlycon=uart8250,mmio32,0xfe660000 console=ttyFIQ0 root=/dev/mtdblock3 rootfstype=squashfs mtdparts=spi-nand0:0x100000@0x200000(vnvm),0x400000@0x300000(uboot),0x2600000@0x700000(boot),0x4000000@0x2d00000(rootfs),0x1260000@0x6d00000(userdata)
[    3.482306] Dentry cache hash table entries: 131072 (order: 8, 1048576 bytes, linear)
[    3.483168] Inode-cache hash table entries: 65536 (order: 7, 524288 bytes, linear)
[    3.483882] mem auto-init: stack:off, heap alloc:off, heap free:off
[    3.497136] Memory: 955404K/1030144K available (18880K kernel code, 3586K rwdata, 6344K rodata, 6656K init, 564K bss, 58356K reserved, 16384K cma-reserved)
[    3.498565] SLUB: HWalign=64, Order=0-3, MinObjects=0, CPUs=4, Nodes=1
[    3.499211] ftrace: allocating 59096 entries in 231 pages
[    3.575515] ftrace: allocated 231 pages with 6 groups
[    3.576318] rcu: Hierarchical RCU implementation.
[    3.576771] rcu: 	RCU event tracing is enabled.
[    3.577199] rcu: 	RCU restricting CPUs from NR_CPUS=8 to nr_cpu_ids=4.
[    3.577814] 	Rude variant of Tasks RCU enabled.
[    3.578242] rcu: RCU calculated value of scheduler-enlistment delay is 30 jiffies.
[    3.578954] rcu: Adjusting geometry for rcu_fanout_leaf=16, nr_cpu_ids=4
[    3.584121] NR_IRQS: 64, nr_irqs: 64, preallocated irqs: 0
[    3.585651] GICv3: GIC: Using split EOI/Deactivate mode
[    3.586153] GICv3: 320 SPIs implemented
[    3.586516] GICv3: 0 Extended SPIs implemented
[    3.586968] GICv3: Distributor has no Range Selector support
[    3.587508] GICv3: 16 PPIs implemented
[    3.587897] GICv3: CPU0: found redistributor 0 region 0:0x00000000fd460000
[    3.588659] ITS [mem 0xfd440000-0xfd45ffff]
[    3.589138] ITS@0x00000000fd440000: allocated 8192 Devices @29d0000 (indirect, esz 8, psz 64K, shr 0)
[    3.590040] ITS@0x00000000fd440000: allocated 32768 Interrupt Collections @29e0000 (flat, esz 2, psz 64K, shr 0)
[    3.591003] ITS: using cache flushing for cmd queue
[    3.591714] GICv3: using LPI property table @0x00000000029f0000
[    3.592383] GIC: using cache flushing for LPI property table
[    3.592921] GICv3: CPU0: using allocated LPI pending table @0x0000000002a00000
[    3.621113] arch_timer: cp15 timer(s) running at 24.00MHz (phys).
[    3.621703] clocksource: arch_sys_counter: mask: 0xffffffffffffff max_cycles: 0x588fe9dc0, max_idle_ns: 440795202592 ns
[    3.622723] sched_clock: 56 bits at 24MHz, resolution 41ns, wraps every 4398046511097ns
[    3.624144] Console: colour dummy device 80x25
[    3.624632] Calibrating delay loop (skipped), value calculated using timer frequency.. 48.00 BogoMIPS (lpj=80000)
[    3.625605] pid_max: default: 32768 minimum: 301
[    3.626163] Mount-cache hash table entries: 2048 (order: 2, 16384 bytes, linear)
[    3.626868] Mountpoint-cache hash table entries: 2048 (order: 2, 16384 bytes, linear)
[    3.629012] rcu: Hierarchical SRCU implementation.
[    3.630143] Platform MSI: interrupt-controller@fd440000 domain created
[    3.631053] PCI/MSI: /interrupt-controller@fd400000/interrupt-controller@fd440000 domain created
[    3.632135] EFI services will not be available.
[    3.632850] smp: Bringing up secondary CPUs ...
[    3.634547] Detected VIPT I-cache on CPU1
[    3.634579] GICv3: CPU1: found redistributor 100 region 0:0x00000000fd480000
[    3.634598] GICv3: CPU1: using allocated LPI pending table @0x0000000002a10000
[    3.634649] CPU1: Booted secondary processor 0x0000000100 [0x412fd050]
[    3.635970] Detected VIPT I-cache on CPU2
[    3.635994] GICv3: CPU2: found redistributor 200 region 0:0x00000000fd4a0000
[    3.636010] GICv3: CPU2: using allocated LPI pending table @0x0000000002a20000
[    3.636047] CPU2: Booted secondary processor 0x0000000200 [0x412fd050]
[    3.637302] Detected VIPT I-cache on CPU3
[    3.637323] GICv3: CPU3: found redistributor 300 region 0:0x00000000fd4c0000
[    3.637338] GICv3: CPU3: using allocated LPI pending table @0x0000000002a30000
[    3.637370] CPU3: Booted secondary processor 0x0000000300 [0x412fd050]
[    3.637459] smp: Brought up 1 node, 4 CPUs
[    3.644857] SMP: Total of 4 processors activated.
[    3.645302] CPU features: detected: Privileged Access Never
[    3.645827] CPU features: detected: User Access Override
[    3.646329] CPU features: detected: 32-bit EL0 Support
[    3.646831] CPU features: detected: Common not Private translations
[    3.647423] CPU features: detected: RAS Extension Support
[    3.647932] CPU features: detected: Data cache clean to the PoU not required for I/D coherence
[    3.648741] CPU features: detected: CRC32 instructions
[    3.649226] CPU features: detected: Speculative Store Bypassing Safe (SSBS)
[    3.649881] CPU features: detected: RCpc load-acquire (LDAPR)
[    3.650499] CPU: All CPU(s) started at EL2
[    3.651848] devtmpfs: initialized
[    3.664366] Registered cp15_barrier emulation handler
[    3.664860] Registered setend emulation handler
[    3.665440] clocksource: jiffies: mask: 0xffffffff max_cycles: 0xffffffff, max_idle_ns: 6370867519511994 ns
[    3.666369] futex hash table entries: 1024 (order: 4, 65536 bytes, linear)
[    3.667514] pinctrl core: initialized pinctrl subsystem
[    3.668529] DMI not present or invalid.
[    3.669285] NET: Registered protocol family 16
[    3.671259] DMA: preallocated 128 KiB GFP_KERNEL pool for atomic allocations
[    3.672073] DMA: preallocated 128 KiB GFP_KERNEL|GFP_DMA pool for atomic allocations
[    3.674247] Registered FIQ tty driver
[    3.674904] thermal_sys: Registered thermal governor 'fair_share'
[    3.674909] thermal_sys: Registered thermal governor 'step_wise'
[    3.675514] thermal_sys: Registered thermal governor 'user_space'
[    3.676082] thermal_sys: Registered thermal governor 'power_allocator'
[    3.676877] thermal thermal_zone1: power_allocator: sustainable_power will be estimated
[    3.678300] cpuidle: using governor menu
[    3.678964] hw-breakpoint: found 6 breakpoint and 4 watchpoint registers.
[    3.679724] ASID allocator initialised with 65536 entries
[    3.682093] ramoops: dmesg-0	0x20000@0x0000000000110000
[    3.682638] ramoops: console	0x80000@0x0000000000130000
[    3.683142] ramoops: pmsg	0x50000@0x00000000001b0000
[    3.683946] printk: console [ramoops-1] enabled
[    3.684377] pstore: Registered ramoops as persistent store backend
[    3.684960] ramoops: using 0xf0000@0x110000, ecc: 0
[    3.710258] rockchip-gpio fdd60000.gpio0: probed /pinctrl/gpio0@fdd60000
[    3.711343] rockchip-gpio fe740000.gpio1: probed /pinctrl/gpio1@fe740000
[    3.712382] rockchip-gpio fe750000.gpio2: probed /pinctrl/gpio2@fe750000
[    3.713441] rockchip-gpio fe760000.gpio3: probed /pinctrl/gpio3@fe760000
[    3.714508] rockchip-gpio fe770000.gpio4: probed /pinctrl/gpio4@fe770000
[    3.715208] rockchip-pinctrl pinctrl: probed pinctrl
[    3.750017] fiq_debugger fiq_debugger.0: IRQ fiq not found
[    3.750557] fiq_debugger fiq_debugger.0: IRQ wakeup not found
[    3.751108] fiq_debugger_probe: could not install nmi irq handler
[    3.751768] printk: console [ttyFIQ0] enabled
[    3.752569] printk: bootconsole [uart8250] disabled
[    3.753205] Registered fiq debugger ttyFIQ0
[    3.754214] vcc5v0_host: supplied by vcc5v0_usb
[    3.755484] iommu: Default domain type: Translated 
[    3.758514] vgaarb: loaded
[    3.758845] SCSI subsystem initialized
[    3.759012] usbcore: registered new interface driver usbfs
[    3.759053] usbcore: registered new interface driver hub
[    3.759088] usbcore: registered new device driver usb
[    3.759167] mc: Linux media interface: v0.10
[    3.759192] videodev: Linux video capture interface: v2.00
[    3.759261] pps_core: LinuxPPS API ver. 1 registered
[    3.759270] pps_core: Software ver. 5.3.6 - Copyright 2005-2007 Rodolfo Giometti <giometti@linux.it>
[    3.759286] PTP clock support registered
[    3.759936] arm-scmi firmware:scmi: SCMI Notifications - Core Enabled.
[    3.760003] arm-scmi firmware:scmi: SCMI Protocol v2.0 'rockchip:' Firmware version 0x0
[    3.761625] Advanced Linux Sound Architecture Driver Initialized.
[    3.762015] Bluetooth: Core ver 2.22
[    3.762054] NET: Registered protocol family 31
[    3.762062] Bluetooth: HCI device and connection manager initialized
[    3.762075] Bluetooth: HCI socket layer initialized
[    3.762089] Bluetooth: L2CAP socket layer initialized
[    3.762107] Bluetooth: SCO socket layer initialized
[    3.762570] rockchip-cpuinfo cpuinfo: SoC		: 35663000
[    3.762583] rockchip-cpuinfo cpuinfo: Serial		: 58e4baed16fd40a3
[    3.763299] clocksource: Switched to clocksource arch_sys_counter
[    4.176352] NET: Registered protocol family 2
[    4.176528] IP idents hash table entries: 16384 (order: 5, 131072 bytes, linear)
[    4.177375] tcp_listen_portaddr_hash hash table entries: 512 (order: 1, 8192 bytes, linear)
[    4.177407] TCP established hash table entries: 8192 (order: 4, 65536 bytes, linear)
[    4.177457] TCP bind hash table entries: 8192 (order: 5, 131072 bytes, linear)
[    4.177566] TCP: Hash tables configured (established 8192 bind 8192)
[    4.177682] UDP hash table entries: 512 (order: 2, 16384 bytes, linear)
[    4.177706] UDP-Lite hash table entries: 512 (order: 2, 16384 bytes, linear)
[    4.177847] NET: Registered protocol family 1
[    4.178283] RPC: Registered named UNIX socket transport module.
[    4.178295] RPC: Registered udp transport module.
[    4.178302] RPC: Registered tcp transport module.
[    4.178307] RPC: Registered tcp NFSv4.1 backchannel transport module.
[    4.179177] PCI: CLS 0 bytes, default 64
[    4.181463] rockchip-thermal fe710000.tsadc: tsadc is probed successfully!
[    4.182406] hw perfevents: enabled with armv8_cortex_a55 PMU driver, 7 counters available
[    4.186160] Initialise system trusted keyrings
[    4.186337] workingset: timestamp_bits=62 max_order=18 bucket_order=0
[    4.189828] squashfs: version 4.0 (2009/01/31) Phillip Lougher
[    4.190370] NFS: Registering the id_resolver key type
[    4.190402] Key type id_resolver registered
[    4.190411] Key type id_legacy registered
[    4.190445] ntfs: driver 2.1.32 [Flags: R/O].
[    4.190618] jffs2: version 2.2. (NAND) Â 2001-2006 Red Hat, Inc.
[    4.190867] fuse: init (API version 7.32)
[    4.191129] SGI XFS with security attributes, no debug enabled
[    4.221908] NET: Registered protocol family 38
[    4.221938] Key type asymmetric registered
[    4.221948] Asymmetric key parser 'x509' registered
[    4.221994] Block layer SCSI generic (bsg) driver version 0.4 loaded (major 242)
[    4.222005] io scheduler mq-deadline registered
[    4.222013] io scheduler kyber registered
[    4.230676] pwm-backlight backlight: supply power not found, using dummy regulator
[    4.231281] iep: Module initialized.
[    4.231343] mpp_service mpp-srv: unknown mpp version for missing VCS info
[    4.231353] mpp_service mpp-srv: probe start
[    4.232939] mpp_vdpu2 fdea0400.vdpu: Adding to iommu group 1
[    4.233125] mpp_vdpu2 fdea0400.vdpu: probe device
[    4.233630] mpp_vdpu2 fdea0400.vdpu: probing finish
[    4.234120] mpp_vepu2 fdee0000.vepu: Adding to iommu group 3
[    4.234302] mpp_vepu2 fdee0000.vepu: probing start
[    4.234720] mpp_vepu2 fdee0000.vepu: probing finish
[    4.235211] mpp-iep2 fdef0000.iep: Adding to iommu group 4
[    4.235384] mpp-iep2 fdef0000.iep: probe device
[    4.235635] mpp-iep2 fdef0000.iep: allocate roi buffer failed
[    4.235827] mpp-iep2 fdef0000.iep: probing finish
[    4.236271] mpp_jpgdec fded0000.jpegd: Adding to iommu group 2
[    4.236435] mpp_jpgdec fded0000.jpegd: probe device
[    4.236935] mpp_jpgdec fded0000.jpegd: probing finish
[    4.238011] mpp_service mpp-srv: probe success
[    4.241868] dma-pl330 fe530000.dmac: Loaded driver for PL330 DMAC-241330
[    4.241911] dma-pl330 fe530000.dmac: 	DBUFF-128x8bytes Num_Chans-8 Num_Peri-32 Num_Events-16
[    4.243594] dma-pl330 fe550000.dmac: Loaded driver for PL330 DMAC-241330
[    4.243621] dma-pl330 fe550000.dmac: 	DBUFF-128x8bytes Num_Chans-8 Num_Peri-32 Num_Events-16
[    4.244307] rockchip-pvtm fde00000.pvtm: pvtm@0 probed
[    4.244440] rockchip-pvtm fde80000.pvtm: pvtm@1 probed
[    4.244544] rockchip-pvtm fde90000.pvtm: pvtm@2 probed
[    4.245021] rockchip-system-monitor rockchip-system-monitor: system monitor probe
[    4.245515] arm-scmi firmware:scmi: Failed. SCMI protocol 22 not active.
[    4.245757] Serial: 8250/16550 driver, 10 ports, IRQ sharing disabled
[    4.246513] fe650000.serial: ttyS1 at MMIO 0xfe650000 (irq = 58, base_baud = 1500000) is a 16550A
[    4.248669] random: crng init done
[    4.249095] rockchip-vop2 fe040000.vop: Adding to iommu group 7
[    4.255188] rockchip-vop2 fe040000.vop: [drm:vop2_bind] vp0 assign plane mask: 0x2a, primary plane phy id: 5
[    4.255235] rockchip-vop2 fe040000.vop: [drm:vop2_bind] vp1 assign plane mask: 0x15, primary plane phy id: 4
[    4.255247] rockchip-vop2 fe040000.vop: [drm:vop2_bind] vp2 assign plane mask: 0x0, primary plane phy id: -1
[    4.255372] rockchip-vop2 fe040000.vop: [drm:vop2_bind] Cluster1-win0 as cursor plane for vp0
[    4.255546] [drm] failed to init overlay plane Cluster0-win1
[    4.255556] [drm] failed to init overlay plane Cluster1-win1
[    4.255686] rockchip-drm display-subsystem: bound fe040000.vop (ops 0xffffffc00937fe90)
[    4.255960] dwhdmi-rockchip fe0a0000.hdmi: Detected HDMI TX controller v2.11a with HDCP (DWC HDMI 2.0 TX PHY)
[    4.256487] dwhdmi-rockchip fe0a0000.hdmi: registered DesignWare HDMI I2C bus driver
[    4.256734] dwhdmi-rockchip fe0a0000.hdmi: IRQ index 1 not found
[    4.257070] rockchip-drm display-subsystem: bound fe0a0000.hdmi (ops 0xffffffc00938e9f8)
[    4.257100] dw-mipi-dsi-rockchip fe060000.dsi: failed to find panel or bridge: -517
[    4.260593] panel-simple-dsi fe060000.dsi.0: failed to get power regulator: -517
[    4.261695] cacheinfo: Unable to detect cache hierarchy for CPU 0
[    4.262321] brd: module loaded
[    4.266820] loop: module loaded
[    4.267200] zram: Added device: zram0
[    4.267421] lkdtm: No crash points registered, enable through debugfs
[    4.270346] spi-nand spi4.0: esmt SPI NAND was found.
[    4.270379] spi-nand spi4.0: 128 MiB, block size: 128 KiB, page size: 2048, OOB size: 64
[    4.271863] 5 cmdlinepart partitions found on MTD device spi-nand0
[    4.271881] Creating 5 MTD partitions on "spi-nand0":
[    4.271892] 0x000000200000-0x000000300000 : "vnvm"
[    4.272948] 0x000000300000-0x000000700000 : "uboot"
[    4.273931] 0x000000700000-0x000002d00000 : "boot"
[    4.274954] 0x000002d00000-0x000006d00000 : "rootfs"
[    4.276035] 0x000006d00000-0x000007f60000 : "userdata"
[    4.277669] RTW: module init start
[    4.277697] RTW: rtl8733bu v5.13.0.1-112-g10248f4f3.20230626_COEX20230616-330e
[    4.277706] RTW: build time: Aug 22 2024 11:30:41
[    4.277712] RTW: rtl8733bu BT-Coex version = COEX20230616-330e
[    4.277750] RTW: rtw_inetaddr_notifier_register
[    4.277800] usbcore: registered new interface driver rtl8733bu
[    4.277809] RTW: module init ret=0
[    4.288391] ehci_hcd: USB 2.0 'Enhanced' Host Controller (EHCI) Driver
[    4.288439] ehci-pci: EHCI PCI platform driver
[    4.288519] ehci-platform: EHCI generic platform driver
[    4.288913] phy phy-fe8b0000.usb2-phy.4: illegal mode
[    4.290959] ehci-platform fd800000.usb: EHCI Host Controller
[    4.291132] ehci-platform fd800000.usb: new USB bus registered, assigned bus number 1
[    4.291250] ehci-platform fd800000.usb: irq 19, io mem 0xfd800000
[    4.303319] ehci-platform fd800000.usb: USB 2.0 started, EHCI 1.00
[    4.303499] usb usb1: New USB device found, idVendor=1d6b, idProduct=0002, bcdDevice= 5.10
[    4.303511] usb usb1: New USB device strings: Mfr=3, Product=2, SerialNumber=1
[    4.303519] usb usb1: Product: EHCI Host Controller
[    4.303526] usb usb1: Manufacturer: Linux 5.10.160 ehci_hcd
[    4.303533] usb usb1: SerialNumber: fd800000.usb
[    4.303912] hub 1-0:1.0: USB hub found
[    4.303954] hub 1-0:1.0: 1 port detected
[    4.306590] ehci-platform fd880000.usb: EHCI Host Controller
[    4.306772] ehci-platform fd880000.usb: new USB bus registered, assigned bus number 2
[    4.306880] ehci-platform fd880000.usb: irq 21, io mem 0xfd880000
[    4.319983] ehci-platform fd880000.usb: USB 2.0 started, EHCI 1.00
[    4.320150] usb usb2: New USB device found, idVendor=1d6b, idProduct=0002, bcdDevice= 5.10
[    4.320161] usb usb2: New USB device strings: Mfr=3, Product=2, SerialNumber=1
[    4.320169] usb usb2: Product: EHCI Host Controller
[    4.320176] usb usb2: Manufacturer: Linux 5.10.160 ehci_hcd
[    4.320183] usb usb2: SerialNumber: fd880000.usb
[    4.320529] hub 2-0:1.0: USB hub found
[    4.320569] hub 2-0:1.0: 1 port detected
[    4.321152] ohci_hcd: USB 1.1 'Open' Host Controller (OHCI) Driver
[    4.321176] ohci-pci: OHCI PCI platform driver
[    4.321248] ohci-platform: OHCI generic platform driver
[    4.321534] phy phy-fe8b0000.usb2-phy.4: illegal mode
[    4.321553] ohci-platform fd840000.usb: Generic Platform OHCI controller
[    4.321707] ohci-platform fd840000.usb: new USB bus registered, assigned bus number 3
[    4.321814] ohci-platform fd840000.usb: irq 20, io mem 0xfd840000
[    4.380782] usb usb3: New USB device found, idVendor=1d6b, idProduct=0001, bcdDevice= 5.10
[    4.380801] usb usb3: New USB device strings: Mfr=3, Product=2, SerialNumber=1
[    4.380809] usb usb3: Product: Generic Platform OHCI controller
[    4.380817] usb usb3: Manufacturer: Linux 5.10.160 ohci_hcd
[    4.380824] usb usb3: SerialNumber: fd840000.usb
[    4.381194] hub 3-0:1.0: USB hub found
[    4.381230] hub 3-0:1.0: 1 port detected
[    4.381736] ohci-platform fd8c0000.usb: Generic Platform OHCI controller
[    4.381882] ohci-platform fd8c0000.usb: new USB bus registered, assigned bus number 4
[    4.381988] ohci-platform fd8c0000.usb: irq 22, io mem 0xfd8c0000
[    4.440776] usb usb4: New USB device found, idVendor=1d6b, idProduct=0001, bcdDevice= 5.10
[    4.440795] usb usb4: New USB device strings: Mfr=3, Product=2, SerialNumber=1
[    4.440803] usb usb4: Product: Generic Platform OHCI controller
[    4.440810] usb usb4: Manufacturer: Linux 5.10.160 ohci_hcd
[    4.440817] usb usb4: SerialNumber: fd8c0000.usb
[    4.441167] hub 4-0:1.0: USB hub found
[    4.441203] hub 4-0:1.0: 1 port detected
[    4.442251] xhci-hcd xhci-hcd.0.auto: xHCI Host Controller
[    4.442445] xhci-hcd xhci-hcd.0.auto: new USB bus registered, assigned bus number 5
[    4.442575] xhci-hcd xhci-hcd.0.auto: hcc params 0x0220fe64 hci version 0x110 quirks 0x0000200002010010
[    4.442629] xhci-hcd xhci-hcd.0.auto: irq 71, io mem 0xfd000000
[    4.442863] usb usb5: New USB device found, idVendor=1d6b, idProduct=0002, bcdDevice= 5.10
[    4.442874] usb usb5: New USB device strings: Mfr=3, Product=2, SerialNumber=1
[    4.442882] usb usb5: Product: xHCI Host Controller
[    4.442889] usb usb5: Manufacturer: Linux 5.10.160 xhci-hcd
[    4.442896] usb usb5: SerialNumber: xhci-hcd.0.auto
[    4.443254] hub 5-0:1.0: USB hub found
[    4.443320] hub 5-0:1.0: 1 port detected
[    4.443598] xhci-hcd xhci-hcd.0.auto: xHCI Host Controller
[    4.443768] xhci-hcd xhci-hcd.0.auto: new USB bus registered, assigned bus number 6
[    4.443787] xhci-hcd xhci-hcd.0.auto: Host supports USB 3.0 SuperSpeed
[    4.443849] usb usb6: We don't know the algorithms for LPM for this host, disabling LPM.
[    4.443955] usb usb6: New USB device found, idVendor=1d6b, idProduct=0003, bcdDevice= 5.10
[    4.443965] usb usb6: New USB device strings: Mfr=3, Product=2, SerialNumber=1
[    4.443973] usb usb6: Product: xHCI Host Controller
[    4.443979] usb usb6: Manufacturer: Linux 5.10.160 xhci-hcd
[    4.443986] usb usb6: SerialNumber: xhci-hcd.0.auto
[    4.444344] hub 6-0:1.0: USB hub found
[    4.444378] hub 6-0:1.0: 1 port detected
[    4.444782] usbcore: registered new interface driver cdc_acm
[    4.444792] cdc_acm: USB Abstract Control Model driver for USB modems and ISDN adapters
[    4.445035] usbcore: registered new interface driver uas
[    4.445113] usbcore: registered new interface driver usb-storage
[    4.445206] usbcore: registered new interface driver usbserial_generic
[    4.445231] usbserial: USB Serial support registered for generic
[    4.445277] usbcore: registered new interface driver cp210x
[    4.445299] usbserial: USB Serial support registered for cp210x
[    4.445354] usbcore: registered new interface driver ftdi_sio
[    4.445375] usbserial: USB Serial support registered for FTDI USB Serial Device
[    4.445482] usbcore: registered new interface driver keyspan
[    4.445504] usbserial: USB Serial support registered for Keyspan - (without firmware)
[    4.445525] usbserial: USB Serial support registered for Keyspan 1 port adapter
[    4.445544] usbserial: USB Serial support registered for Keyspan 2 port adapter
[    4.445563] usbserial: USB Serial support registered for Keyspan 4 port adapter
[    4.445606] usbcore: registered new interface driver option
[    4.445628] usbserial: USB Serial support registered for GSM modem (1-port)
[    4.445772] usbcore: registered new interface driver oti6858
[    4.445794] usbserial: USB Serial support registered for oti6858
[    4.445831] usbcore: registered new interface driver pl2303
[    4.445853] usbserial: USB Serial support registered for pl2303
[    4.445895] usbcore: registered new interface driver qcserial
[    4.445920] usbserial: USB Serial support registered for Qualcomm USB modem
[    4.445968] usbcore: registered new interface driver sierra
[    4.445990] usbserial: USB Serial support registered for Sierra USB modem
[    4.447458] input: gpio-keys-polled as /devices/platform/gpio-keys-polled/input/input0
[    4.447805] [Miyoo]miyooio init
[    4.448335] usbcore: registered new interface driver xpad
[    4.448437] usbcore: registered new interface driver usbtouchscreen
[    4.449320] input: hall wake key as /devices/platform/hall-mh248/input/input1
[    4.449473] mh248 hall-mh248: hall_mh248_probe success.
[    4.449885] i2c /dev entries driver
[    4.450930] fan53555-regulator 0-001c: Failed to get chip ID!
[    4.451749] RK860 chip ID:88
[    4.454259] vdd_cpu: supplied by vcc3v8_sys
[    4.462121] rk808 0-0020: chip id: 0x8170
[    4.462167] rk808 0-0020: No cache defaults, reading back from HW
[    4.485833] rk808 0-0020: source: on=0x80, off=0x04
[    4.485860] rk808 0-0020: support dcdc3 fb mode:-22, 1
[    4.485871] rk808 0-0020: support pmic reset mode:0,0
[    4.490913] rk808-regulator rk808-regulator: there is no dvs0 gpio
[    4.490959] rk808-regulator rk808-regulator: there is no dvs1 gpio
[    4.491374] vdd_logic: supplied by vcc3v8_sys
[    4.492348] vdd_gpu: supplied by vcc3v8_sys
[    4.492917] vcc_ddr: supplied by vcc3v8_sys
[    4.493831] vcc_3v3: supplied by vcc3v8_sys
[    4.494415] vcca1v8_pmu: supplied by vcc3v8_sys
[    4.495830] vdda_0v9: supplied by vcc3v8_sys
[    4.496835] vdda0v9_pmu: supplied by vcc3v8_sys
[    4.497911] vccio_acodec: supplied by vcc3v8_sys
[    4.499328] vccio_sd: supplied by vcc3v8_sys
[    4.500407] vcc3v3_pmu: supplied by vcc3v8_sys
[    4.501828] vcc_1v8: supplied by vcc3v8_sys
[    4.502901] vcc1v8_dvp: supplied by vcc3v8_sys
[    4.503995] vcc2v8_dvp: supplied by vcc3v8_sys
[    4.505076] boost: Bringing 4700000uV into 5000000-5000000uV
[    4.505444] boost: supplied by vcc3v8_sys
[    4.506641] otg_switch: supplied by boost
[    4.506898] rk817-battery rk817-battery: DMA mask not set
[    4.507013] rk817-battery rk817-battery: fb_temperature missing!
[    4.507023] rk817-battery rk817-battery: energy_mode missing!
[    4.507032] rk817-battery rk817-battery: zero_reserve_dsoc missing!
[    4.507042] rk817-battery rk817-battery: low_power_sleep missing!
[    4.530532] rk817-bat: initialized yet..
[    4.569985] usb 2-1: new high-speed USB device number 2 using ehci-platform
[    4.577464] thermal thermal_zone2: power_allocator: sustainable_power will be estimated
[    4.577901] rk817-charger rk817-charger: DMA mask not set
[    4.577963] rk817-charger rk817-charger: power_dc2otg missing!
[    4.577974] rk817-charger rk817-charger: sample_res missing!
[    4.577981] rk817-charger rk817-charger: otg5v_suspend_enable missing!
[    4.590596] input: rk805 pwrkey as /devices/platform/fdd40000.i2c/i2c-0/0-0020/rk805-pwrkey/input/input2
[    4.596776] rk808-rtc rk808-rtc: registered as rtc0
[    4.598491] rk808-rtc rk808-rtc: setting system clock to 2026-02-17T01:13:25 UTC (1771290805)
[    4.718006] usbcore: registered new interface driver uvcvideo
[    4.718044] USB Video Class driver (1.1.1)
[    4.718084] usb 2-1: New USB device found, idVendor=0bda, idProduct=b733, bcdDevice= 0.00
